Component: ARM Compiler 5.06 update 6 (build 750) Tool: armlink [4d35ed]

==============================================================================

Section Cross References

    startup_stm32f407xx.o(RESET) refers to startup_stm32f407xx.o(STACK) for __initial_sp
    startup_stm32f407xx.o(RESET) refers to startup_stm32f407xx.o(.text) for Reset_Handler
    startup_stm32f407xx.o(RESET) refers to stm32f4xx_it.o(i.NMI_Handler) for NMI_Handler
    startup_stm32f407xx.o(RESET) refers to stm32f4xx_it.o(i.HardFault_Handler) for HardFault_Handler
    startup_stm32f407xx.o(RESET) refers to stm32f4xx_it.o(i.MemManage_Handler) for MemManage_Handler
    startup_stm32f407xx.o(RESET) refers to stm32f4xx_it.o(i.BusFault_Handler) for BusFault_Handler
    startup_stm32f407xx.o(RESET) refers to stm32f4xx_it.o(i.UsageFault_Handler) for UsageFault_Handler
    startup_stm32f407xx.o(RESET) refers to stm32f4xx_it.o(i.SVC_Handler) for SVC_Handler
    startup_stm32f407xx.o(RESET) refers to stm32f4xx_it.o(i.DebugMon_Handler) for DebugMon_Handler
    startup_stm32f407xx.o(RESET) refers to stm32f4xx_it.o(i.PendSV_Handler) for PendSV_Handler
    startup_stm32f407xx.o(RESET) refers to stm32f4xx_it.o(i.SysTick_Handler) for SysTick_Handler
    startup_stm32f407xx.o(RESET) refers to stm32f4xx_it.o(i.OTG_FS_IRQHandler) for OTG_FS_IRQHandler
    startup_stm32f407xx.o(.text) refers to system_stm32f4xx.o(i.SystemInit) for SystemInit
    startup_stm32f407xx.o(.text) refers to entry.o(.ARM.Collect$$$$00000000) for __main
    main.o(i.MX_GPIO_Init) refers to memseta.o(.text) for __aeabi_memclr4
    main.o(i.MX_GPIO_Init) refers to stm32f4xx_hal_gpio.o(i.HAL_GPIO_WritePin) for HAL_GPIO_WritePin
    main.o(i.MX_GPIO_Init) refers to stm32f4xx_hal_gpio.o(i.HAL_GPIO_Init) for HAL_GPIO_Init
    main.o(i.SystemClock_Config) refers to memseta.o(.text) for __aeabi_memclr4
    main.o(i.SystemClock_Config) refers to stm32f4xx_hal_rcc.o(i.HAL_RCC_OscConfig) for HAL_RCC_OscConfig
    main.o(i.SystemClock_Config) refers to stm32f4xx_hal_rcc.o(i.HAL_RCC_ClockConfig) for HAL_RCC_ClockConfig
    main.o(i.USBH_HID_EventCallback) refers to usbh_hid.o(i.USBH_HID_GetDeviceType) for USBH_HID_GetDeviceType
    main.o(i.USBH_HID_EventCallback) refers to usbh_hid_mouse.o(i.USBH_HID_GetMouseInfo) for USBH_HID_GetMouseInfo
    main.o(i.USBH_HID_EventCallback) refers to printf6.o(i.__0sprintf$6) for __2sprintf
    main.o(i.USBH_HID_EventCallback) refers to stm32f4xx_hal_uart.o(i.HAL_UART_Transmit) for HAL_UART_Transmit
    main.o(i.USBH_HID_EventCallback) refers to usbh_hid_keybd.o(i.USBH_HID_GetKeybdInfo) for USBH_HID_GetKeybdInfo
    main.o(i.USBH_HID_EventCallback) refers to usbh_hid_keybd.o(i.USBH_HID_GetASCIICode) for USBH_HID_GetASCIICode
    main.o(i.USBH_HID_EventCallback) refers to main.o(.bss) for .bss
    main.o(i.main) refers to stm32f4xx_hal.o(i.HAL_Init) for HAL_Init
    main.o(i.main) refers to main.o(i.SystemClock_Config) for SystemClock_Config
    main.o(i.main) refers to main.o(i.MX_GPIO_Init) for MX_GPIO_Init
    main.o(i.main) refers to usb_host.o(i.MX_USB_HOST_Init) for MX_USB_HOST_Init
    main.o(i.main) refers to stm32f4xx_hal_uart.o(i.HAL_UART_Init) for HAL_UART_Init
    main.o(i.main) refers to usb_host.o(i.MX_USB_HOST_Process) for MX_USB_HOST_Process
    main.o(i.main) refers to main.o(.bss) for .bss
    stm32f4xx_it.o(i.OTG_FS_IRQHandler) refers to stm32f4xx_hal_hcd.o(i.HAL_HCD_IRQHandler) for HAL_HCD_IRQHandler
    stm32f4xx_it.o(i.OTG_FS_IRQHandler) refers to usbh_conf.o(.bss) for hhcd_USB_OTG_FS
    stm32f4xx_it.o(i.SysTick_Handler) refers to stm32f4xx_hal.o(i.HAL_IncTick) for HAL_IncTick
    stm32f4xx_hal_msp.o(i.HAL_UART_MspDeInit) refers to stm32f4xx_hal_gpio.o(i.HAL_GPIO_DeInit) for HAL_GPIO_DeInit
    stm32f4xx_hal_msp.o(i.HAL_UART_MspInit) refers to memseta.o(.text) for __aeabi_memclr4
    stm32f4xx_hal_msp.o(i.HAL_UART_MspInit) refers to stm32f4xx_hal_gpio.o(i.HAL_GPIO_Init) for HAL_GPIO_Init
    usb_host.o(i.MX_USB_HOST_Init) refers to usbh_core.o(i.USBH_Init) for USBH_Init
    usb_host.o(i.MX_USB_HOST_Init) refers to main.o(i.Error_Handler) for Error_Handler
    usb_host.o(i.MX_USB_HOST_Init) refers to usbh_core.o(i.USBH_RegisterClass) for USBH_RegisterClass
    usb_host.o(i.MX_USB_HOST_Init) refers to usbh_core.o(i.USBH_Start) for USBH_Start
    usb_host.o(i.MX_USB_HOST_Init) refers to usb_host.o(i.USBH_UserProcess) for USBH_UserProcess
    usb_host.o(i.MX_USB_HOST_Init) refers to usb_host.o(.bss) for .bss
    usb_host.o(i.MX_USB_HOST_Init) refers to usbh_hid.o(.data) for HID_Class
    usb_host.o(i.MX_USB_HOST_Process) refers to usbh_core.o(i.USBH_Process) for USBH_Process
    usb_host.o(i.MX_USB_HOST_Process) refers to usb_host.o(.bss) for .bss
    usb_host.o(i.USBH_UserProcess) refers to usb_host.o(.data) for .data
    usbh_conf.o(i.HAL_HCD_Connect_Callback) refers to usbh_core.o(i.USBH_LL_Connect) for USBH_LL_Connect
[...]
    ..\Drivers\STM32F4xx_HAL_Driver\Src\stm32f4xx_hal_gpio.c 0x00000000   Number         0  stm32f4xx_hal_gpio.o ABSOLUTE
    ..\Drivers\STM32F4xx_HAL_Driver\Src\stm32f4xx_hal_hcd.c 0x00000000   Number         0  stm32f4xx_hal_hcd.o ABSOLUTE
    ..\Drivers\STM32F4xx_HAL_Driver\Src\stm32f4xx_hal_pwr.c 0x00000000   Number         0  stm32f4xx_hal_pwr.o ABSOLUTE
    ..\Drivers\STM32F4xx_HAL_Driver\Src\stm32f4xx_hal_pwr_ex.c 0x00000000   Number         0  stm32f4xx_hal_pwr_ex.o ABSOLUTE
    ..\Drivers\STM32F4xx_HAL_Driver\Src\stm32f4xx_hal_rcc.c 0x00000000   Number         0  stm32f4xx_hal_rcc.o ABSOLUTE
    ..\Drivers\STM32F4xx_HAL_Driver\Src\stm32f4xx_hal_rcc_ex.c 0x00000000   Number         0  stm32f4xx_hal_rcc_ex.o ABSOLUTE
    ..\Drivers\STM32F4xx_HAL_Driver\Src\stm32f4xx_hal_tim.c 0x00000000   Number         0  stm32f4xx_hal_tim.o ABSOLUTE
    ..\Drivers\STM32F4xx_HAL_Driver\Src\stm32f4xx_hal_tim_ex.c 0x00000000   Number         0  stm32f4xx_hal_tim_ex.o ABSOLUTE
    ..\Drivers\STM32F4xx_HAL_Driver\Src\stm32f4xx_hal_uart.c 0x00000000   Number         0  stm32f4xx_hal_uart.o ABSOLUTE
    ..\Drivers\STM32F4xx_HAL_Driver\Src\stm32f4xx_ll_usb.c 0x00000000   Number         0  stm32f4xx_ll_usb.o ABSOLUTE
    ..\Middlewares\ST\STM32_USB_Host_Library\Class\HID\Src\usbh_hid.c 0x00000000   Number         0  usbh_hid.o ABSOLUTE
    ..\Middlewares\ST\STM32_USB_Host_Library\Class\HID\Src\usbh_hid_keybd.c 0x00000000   Number         0  usbh_hid_keybd.o ABSOLUTE
    ..\Middlewares\ST\STM32_USB_Host_Library\Class\HID\Src\usbh_hid_mouse.c 0x00000000   Number         0  usbh_hid_mouse.o ABSOLUTE
    ..\Middlewares\ST\STM32_USB_Host_Library\Class\HID\Src\usbh_hid_parser.c 0x00000000   Number         0  usbh_hid_parser.o ABSOLUTE
    ..\Middlewares\ST\STM32_USB_Host_Library\Core\Src\usbh_core.c 0x00000000   Number         0  usbh_core.o ABSOLUTE
    ..\Middlewares\ST\STM32_USB_Host_Library\Core\Src\usbh_ctlreq.c 0x00000000   Number         0  usbh_ctlreq.o ABSOLUTE
    ..\Middlewares\ST\STM32_USB_Host_Library\Core\Src\usbh_ioreq.c 0x00000000   Number         0  usbh_ioreq.o ABSOLUTE
    ..\Middlewares\ST\STM32_USB_Host_Library\Core\Src\usbh_pipes.c 0x00000000   Number         0  usbh_pipes.o ABSOLUTE
    ..\USB_HOST\App\usb_host.c               0x00000000   Number         0  usb_host.o ABSOLUTE
    ..\USB_HOST\Target\usbh_conf.c           0x00000000   Number         0  usbh_conf.o ABSOLUTE
    ..\USB_HOST\Target\usbh_platform.c       0x00000000   Number         0  usbh_platform.o ABSOLUTE
    cdrcmple.s                               0x00000000   Number         0  cdrcmple.o ABSOLUTE
    dc.s                                     0x00000000   Number         0  dc.o ABSOLUTE
    handlers.s                               0x00000000   Number         0  handlers.o ABSOLUTE
    init.s                                   0x00000000   Number         0  init.o ABSOLUTE
    startup_stm32f407xx.s                    0x00000000   Number         0  startup_stm32f407xx.o ABSOLUTE
    RESET                                    0x08000000   Section      392  startup_stm32f407xx.o(RESET)
    .ARM.Collect$$$$00000000                 0x08000188   Section        0  entry.o(.ARM.Collect$$$$00000000)
    .ARM.Collect$$$$00000001                 0x08000188   Section        4  entry2.o(.ARM.Collect$$$$00000001)
    .ARM.Collect$$$$00000004                 0x0800018c   Section        4  entry5.o(.ARM.Collect$$$$00000004)
    .ARM.Collect$$$$00000008                 0x08000190   Section        0  entry7b.o(.ARM.Collect$$$$00000008)
    .ARM.Collect$$$$0000000A                 0x08000190   Section        0  entry8b.o(.ARM.Collect$$$$0000000A)
    .ARM.Collect$$$$0000000B                 0x08000190   Section        8  entry9a.o(.ARM.Collect$$$$0000000B)
    .ARM.Collect$$$$0000000D                 0x08000198   Section        0  entry10a.o(.ARM.Collect$$$$0000000D)
    .ARM.Collect$$$$0000000F                 0x08000198   Section        0  entry11a.o(.ARM.Collect$$$$0000000F)
    .ARM.Collect$$$$00002712                 0x08000198   Section        4  entry2.o(.ARM.Collect$$$$00002712)
    __lit__00000000                          0x08000198   Data           4  entry2.o(.ARM.Collect$$$$00002712)
    .text                                    0x0800019c   Section       36  startup_stm32f407xx.o(.text)
    $v0                                      0x0800019c   Number         0  startup_stm32f407xx.o(.text)
    .text                                    0x080001c0   Section        0  uldiv.o(.text)
    .text                                    0x08000222   Section        0  memcpya.o(.text)
    .text                                    0x08000246   Section        0  memseta.o(.text)
    .text                                    0x0800026a   Section        0  uidiv.o(.text)
    .text                                    0x08000296   Section        0  llshl.o(.text)
    .text                                    0x080002b4   Section        0  llushr.o(.text)
    .text                                    0x080002d4   Section       36  init.o(.text)
    i.BusFault_Handler                       0x080002f8   Section        0  stm32f4xx_it.o(i.BusFault_Handler)
    i.DeInitStateMachine                     0x080002fc   Section        0  usbh_core.o(i.DeInitStateMachine)
    DeInitStateMachine                       0x080002fd   Thumb Code    80  usbh_core.o(i.DeInitStateMachine)
    i.DebugMon_Handler                       0x0800034c   Section        0  stm32f4xx_it.o(i.DebugMon_Handler)
    i.Error_Handler                          0x0800034e   Section        0  main.o(i.Error_Handler)
    i.HAL_Delay                              0x08000354   Section        0  stm32f4xx_hal.o(i.HAL_Delay)
    i.HAL_GPIO_Init                          0x08000378   Section        0  stm32f4xx_hal_gpio.o(i.HAL_GPIO_Init)
    i.HAL_GPIO_WritePin                      0x08000530   Section        0  stm32f4xx_hal_gpio.o(i.HAL_GPIO_WritePin)
    i.HAL_GetTick                            0x0800053c   Section        0  stm32f4xx_hal.o(i.HAL_GetTick)
    i.HAL_HCD_Connect_Callback               0x08000548   Section        0  usbh_conf.o(i.HAL_HCD_Connect_Callback)
    i.HAL_HCD_Disconnect_Callback            0x08000550   Section        0  usbh_conf.o(i.HAL_HCD_Disconnect_Callback)
    i.HAL_HCD_GetCurrentFrame                0x08000558   Section        0  stm32f4xx_hal_hcd.o(i.HAL_HCD_GetCurrentFrame)
    i.HAL_HCD_GetCurrentSpeed                0x0800055e   Section        0  stm32f4xx_hal_hcd.o(i.HAL_HCD_GetCurrentSpeed)
    i.HAL_HCD_HC_GetURBState                 0x08000564   Section        0  stm32f4xx_hal_hcd.o(i.HAL_HCD_HC_GetURBState)
    i.HAL_HCD_HC_GetXferCount                0x08000572   Section        0  stm32f4xx_hal_hcd.o(i.HAL_HCD_HC_GetXferCount)
    i.HAL_HCD_HC_Halt                        0x0800057e   Section        0  stm32f4xx_hal_hcd.o(i.HAL_HCD_HC_Halt)
    i.HAL_HCD_HC_Init                        0x080005a2   Section        0  stm32f4xx_hal_hcd.o(i.HAL_HCD_HC_Init)
    i.HAL_HCD_HC_NotifyURBChange_Callback    0x08000614   Section        0  usbh_conf.o(i.HAL_HCD_HC_NotifyURBChange_Callback)
    i.HAL_HCD_HC_SubmitRequest               0x08000616   Section        0  stm32f4xx_hal_hcd.o(i.HAL_HCD_HC_SubmitRequest)
    i.HAL_HCD_IRQHandler                     0x080006ac   Section        0  stm32f4xx_hal_hcd.o(i.HAL_HCD_IRQHandler)
    i.HAL_HCD_Init                           0x080007dc   Section        0  stm32f4xx_hal_hcd.o(i.HAL_HCD_Init)
    i.HAL_HCD_MspInit                        0x08000850   Section        0  usbh_conf.o(i.HAL_HCD_MspInit)
    i.HAL_HCD_PortDisabled_Callback          0x080008e8   Section        0  usbh_conf.o(i.HAL_HCD_PortDisabled_Callback)
    i.HAL_HCD_PortEnabled_Callback           0x080008f0   Section        0  usbh_conf.o(i.HAL_HCD_PortEnabled_Callback)
    i.HAL_HCD_ResetPort                      0x080008f8   Section        0  stm32f4xx_hal_hcd.o(i.HAL_HCD_ResetPort)
    i.HAL_HCD_SOF_Callback                   0x080008fe   Section        0  usbh_conf.o(i.HAL_HCD_SOF_Callback)
    i.HAL_HCD_Start                          0x08000906   Section        0  stm32f4xx_hal_hcd.o(i.HAL_HCD_Start)
    i.HAL_HCD_Stop                           0x08000932   Section        0  stm32f4xx_hal_hcd.o(i.HAL_HCD_Stop)
    i.HAL_IncTick                            0x08000958   Section        0  stm32f4xx_hal.o(i.HAL_IncTick)
    i.HAL_Init                               0x08000968   Section        0  stm32f4xx_hal.o(i.HAL_Init)
    i.HAL_InitTick                           0x0800099c   Section        0  stm32f4xx_hal.o(i.HAL_InitTick)
    i.HAL_MspInit                            0x080009dc   Section        0  stm32f4xx_hal_msp.o(i.HAL_MspInit)
    i.HAL_NVIC_EnableIRQ                     0x08000a0c   Section        0  stm32f4xx_hal_cortex.o(i.HAL_NVIC_EnableIRQ)
    i.HAL_NVIC_SetPriority                   0x08000a28   Section        0  stm32f4xx_hal_cortex.o(i.HAL_NVIC_SetPriority)
    i.HAL_NVIC_SetPriorityGrouping           0x08000a68   Section        0  stm32f4xx_hal_cortex.o(i.HAL_NVIC_SetPriorityGrouping)
    i.HAL_RCC_ClockConfig                    0x08000a8c   Section        0  stm32f4xx_hal_rcc.o(i.HAL_RCC_ClockConfig)
    i.HAL_RCC_GetPCLK1Freq                   0x08000bc0   Section        0  stm32f4xx_hal_rcc.o(i.HAL_RCC_GetPCLK1Freq)
    i.HAL_RCC_GetPCLK2Freq                   0x08000be0   Section        0  stm32f4xx_hal_rcc.o(i.HAL_RCC_GetPCLK2Freq)
    i.HAL_RCC_GetSysClockFreq                0x08000c00   Section        0  stm32f4xx_hal_rcc.o(i.HAL_RCC_GetSysClockFreq)
    i.HAL_RCC_OscConfig                      0x08000c60   Section        0  stm32f4xx_hal_rcc.o(i.HAL_RCC_OscConfig)
    i.HAL_SYSTICK_Config                     0x08000fbc   Section        0  stm32f4xx_hal_cortex.o(i.HAL_SYSTICK_Config)
    i.HAL_UART_Init                          0x08000fe4   Section        0  stm32f4xx_hal_uart.o(i.HAL_UART_Init)
    i.HAL_UART_MspInit                       0x08001048   Section        0  stm32f4xx_hal_msp.o(i.HAL_UART_MspInit)
    i.HAL_UART_Transmit                      0x080010b4   Section        0  stm32f4xx_hal_uart.o(i.HAL_UART_Transmit)
    i.HCD_HC_IN_IRQHandler                   0x08001170   Section        0  stm32f4xx_hal_hcd.o(i.HCD_HC_IN_IRQHandler)
    HCD_HC_IN_IRQHandler                     0x08001171   Thumb Code   632  stm32f4xx_hal_hcd.o(i.HCD_HC_IN_IRQHandler)
    i.HCD_HC_OUT_IRQHandler                  0x080013e8   Section        0  stm32f4xx_hal_hcd.o(i.HCD_HC_OUT_IRQHandler)
    HCD_HC_OUT_IRQHandler                    0x080013e9   Thumb Code   580  stm32f4xx_hal_hcd.o(i.HCD_HC_OUT_IRQHandler)
    i.HCD_Port_IRQHandler                    0x0800162c   Section        0  stm32f4xx_hal_hcd.o(i.HCD_Port_IRQHandler)
    HCD_Port_IRQHandler                      0x0800162d   Thumb Code   148  stm32f4xx_hal_hcd.o(i.HCD_Port_IRQHandler)
    i.HCD_RXQLVL_IRQHandler                  0x080016c0   Section        0  stm32f4xx_hal_hcd.o(i.HCD_RXQLVL_IRQHandler)
    HCD_RXQLVL_IRQHandler                    0x080016c1   Thumb Code   108  stm32f4xx_hal_hcd.o(i.HCD_RXQLVL_IRQHandler)
    i.HID_ReadItem                           0x08001730   Section        0  usbh_hid_parser.o(i.HID_ReadItem)
    i.HardFault_Handler                      0x080017b2   Section        0  stm32f4xx_it.o(i.HardFault_Handler)
    i.MX_DriverVbusFS                        0x080017b4   Section        0  usbh_platform.o(i.MX_DriverVbusFS)
    i.MX_GPIO_Init                           0x080017c8   Section        0  main.o(i.MX_GPIO_Init)
    MX_GPIO_Init                             0x080017c9   Thumb Code   114  main.o(i.MX_GPIO_Init)
    i.MX_USB_HOST_Init                       0x08001844   Section        0  usb_host.o(i.MX_USB_HOST_Init)
    i.MX_USB_HOST_Process                    0x08001884   Section        0  usb_host.o(i.MX_USB_HOST_Process)
    i.MemManage_Handler                      0x08001890   Section        0  stm32f4xx_it.o(i.MemManage_Handler)
    i.NMI_Handler                            0x08001892   Section        0  stm32f4xx_it.o(i.NMI_Handler)
    i.OTG_FS_IRQHandler                      0x08001894   Section        0  stm32f4xx_it.o(i.OTG_FS_IRQHandler)
    i.PendSV_Handler                         0x080018a0   Section        0  stm32f4xx_it.o(i.PendSV_Handler)
    i.SVC_Handler                            0x080018a2   Section        0  stm32f4xx_it.o(i.SVC_Handler)
    i.SysTick_Handler                        0x080018a4   Section        0  stm32f4xx_it.o(i.SysTick_Handler)
    i.SystemClock_Config                     0x080018a8   Section        0  main.o(i.SystemClock_Config)
    i.SystemInit                             0x0800193c   Section        0  system_stm32f4xx.o(i.SystemInit)
    i.UART_SetConfig                         0x08001958   Section        0  stm32f4xx_hal_uart.o(i.UART_SetConfig)
    UART_SetConfig                           0x08001959   Thumb Code   286  stm32f4xx_hal_uart.o(i.UART_SetConfig)
    i.UART_WaitOnFlagUntilTimeout            0x08001a80   Section        0  stm32f4xx_hal_uart.o(i.UART_WaitOnFlagUntilTimeout)
    UART_WaitOnFlagUntilTimeout              0x08001a81   Thumb Code   100  stm32f4xx_hal_uart.o(i.UART_WaitOnFlagUntilTimeout)
    i.USBH_AllocPipe                         0x08001ae4   Section        0  usbh_pipes.o(i.USBH_AllocPipe)
    i.USBH_ClosePipe                         0x08001b1c   Section        0  usbh_pipes.o(i.USBH_ClosePipe)
    i.USBH_ClrFeature                        0x08001b26   Section        0  usbh_ctlreq.o(i.USBH_ClrFeature)
    i.USBH_CtlReceiveData                    0x08001b44   Section        0  usbh_ioreq.o(i.USBH_CtlReceiveData)
    i.USBH_CtlReq                            0x08001b62   Section        0  usbh_ctlreq.o(i.USBH_CtlReq)
    i.USBH_CtlSendData                       0x08001b9c   Section        0  usbh_ioreq.o(i.USBH_CtlSendData)
    i.USBH_CtlSendSetup                      0x08001bc4   Section        0  usbh_ioreq.o(i.USBH_CtlSendSetup)
    i.USBH_Delay                             0x08001be2   Section        0  usbh_conf.o(i.USBH_Delay)
    i.USBH_FindInterface                     0x08001be8   Section        0  usbh_core.o(i.USBH_FindInterface)
    i.USBH_FreePipe                          0x08001c2c   Section        0  usbh_pipes.o(i.USBH_FreePipe)
    i.USBH_GetDescriptor                     0x08001c44   Section        0  usbh_ctlreq.o(i.USBH_GetDescriptor)
    i.USBH_GetNextDesc                       0x08001c78   Section        0  usbh_ctlreq.o(i.USBH_GetNextDesc)
    i.USBH_Get_CfgDesc                       0x08001c86   Section        0  usbh_ctlreq.o(i.USBH_Get_CfgDesc)
    i.USBH_Get_DevDesc                       0x08001cb2   Section        0  usbh_ctlreq.o(i.USBH_Get_DevDesc)
    i.USBH_Get_StringDesc                    0x08001d42   Section        0  usbh_ctlreq.o(i.USBH_Get_StringDesc)
    i.USBH_Get_USB_Status                    0x08001d8a   Section        0  usbh_conf.o(i.USBH_Get_USB_Status)
    i.USBH_HID_ClassRequest                  0x08001da2   Section        0  usbh_hid.o(i.USBH_HID_ClassRequest)
    USBH_HID_ClassRequest                    0x08001da3   Thumb Code   190  usbh_hid.o(i.USBH_HID_ClassRequest)
    i.USBH_HID_EventCallback                 0x08001e60   Section        0  main.o(i.USBH_HID_EventCallback)
    i.USBH_HID_FifoInit                      0x08001f14   Section        0  usbh_hid.o(i.USBH_HID_FifoInit)
    i.USBH_HID_FifoRead                      0x08001f22   Section        0  usbh_hid.o(i.USBH_HID_FifoRead)
    i.USBH_HID_FifoWrite                     0x08001f66   Section        0  usbh_hid.o(i.USBH_HID_FifoWrite)
    i.USBH_HID_GetASCIICode                  0x08001fb8   Section        0  usbh_hid_keybd.o(i.USBH_HID_GetASCIICode)
    i.USBH_HID_GetDeviceType                 0x08001fdc   Section        0  usbh_hid.o(i.USBH_HID_GetDeviceType)
    i.USBH_HID_GetHIDReportDescriptor        0x0800200a   Section        0  usbh_hid.o(i.USBH_HID_GetHIDReportDescriptor)
    i.USBH_HID_GetKeybdInfo                  0x08002020   Section        0  usbh_hid_keybd.o(i.USBH_HID_GetKeybdInfo)
    i.USBH_HID_GetMouseInfo                  0x08002034   Section        0  usbh_hid_mouse.o(i.USBH_HID_GetMouseInfo)
    i.USBH_HID_GetReport                     0x08002048   Section        0  usbh_hid.o(i.USBH_HID_GetReport)
    i.USBH_HID_InterfaceDeInit               0x0800206a   Section        0  usbh_hid.o(i.USBH_HID_InterfaceDeInit)
    USBH_HID_InterfaceDeInit                 0x0800206b   Thumb Code    74  usbh_hid.o(i.USBH_HID_InterfaceDeInit)
    i.USBH_HID_InterfaceInit                 0x080020b4   Section        0  usbh_hid.o(i.USBH_HID_InterfaceInit)
    USBH_HID_InterfaceInit                   0x080020b5   Thumb Code   274  usbh_hid.o(i.USBH_HID_InterfaceInit)
    i.USBH_HID_KeybdDecode                   0x080021d0   Section        0  usbh_hid_keybd.o(i.USBH_HID_KeybdDecode)
    USBH_HID_KeybdDecode                     0x080021d1   Thumb Code   158  usbh_hid_keybd.o(i.USBH_HID_KeybdDecode)
    i.USBH_HID_KeybdInit                     0x08002280   Section        0  usbh_hid_keybd.o(i.USBH_HID_KeybdInit)
    i.USBH_HID_MouseDecode                   0x080022dc   Section        0  usbh_hid_mouse.o(i.USBH_HID_MouseDecode)
    USBH_HID_MouseDecode                     0x080022dd   Thumb Code    98  usbh_hid_mouse.o(i.USBH_HID_MouseDecode)
    i.USBH_HID_MouseInit                     0x08002348   Section        0  usbh_hid_mouse.o(i.USBH_HID_MouseInit)
    i.USBH_HID_Process                       0x0800239c   Section        0  usbh_hid.o(i.USBH_HID_Process)
    USBH_HID_Process                         0x0800239d   Thumb Code   224  usbh_hid.o(i.USBH_HID_Process)
    i.USBH_HID_SOFProcess                    0x0800247c   Section        0  usbh_hid.o(i.USBH_HID_SOFProcess)
    USBH_HID_SOFProcess                      0x0800247d   Thumb Code    34  usbh_hid.o(i.USBH_HID_SOFProcess)
    i.USBH_HID_SetIdle                       0x0800249e   Section        0  usbh_hid.o(i.USBH_HID_SetIdle)
    i.USBH_HID_SetProtocol                   0x080024b8   Section        0  usbh_hid.o(i.USBH_HID_SetProtocol)
    i.USBH_HandleControl                     0x080024d8   Section        0  usbh_ctlreq.o(i.USBH_HandleControl)
    USBH_HandleControl                       0x080024d9   Thumb Code   402  usbh_ctlreq.o(i.USBH_HandleControl)
    i.USBH_HandleEnum                        0x0800266c   Section        0  usbh_core.o(i.USBH_HandleEnum)
    USBH_HandleEnum                          0x0800266d   Thumb Code   362  usbh_core.o(i.USBH_HandleEnum)
    i.USBH_Init                              0x080027d6   Section        0  usbh_core.o(i.USBH_Init)
    i.USBH_InterruptReceiveData              0x08002814   Section        0  usbh_ioreq.o(i.USBH_InterruptReceiveData)
    i.USBH_LL_ClosePipe                      0x08002834   Section        0  usbh_conf.o(i.USBH_LL_ClosePipe)
    i.USBH_LL_Connect                        0x08002846   Section        0  usbh_core.o(i.USBH_LL_Connect)
    i.USBH_LL_Disconnect                     0x0800285a   Section        0  usbh_core.o(i.USBH_LL_Disconnect)
    i.USBH_LL_DriverVBUS                     0x08002888   Section        0  usbh_conf.o(i.USBH_LL_DriverVBUS)
    i.USBH_LL_GetLastXferSize                0x080028a2   Section        0  usbh_conf.o(i.USBH_LL_GetLastXferSize)
    i.USBH_LL_GetSpeed                       0x080028aa   Section        0  usbh_conf.o(i.USBH_LL_GetSpeed)
    i.USBH_LL_GetURBState                    0x080028cc   Section        0  usbh_conf.o(i.USBH_LL_GetURBState)
    i.USBH_LL_IncTimer                       0x080028d4   Section        0  usbh_core.o(i.USBH_LL_IncTimer)
    i.USBH_LL_Init                           0x080028f4   Section        0  usbh_conf.o(i.USBH_LL_Init)
    i.USBH_LL_OpenPipe                       0x08002944   Section        0  usbh_conf.o(i.USBH_LL_OpenPipe)
    i.USBH_LL_PortDisabled                   0x08002960   Section        0  usbh_core.o(i.USBH_LL_PortDisabled)
    i.USBH_LL_PortEnabled                    0x08002968   Section        0  usbh_core.o(i.USBH_LL_PortEnabled)
    i.USBH_LL_ResetPort                      0x08002970   Section        0  usbh_conf.o(i.USBH_LL_ResetPort)
    i.USBH_LL_SetTimer                       0x08002982   Section        0  usbh_core.o(i.USBH_LL_SetTimer)
    i.USBH_LL_SetToggle                      0x08002988   Section        0  usbh_conf.o(i.USBH_LL_SetToggle)
    i.USBH_LL_Start                          0x080029a8   Section        0  usbh_conf.o(i.USBH_LL_Start)
    i.USBH_LL_Stop                           0x080029ba   Section        0  usbh_conf.o(i.USBH_LL_Stop)
    i.USBH_LL_SubmitURB                      0x080029cc   Section        0  usbh_conf.o(i.USBH_LL_SubmitURB)
    i.USBH_OpenPipe                          0x080029ee   Section        0  usbh_pipes.o(i.USBH_OpenPipe)
    i.USBH_ParseCfgDesc                      0x08002a02   Section        0  usbh_ctlreq.o(i.USBH_ParseCfgDesc)
    USBH_ParseCfgDesc                        0x08002a03   Thumb Code   220  usbh_ctlreq.o(i.USBH_ParseCfgDesc)
    i.USBH_Process                           0x08002ae0   Section        0  usbh_core.o(i.USBH_Process)
    i.USBH_RegisterClass                     0x08002d08   Section        0  usbh_core.o(i.USBH_RegisterClass)
    i.USBH_SelectInterface                   0x08002d24   Section        0  usbh_core.o(i.USBH_SelectInterface)
    i.USBH_SetAddress                        0x08002d3a   Section        0  usbh_ctlreq.o(i.USBH_SetAddress)
    i.USBH_SetCfg                            0x08002d56   Section        0  usbh_ctlreq.o(i.USBH_SetCfg)
    i.USBH_SetFeature                        0x08002d72   Section        0  usbh_ctlreq.o(i.USBH_SetFeature)
    i.USBH_Start                             0x08002d8e   Section        0  usbh_core.o(i.USBH_Start)
    i.USBH_UserProcess                       0x08002da4   Section        0  usb_host.o(i.USBH_UserProcess)
    USBH_UserProcess                         0x08002da5   Thumb Code    28  usb_host.o(i.USBH_UserProcess)
    i.USB_CoreInit                           0x08002dc4   Section        0  stm32f4xx_ll_usb.o(i.USB_CoreInit)
    i.USB_CoreReset                          0x08002e38   Section        0  stm32f4xx_ll_usb.o(i.USB_CoreReset)
    USB_CoreReset                            0x08002e39   Thumb Code    50  stm32f4xx_ll_usb.o(i.USB_CoreReset)
    i.USB_DisableGlobalInt                   0x08002e70   Section        0  stm32f4xx_ll_usb.o(i.USB_DisableGlobalInt)
    i.USB_DoPing                             0x08002e7c   Section        0  stm32f4xx_ll_usb.o(i.USB_DoPing)
    i.USB_DriveVbus                          0x08002ea0   Section        0  stm32f4xx_ll_usb.o(i.USB_DriveVbus)
    i.USB_EnableGlobalInt                    0x08002ecc   Section        0  stm32f4xx_ll_usb.o(i.USB_EnableGlobalInt)
    i.USB_FlushRxFifo                        0x08002ed8   Section        0  stm32f4xx_ll_usb.o(i.USB_FlushRxFifo)
    i.USB_FlushTxFifo                        0x08002ef8   Section        0  stm32f4xx_ll_usb.o(i.USB_FlushTxFifo)
    i.USB_GetCurrentFrame                    0x08002f1c   Section        0  stm32f4xx_ll_usb.o(i.USB_GetCurrentFrame)
    i.USB_GetHostSpeed                       0x08002f24   Section        0  stm32f4xx_ll_usb.o(i.USB_GetHostSpeed)
    i.USB_GetMode                            0x08002f32   Section        0  stm32f4xx_ll_usb.o(i.USB_GetMode)
    i.USB_HC_Halt                            0x08002f3a   Section        0  stm32f4xx_ll_usb.o(i.USB_HC_Halt)
    i.USB_HC_Init                            0x08002ffc   Section        0  stm32f4xx_ll_usb.o(i.USB_HC_Init)
    i.USB_HC_ReadInterrupt                   0x080030ec   Section        0  stm32f4xx_ll_usb.o(i.USB_HC_ReadInterrupt)
    i.USB_HC_StartXfer                       0x080030f4   Section        0  stm32f4xx_ll_usb.o(i.USB_HC_StartXfer)
    i.USB_HostInit                           0x08003244   Section        0  stm32f4xx_ll_usb.o(i.USB_HostInit)
    i.USB_InitFSLSPClkSel                    0x0800331c   Section        0  stm32f4xx_ll_usb.o(i.USB_InitFSLSPClkSel)
    i.USB_ReadInterrupts                     0x08003352   Section        0  stm32f4xx_ll_usb.o(i.USB_ReadInterrupts)
    i.USB_ReadPacket                         0x0800335a   Section        0  stm32f4xx_ll_usb.o(i.USB_ReadPacket)
    i.USB_ResetPort                          0x08003376   Section        0  stm32f4xx_ll_usb.o(i.USB_ResetPort)
    i.USB_SetCurrentMode                     0x080033a8   Section        0  stm32f4xx_ll_usb.o(i.USB_SetCurrentMode)
    i.USB_StopHost                           0x080033d8   Section        0  stm32f4xx_ll_usb.o(i.USB_StopHost)
    i.USB_WritePacket                        0x08003456   Section        0  stm32f4xx_ll_usb.o(i.USB_WritePacket)
    i.UsageFault_Handler                     0x0800347a   Section        0  stm32f4xx_it.o(i.UsageFault_Handler)
    i.__0sprintf$6                           0x0800347c   Section        0  printf6.o(i.__0sprintf$6)
    i.__NVIC_SetPriority                     0x080034a4   Section        0  stm32f4xx_hal_cortex.o(i.__NVIC_SetPriority)
    __NVIC_SetPriority                       0x080034a5   Thumb Code    32  stm32f4xx_hal_cortex.o(i.__NVIC_SetPriority)
    i.__scatterload_copy                     0x080034c4   Section       14  handlers.o(i.__scatterload_copy)
    i.__scatterload_null                     0x080034d2   Section        2  handlers.o(i.__scatterload_null)
    i.__scatterload_zeroinit                 0x080034d4   Section       14  handlers.o(i.__scatterload_zeroinit)
    i._printf_core                           0x080034e4   Section        0  printf6.o(i._printf_core)
    _printf_core                             0x080034e5   Thumb Code   748  printf6.o(i._printf_core)
    i._printf_post_padding                   0x080037d4   Section        0  printf6.o(i._printf_post_padding)
    _printf_post_padding                     0x080037d5   Thumb Code    36  printf6.o(i._printf_post_padding)
    i._printf_pre_padding                    0x080037f8   Section        0  printf6.o(i._printf_pre_padding)
    _printf_pre_padding                      0x080037f9   Thumb Code    46  printf6.o(i._printf_pre_padding)
    i._sputc                                 0x08003826   Section        0  printf6.o(i._sputc)
    _sputc                                   0x08003827   Thumb Code    10  printf6.o(i._sputc)
    i.free                                   0x08003830   Section        0  malloc.o(i.free)
    i.main                                   0x08003880   Section        0  main.o(i.main)
    i.malloc                                 0x080038c4   Section        0  malloc.o(i.malloc)
    .constdata                               0x08003930   Section       16  system_stm32f4xx.o(.constdata)
    .constdata                               0x08003940   Section        8  system_stm32f4xx.o(.constdata)
    .constdata                               0x08003948   Section      780  usbh_hid_keybd.o(.constdata)
    imp_0_lctrl                              0x08003948   Data          32  usbh_hid_keybd.o(.constdata)
    imp_0_lshift                             0x08003968   Data          32  usbh_hid_keybd.o(.constdata)
    imp_0_lalt                               0x08003988   Data          32  usbh_hid_keybd.o(.constdata)
    imp_0_lgui                               0x080039a8   Data          32  usbh_hid_keybd.o(.constdata)
    imp_0_rctrl                              0x080039c8   Data          32  usbh_hid_keybd.o(.constdata)
    imp_0_rshift                             0x080039e8   Data          32  usbh_hid_keybd.o(.constdata)
    imp_0_ralt                               0x08003a08   Data          32  usbh_hid_keybd.o(.constdata)
    imp_0_rgui                               0x08003a28   Data          32  usbh_hid_keybd.o(.constdata)
    imp_0_key_array                          0x08003a48   Data          32  usbh_hid_keybd.o(.constdata)
    HID_KEYBRD_Key                           0x08003a68   Data         130  usbh_hid_keybd.o(.constdata)
    HID_KEYBRD_ShiftKey                      0x08003aea   Data         130  usbh_hid_keybd.o(.constdata)
    HID_KEYBRD_Codes                         0x08003b6c   Data         232  usbh_hid_keybd.o(.constdata)
    .constdata                               0x08003c54   Section      160  usbh_hid_mouse.o(.constdata)
    prop_b1                                  0x08003c54   Data          32  usbh_hid_mouse.o(.constdata)
    prop_b2                                  0x08003c74   Data          32  usbh_hid_mouse.o(.constdata)
    prop_b3                                  0x08003c94   Data          32  usbh_hid_mouse.o(.constdata)
    prop_x                                   0x08003cb4   Data          32  usbh_hid_mouse.o(.constdata)
    prop_y                                   0x08003cd4   Data          32  usbh_hid_mouse.o(.constdata)
    .conststring                             0x08003cf4   Section        4  usbh_hid.o(.conststring)
    .data                                    0x20000000   Section        1  usb_host.o(.data)
    .data                                    0x20000004   Section        4  stm32f4xx_ll_usb.o(.data)
    tmpreg                                   0x20000004   Data           4  stm32f4xx_ll_usb.o(.data)
    .data                                    0x20000008   Section       12  stm32f4xx_hal.o(.data)
    .data                                    0x20000014   Section        4  system_stm32f4xx.o(.data)
    .data                                    0x20000018   Section       32  usbh_hid.o(.data)
    .data                                    0x20000038   Section       16  usbh_hid_keybd.o(.data)
    .data                                    0x20000048   Section       24  usbh_hid_mouse.o(.data)
    .data                                    0x20000060   Section        4  mvars.o(.data)
    .data                                    0x20000064   Section        4  mvars.o(.data)
    .bss                                     0x20000068   Section      164  main.o(.bss)
    .bss                                     0x2000010c   Section      984  usb_host.o(.bss)
    .bss                                     0x200004e4   Section      708  usbh_conf.o(.bss)
    .bss                                     0x200007a8   Section       15  usbh_hid_keybd.o(.bss)
    HEAP                                     0x200007b8   Section      512  startup_stm32f407xx.o(HEAP)
    STACK                                    0x200009b8   Section     1024  startup_stm32f407xx.o(STACK)

    Global Symbols

    Symbol Name                              Value     Ov Type        Size  Object(Section)

    BuildAttributes$$THM_ISAv4$E$P$D$K$B$S$7EM$VFPi3$EXTD16$VFPS$VFMA$PE$A:L22UL41UL21$X:L11$S22US41US21$IEEE1$IW$USESV6$~STKCKD$USESV7$~SHL$OSPACE$ROPI$EBA8$MICROLIB$REQ8$PRES8$EABIv2 0x00000000   Number         0  anon$$obj.o ABSOLUTE
    __ARM_use_no_argv                        0x00000000   Number         0  main.o ABSOLUTE
    _printf_a                                0x00000000   Number         0  stubs.o ABSOLUTE
    _printf_c                                0x00000000   Number         0  stubs.o ABSOLUTE
    _printf_charcount                        0x00000000   Number         0  stubs.o ABSOLUTE
    _printf_d                                0x00000000   Number         0  stubs.o ABSOLUTE
    _printf_e                                0x00000000   Number         0  stubs.o ABSOLUTE
    _printf_f                                0x00000000   Number         0  stubs.o ABSOLUTE
    _printf_flags                            0x00000000   Number         0  stubs.o ABSOLUTE
    _printf_fp_dec                           0x00000000   Number         0  stubs.o ABSOLUTE
    _printf_fp_hex                           0x00000000   Number         0  stubs.o ABSOLUTE
    _printf_g                                0x00000000   Number         0  stubs.o ABSOLUTE
    _printf_i                                0x00000000   Number         0  stubs.o ABSOLUTE
    _printf_int_dec                          0x00000000   Number         0  stubs.o ABSOLUTE
    _printf_l                                0x00000000   Number         0  stubs.o ABSOLUTE
    _printf_lc                               0x00000000   Number         0  stubs.o ABSOLUTE
    _printf_ll                               0x00000000   Number         0  stubs.o ABSOLUTE
    _printf_lld                              0x00000000   Number         0  stubs.o ABSOLUTE
    _printf_lli                              0x00000000   Number         0  stubs.o ABSOLUTE
    _printf_llo                              0x00000000   Number         0  stubs.o ABSOLUTE
    _printf_llu                              0x00000000   Number         0  stubs.o ABSOLUTE
    _printf_llx                              0x00000000   Number         0  stubs.o ABSOLUTE
    _printf_longlong_dec                     0x00000000   Number         0  stubs.o ABSOLUTE
    _printf_longlong_hex                     0x00000000   Number         0  stubs.o ABSOLUTE
    _printf_longlong_oct                     0x00000000   Number         0  stubs.o ABSOLUTE
    _printf_ls                               0x00000000   Number         0  stubs.o ABSOLUTE
    _printf_mbtowc                           0x00000000   Number         0  stubs.o ABSOLUTE
    _printf_n                                0x00000000   Number         0  stubs.o ABSOLUTE
    _printf_o                                0x00000000   Number         0  stubs.o ABSOLUTE
    _printf_p                                0x00000000   Number         0  stubs.o ABSOLUTE
    _printf_percent                          0x00000000   Number         0  stubs.o ABSOLUTE
    _printf_pre_padding                      0x00000000   Number         0  stubs.o ABSOLUTE
    _printf_return_value                     0x00000000   Number         0  stubs.o ABSOLUTE
    _printf_s                                0x00000000   Number         0  stubs.o ABSOLUTE
    _printf_sizespec                         0x00000000   Number         0  stubs.o ABSOLUTE
    _printf_str                              0x00000000   Number         0  stubs.o ABSOLUTE
    _printf_truncate_signed                  0x00000000   Number         0  stubs.o ABSOLUTE
    _printf_truncate_unsigned                0x00000000   Number         0  stubs.o ABSOLUTE
    _printf_u                                0x00000000   Number         0  stubs.o ABSOLUTE
    _printf_wc                               0x00000000   Number         0  stubs.o ABSOLUTE
    _printf_wctomb                           0x00000000   Number         0  stubs.o ABSOLUTE
    _printf_widthprec                        0x00000000   Number         0  stubs.o ABSOLUTE
    _printf_x                                0x00000000   Number         0  stubs.o ABSOLUTE
    __cpp_initialize__aeabi_                  - Undefined Weak Reference
    __cxa_finalize                            - Undefined Weak Reference
    __decompress                              - Undefined Weak Reference
    _clock_init                               - Undefined Weak Reference
    _microlib_exit                            - Undefined Weak Reference
    __Vectors_Size                           0x00000188   Number         0  startup_stm32f407xx.o ABSOLUTE
    __Vectors                                0x08000000   Data           4  startup_stm32f407xx.o(RESET)
    __Vectors_End                            0x08000188   Data           0  startup_stm32f407xx.o(RESET)
    __main                                   0x08000189   Thumb Code     0  entry.o(.ARM.Collect$$$$00000000)
    _main_stk                                0x08000189   Thumb Code     0  entry2.o(.ARM.Collect$$$$00000001)
    _main_scatterload                        0x0800018d   Thumb Code     0  entry5.o(.ARM.Collect$$$$00000004)
    __main_after_scatterload                 0x08000191   Thumb Code     0  entry5.o(.ARM.Collect$$$$00000004)
    _main_clock                              0x08000191   Thumb Code     0  entry7b.o(.ARM.Collect$$$$00000008)
    _main_cpp_init                           0x08000191   Thumb Code     0  entry8b.o(.ARM.Collect$$$$0000000A)
    _main_init                               0x08000191   Thumb Code     0  entry9a.o(.ARM.Collect$$$$0000000B)
    __rt_final_cpp                           0x08000199   Thumb Code     0  entry10a.o(.ARM.Collect$$$$0000000D)
    __rt_final_exit                          0x08000199   Thumb Code     0  entry11a.o(.ARM.Collect$$$$0000000F)
    Reset_Handler                            0x0800019d   Thumb Code     8  startup_stm32f407xx.o(.text)
    ADC_IRQHandler                           0x080001b7   Thumb Code     0  startup_stm32f407xx.o(.text)
    CAN1_RX0_IRQHandler                      0x080001b7   Thumb Code     0  startup_stm32f407xx.o(.text)
    CAN1_RX1_IRQHandler                      0x080001b7   Thumb Code     0  startup_stm32f407xx.o(.text)
    CAN1_SCE_IRQHandler                      0x080001b7   Thumb Code     0  startup_stm32f407xx.o(.text)
    CAN1_TX_IRQHandler                       0x080001b7   Thumb Code     0  startup_stm32f407xx.o(.text)
    CAN2_RX0_IRQHandler                      0x080001b7   Thumb Code     0  startup_stm32f407xx.o(.text)
    CAN2_RX1_IRQHandler                      0x080001b7   Thumb Code     0  startup_stm32f407xx.o(.text)
    CAN2_SCE_IRQHandler                      0x080001b7   Thumb Code     0  startup_stm32f407xx.o(.text)
    CAN2_TX_IRQHandler                       0x080001b7   Thumb Code     0  startup_stm32f407xx.o(.text)
    DCMI_IRQHandler                          0x080001b7   Thumb Code     0  startup_stm32f407xx.o(.text)
    DMA1_Stream0_IRQHandler                  0x080001b7   Thumb Code     0  startup_stm32f407xx.o(.text)
    DMA1_Stream1_IRQHandler                  0x080001b7   Thumb Code     0  startup_stm32f407xx.o(.text)
    DMA1_Stream2_IRQHandler                  0x080001b7   Thumb Code     0  startup_stm32f407xx.o(.text)
    DMA1_Stream3_IRQHandler                  0x080001b7   Thumb Code     0  startup_stm32f407xx.o(.text)
    DMA1_Stream4_IRQHandler                  0x080001b7   Thumb Code     0  startup_stm32f407xx.o(.text)
    DMA1_Stream5_IRQHandler                  0x080001b7   Thumb Code     0  startup_stm32f407xx.o(.text)
    DMA1_Stream6_IRQHandler                  0x080001b7   Thumb Code     0  startup_stm32f407xx.o(.text)
    DMA1_Stream7_IRQHandler                  0x080001b7   Thumb Code     0  startup_stm32f407xx.o(.text)
    DMA2_Stream0_IRQHandler                  0x080001b7   Thumb Code     0  startup_stm32f407xx.o(.text)
    DMA2_Stream1_IRQHandler                  0x080001b7   Thumb Code     0  startup_stm32f407xx.o(.text)
    DMA2_Stream2_IRQHandler                  0x080001b7   Thumb Code     0  startup_stm32f407xx.o(.text)
    DMA2_Stream3_IRQHandler                  0x080001b7   Thumb Code     0  startup_stm32f407xx.o(.text)
    DMA2_Stream4_IRQHandler                  0x080001b7   Thumb Code     0  startup_stm32f407xx.o(.text)
    DMA2_Stream5_IRQHandler                  0x080001b7   Thumb Code     0  startup_stm32f407xx.o(.text)
    DMA2_Stream6_IRQHandler                  0x080001b7   Thumb Code     0  startup_stm32f407xx.o(.text)
    DMA2_Stream7_IRQHandler                  0x080001b7   Thumb Code     0  startup_stm32f407xx.o(.text)
    ETH_IRQHandler                           0x080001b7   Thumb Code     0  startup_stm32f407xx.o(.text)
    ETH_WKUP_IRQHandler                      0x080001b7   Thumb Code     0  startup_stm32f407xx.o(.text)
    EXTI0_IRQHandler                         0x080001b7   Thumb Code     0  startup_stm32f407xx.o(.text)
    EXTI15_10_IRQHandler                     0x080001b7   Thumb Code     0  startup_stm32f407xx.o(.text)
    EXTI1_IRQHandler                         0x080001b7   Thumb Code     0  startup_stm32f407xx.o(.text)
    EXTI2_IRQHandler                         0x080001b7   Thumb Code     0  startup_stm32f407xx.o(.text)
    EXTI3_IRQHandler                         0x080001b7   Thumb Code     0  startup_stm32f407xx.o(.text)
    EXTI4_IRQHandler                         0x080001b7   Thumb Code     0  startup_stm32f407xx.o(.text)
    EXTI9_5_IRQHandler                       0x080001b7   Thumb Code     0  startup_stm32f407xx.o(.text)
    FLASH_IRQHandler                         0x080001b7   Thumb Code     0  startup_stm32f407xx.o(.text)
    FMC_IRQHandler                           0x080001b7   Thumb Code     0  startup_stm32f407xx.o(.text)
    FPU_IRQHandler                           0x080001b7   Thumb Code     0  startup_stm32f407xx.o(.text)
    HASH_RNG_IRQHandler                      0x080001b7   Thumb Code     0  startup_stm32f407xx.o(.text)
    I2C1_ER_IRQHandler                       0x080001b7   Thumb Code     0  startup_stm32f407xx.o(.text)
    I2C1_EV_IRQHandler                       0x080001b7   Thumb Code     0  startup_stm32f407xx.o(.text)
    I2C2_ER_IRQHandler                       0x080001b7   Thumb Code     0  startup_stm32f407xx.o(.text)
    I2C2_EV_IRQHandler                       0x080001b7   Thumb Code     0  startup_stm32f407xx.o(.text)
    I2C3_ER_IRQHandler                       0x080001b7   Thumb Code     0  startup_stm32f407xx.o(.text)
    I2C3_EV_IRQHandler                       0x080001b7   Thumb Code     0  startup_stm32f407xx.o(.text)
    OTG_FS_WKUP_IRQHandler                   0x080001b7   Thumb Code     0  startup_stm32f407xx.o(.text)
    OTG_HS_EP1_IN_IRQHandler                 0x080001b7   Thumb Code     0  startup_stm32f407xx.o(.text)
    OTG_HS_EP1_OUT_IRQHandler                0x080001b7   Thumb Code     0  startup_stm32f407xx.o(.text)
    OTG_HS_IRQHandler                        0x080001b7   Thumb Code     0  startup_stm32f407xx.o(.text)
    OTG_HS_WKUP_IRQHandler                   0x080001b7   Thumb Code     0  startup_stm32f407xx.o(.text)
    PVD_IRQHandler                           0x080001b7   Thumb Code     0  startup_stm32f407xx.o(.text)
    RCC_IRQHandler                           0x080001b7   Thumb Code     0  startup_stm32f407xx.o(.text)
    RTC_Alarm_IRQHandler                     0x080001b7   Thumb Code     0  startup_stm32f407xx.o(.text)
    RTC_WKUP_IRQHandler                      0x080001b7   Thumb Code     0  startup_stm32f407xx.o(.text)
    SDIO_IRQHandler                          0x080001b7   Thumb Code     0  startup_stm32f407xx.o(.text)
    SPI1_IRQHandler                          0x080001b7   Thumb Code     0  startup_stm32f407xx.o(.text)
    SPI2_IRQHandler                          0x080001b7   Thumb Code     0  startup_stm32f407xx.o(.text)
    SPI3_IRQHandler                          0x080001b7   Thumb Code     0  startup_stm32f407xx.o(.text)
    TAMP_STAMP_IRQHandler                    0x080001b7   Thumb Code     0  startup_stm32f407xx.o(.text)
    TIM1_BRK_TIM9_IRQHandler                 0x080001b7   Thumb Code     0  startup_stm32f407xx.o(.text)
    TIM1_CC_IRQHandler                       0x080001b7   Thumb Code     0  startup_stm32f407xx.o(.text)
    TIM1_TRG_COM_TIM11_IRQHandler            0x080001b7   Thumb Code     0  startup_stm32f407xx.o(.text)
    TIM1_UP_TIM10_IRQHandler                 0x080001b7   Thumb Code     0  startup_stm32f407xx.o(.text)
    TIM2_IRQHandler                          0x080001b7   Thumb Code     0  startup_stm32f407xx.o(.text)
    TIM3_IRQHandler                          0x080001b7   Thumb Code     0  startup_stm32f407xx.o(.text)
    TIM4_IRQHandler                          0x080001b7   Thumb Code     0  startup_stm32f407xx.o(.text)
    TIM5_IRQHandler                          0x080001b7   Thumb Code     0  startup_stm32f407xx.o(.text)
    TIM6_DAC_IRQHandler                      0x080001b7   Thumb Code     0  startup_stm32f407xx.o(.text)
    TIM7_IRQHandler                          0x080001b7   Thumb Code     0  startup_stm32f407xx.o(.text)
    TIM8_BRK_TIM12_IRQHandler                0x080001b7   Thumb Code     0  startup_stm32f407xx.o(.text)
    TIM8_CC_IRQHandler                       0x080001b7   Thumb Code     0  startup_stm32f407xx.o(.text)
    TIM8_TRG_COM_TIM14_IRQHandler            0x080001b7   Thumb Code     0  startup_stm32f407xx.o(.text)
    TIM8_UP_TIM13_IRQHandler                 0x080001b7   Thumb Code     0  startup_stm32f407xx.o(.text)
    UART4_IRQHandler                         0x080001b7   Thumb Code     0  startup_stm32f407xx.o(.text)
    UART5_IRQHandler                         0x080001b7   Thumb Code     0  startup_stm32f407xx.o(.text)
    USART1_IRQHandler                        0x080001b7   Thumb Code     0  startup_stm32f407xx.o(.text)
    USART2_IRQHandler                        0x080001b7   Thumb Code     0  startup_stm32f407xx.o(.text)
    USART3_IRQHandler                        0x080001b7   Thumb Code     0  startup_stm32f407xx.o(.text)
    USART6_IRQHandler                        0x080001b7   Thumb Code     0  startup_stm32f407xx.o(.text)
    WWDG_IRQHandler                          0x080001b7   Thumb Code     0  startup_stm32f407xx.o(.text)
    __aeabi_uldivmod                         0x080001c1   Thumb Code    98  uldiv.o(.text)
    __aeabi_memcpy                           0x08000223   Thumb Code    36  memcpya.o(.text)
    __aeabi_memcpy4                          0x08000223   Thumb Code     0  memcpya.o(.text)
    __aeabi_memcpy8                          0x08000223   Thumb Code     0  memcpya.o(.text)
    __aeabi_memset                           0x08000247   Thumb Code    14  memseta.o(.text)
    __aeabi_memset4                          0x08000247   Thumb Code     0  memseta.o(.text)
    __aeabi_memset8                          0x08000247   Thumb Code     0  memseta.o(.text)
    __aeabi_memclr                           0x08000255   Thumb Code     4  memseta.o(.text)
    __aeabi_memclr4                          0x08000255   Thumb Code     0  memseta.o(.text)
    __aeabi_memclr8                          0x08000255   Thumb Code     0  memseta.o(.text)
    _memset$wrapper                          0x08000259   Thumb Code    18  memseta.o(.text)
    __aeabi_uidiv                            0x0800026b   Thumb Code     0  uidiv.o(.text)
    __aeabi_uidivmod                         0x0800026b   Thumb Code    44  uidiv.o(.text)
    __aeabi_llsl                             0x08000297   Thumb Code    30  llshl.o(.text)
    _ll_shift_l                              0x08000297   Thumb Code     0  llshl.o(.text)
    __aeabi_llsr                             0x080002b5   Thumb Code    32  llushr.o(.text)
    _ll_ushift_r                             0x080002b5   Thumb Code     0  llushr.o(.text)
    __scatterload                            0x080002d5   Thumb Code    28  init.o(.text)
    __scatterload_rt2                        0x080002d5   Thumb Code     0  init.o(.text)
    BusFault_Handler                         0x080002f9   Thumb Code     2  stm32f4xx_it.o(i.BusFault_Handler)
    DebugMon_Handler                         0x0800034d   Thumb Code     2  stm32f4xx_it.o(i.DebugMon_Handler)
    Error_Handler                            0x0800034f   Thumb Code     4  main.o(i.Error_Handler)
    HAL_Delay                                0x08000355   Thumb Code    32  stm32f4xx_hal.o(i.HAL_Delay)
    HAL_GPIO_Init                            0x08000379   Thumb Code   394  stm32f4xx_hal_gpio.o(i.HAL_GPIO_Init)
    HAL_GPIO_WritePin                        0x08000531   Thumb Code    10  stm32f4xx_hal_gpio.o(i.HAL_GPIO_WritePin)
    HAL_GetTick                              0x0800053d   Thumb Code     6  stm32f4xx_hal.o(i.HAL_GetTick)
    HAL_HCD_Connect_Callback                 0x08000549   Thumb Code     8  usbh_conf.o(i.HAL_HCD_Connect_Callback)
    HAL_HCD_Disconnect_Callback              0x08000551   Thumb Code     8  usbh_conf.o(i.HAL_HCD_Disconnect_Callback)
    HAL_HCD_GetCurrentFrame                  0x08000559   Thumb Code     6  stm32f4xx_hal_hcd.o(i.HAL_HCD_GetCurrentFrame)
    HAL_HCD_GetCurrentSpeed                  0x0800055f   Thumb Code     6  stm32f4xx_hal_hcd.o(i.HAL_HCD_GetCurrentSpeed)
    HAL_HCD_HC_GetURBState                   0x08000565   Thumb Code    14  stm32f4xx_hal_hcd.o(i.HAL_HCD_HC_GetURBState)
    HAL_HCD_HC_GetXferCount                  0x08000573   Thumb Code    12  stm32f4xx_hal_hcd.o(i.HAL_HCD_HC_GetXferCount)
    HAL_HCD_HC_Halt                          0x0800057f   Thumb Code    36  stm32f4xx_hal_hcd.o(i.HAL_HCD_HC_Halt)
    HAL_HCD_HC_Init                          0x080005a3   Thumb Code   114  stm32f4xx_hal_hcd.o(i.HAL_HCD_HC_Init)
    HAL_HCD_HC_NotifyURBChange_Callback      0x08000615   Thumb Code     2  usbh_conf.o(i.HAL_HCD_HC_NotifyURBChange_Callback)
    HAL_HCD_HC_SubmitRequest                 0x08000617   Thumb Code   148  stm32f4xx_hal_hcd.o(i.HAL_HCD_HC_SubmitRequest)
    HAL_HCD_IRQHandler                       0x080006ad   Thumb Code   304  stm32f4xx_hal_hcd.o(i.HAL_HCD_IRQHandler)
    HAL_HCD_Init                             0x080007dd   Thumb Code   114  stm32f4xx_hal_hcd.o(i.HAL_HCD_Init)
    HAL_HCD_MspInit                          0x08000851   Thumb Code   142  usbh_conf.o(i.HAL_HCD_MspInit)
    HAL_HCD_PortDisabled_Callback            0x080008e9   Thumb Code     8  usbh_conf.o(i.HAL_HCD_PortDisabled_Callback)
    HAL_HCD_PortEnabled_Callback             0x080008f1   Thumb Code     8  usbh_conf.o(i.HAL_HCD_PortEnabled_Callback)
    HAL_HCD_ResetPort                        0x080008f9   Thumb Code     6  stm32f4xx_hal_hcd.o(i.HAL_HCD_ResetPort)
    HAL_HCD_SOF_Callback                     0x080008ff   Thumb Code     8  usbh_conf.o(i.HAL_HCD_SOF_Callback)
    HAL_HCD_Start                            0x08000907   Thumb Code    44  stm32f4xx_hal_hcd.o(i.HAL_HCD_Start)
    HAL_HCD_Stop                             0x08000933   Thumb Code    36  stm32f4xx_hal_hcd.o(i.HAL_HCD_Stop)
    HAL_IncTick                              0x08000959   Thumb Code    12  stm32f4xx_hal.o(i.HAL_IncTick)
    HAL_Init                                 0x08000969   Thumb Code    48  stm32f4xx_hal.o(i.HAL_Init)
    HAL_InitTick                             0x0800099d   Thumb Code    54  stm32f4xx_hal.o(i.HAL_InitTick)
    HAL_MspInit                              0x080009dd   Thumb Code    42  stm32f4xx_hal_msp.o(i.HAL_MspInit)
    HAL_NVIC_EnableIRQ                       0x08000a0d   Thumb Code    26  stm32f4xx_hal_cortex.o(i.HAL_NVIC_EnableIRQ)
    HAL_NVIC_SetPriority                     0x08000a29   Thumb Code    60  stm32f4xx_hal_cortex.o(i.HAL_NVIC_SetPriority)
    HAL_NVIC_SetPriorityGrouping             0x08000a69   Thumb Code    26  stm32f4xx_hal_cortex.o(i.HAL_NVIC_SetPriorityGrouping)
    HAL_RCC_ClockConfig                      0x08000a8d   Thumb Code   288  stm32f4xx_hal_rcc.o(i.HAL_RCC_ClockConfig)
    HAL_RCC_GetPCLK1Freq                     0x08000bc1   Thumb Code    20  stm32f4xx_hal_rcc.o(i.HAL_RCC_GetPCLK1Freq)
    HAL_RCC_GetPCLK2Freq                     0x08000be1   Thumb Code    20  stm32f4xx_hal_rcc.o(i.HAL_RCC_GetPCLK2Freq)
    HAL_RCC_GetSysClockFreq                  0x08000c01   Thumb Code    88  stm32f4xx_hal_rcc.o(i.HAL_RCC_GetSysClockFreq)
    HAL_RCC_OscConfig                        0x08000c61   Thumb Code   840  stm32f4xx_hal_rcc.o(i.HAL_RCC_OscConfig)
    HAL_SYSTICK_Config                       0x08000fbd   Thumb Code    40  stm32f4xx_hal_cortex.o(i.HAL_SYSTICK_Config)
    HAL_UART_Init                            0x08000fe5   Thumb Code    98  stm32f4xx_hal_uart.o(i.HAL_UART_Init)
    HAL_UART_MspInit                         0x08001049   Thumb Code    94  stm32f4xx_hal_msp.o(i.HAL_UART_MspInit)
    HAL_UART_Transmit                        0x080010b5   Thumb Code   186  stm32f4xx_hal_uart.o(i.HAL_UART_Transmit)
    HID_ReadItem                             0x08001731   Thumb Code   130  usbh_hid_parser.o(i.HID_ReadItem)
    HardFault_Handler                        0x080017b3   Thumb Code     2  stm32f4xx_it.o(i.HardFault_Handler)
    MX_DriverVbusFS                          0x080017b5   Thumb Code    16  usbh_platform.o(i.MX_DriverVbusFS)
    MX_USB_HOST_Init                         0x08001845   Thumb Code    52  usb_host.o(i.MX_USB_HOST_Init)
    MX_USB_HOST_Process                      0x08001885   Thumb Code     6  usb_host.o(i.MX_USB_HOST_Process)
    MemManage_Handler                        0x08001891   Thumb Code     2  stm32f4xx_it.o(i.MemManage_Handler)
    NMI_Handler                              0x08001893   Thumb Code     2  stm32f4xx_it.o(i.NMI_Handler)
    OTG_FS_IRQHandler                        0x08001895   Thumb Code     6  stm32f4xx_it.o(i.OTG_FS_IRQHandler)
    PendSV_Handler                           0x080018a1   Thumb Code     2  stm32f4xx_it.o(i.PendSV_Handler)
    SVC_Handler                              0x080018a3   Thumb Code     2  stm32f4xx_it.o(i.SVC_Handler)
    SysTick_Handler                          0x080018a5   Thumb Code     4  stm32f4xx_it.o(i.SysTick_Handler)
    SystemClock_Config                       0x080018a9   Thumb Code   140  main.o(i.SystemClock_Config)
    SystemInit                               0x0800193d   Thumb Code    22  system_stm32f4xx.o(i.SystemInit)
    USBH_AllocPipe                           0x08001ae5   Thumb Code    56  usbh_pipes.o(i.USBH_AllocPipe)
    USBH_ClosePipe                           0x08001b1d   Thumb Code    10  usbh_pipes.o(i.USBH_ClosePipe)
    USBH_ClrFeature                          0x08001b27   Thumb Code    30  usbh_ctlreq.o(i.USBH_ClrFeature)
    USBH_CtlReceiveData                      0x08001b45   Thumb Code    30  usbh_ioreq.o(i.USBH_CtlReceiveData)
    USBH_CtlReq                              0x08001b63   Thumb Code    58  usbh_ctlreq.o(i.USBH_CtlReq)
    USBH_CtlSendData                         0x08001b9d   Thumb Code    40  usbh_ioreq.o(i.USBH_CtlSendData)
    USBH_CtlSendSetup                        0x08001bc5   Thumb Code    30  usbh_ioreq.o(i.USBH_CtlSendSetup)
    USBH_Delay                               0x08001be3   Thumb Code     4  usbh_conf.o(i.USBH_Delay)
    USBH_FindInterface                       0x08001be9   Thumb Code    68  usbh_core.o(i.USBH_FindInterface)
    USBH_FreePipe                            0x08001c2d   Thumb Code    24  usbh_pipes.o(i.USBH_FreePipe)
    USBH_GetDescriptor                       0x08001c45   Thumb Code    52  usbh_ctlreq.o(i.USBH_GetDescriptor)
    USBH_GetNextDesc                         0x08001c79   Thumb Code    14  usbh_ctlreq.o(i.USBH_GetNextDesc)
    USBH_Get_CfgDesc                         0x08001c87   Thumb Code    44  usbh_ctlreq.o(i.USBH_Get_CfgDesc)
    USBH_Get_DevDesc                         0x08001cb3   Thumb Code   144  usbh_ctlreq.o(i.USBH_Get_DevDesc)
    USBH_Get_StringDesc                      0x08001d43   Thumb Code    72  usbh_ctlreq.o(i.USBH_Get_StringDesc)
    USBH_Get_USB_Status                      0x08001d8b   Thumb Code    24  usbh_conf.o(i.USBH_Get_USB_Status)
    USBH_HID_EventCallback                   0x08001e61   Thumb Code   110  main.o(i.USBH_HID_EventCallback)
    USBH_HID_FifoInit                        0x08001f15   Thumb Code    14  usbh_hid.o(i.USBH_HID_FifoInit)
    USBH_HID_FifoRead                        0x08001f23   Thumb Code    68  usbh_hid.o(i.USBH_HID_FifoRead)
    USBH_HID_FifoWrite                       0x08001f67   Thumb Code    80  usbh_hid.o(i.USBH_HID_FifoWrite)
    USBH_HID_GetASCIICode                    0x08001fb9   Thumb Code    28  usbh_hid_keybd.o(i.USBH_HID_GetASCIICode)
    USBH_HID_GetDeviceType                   0x08001fdd   Thumb Code    46  usbh_hid.o(i.USBH_HID_GetDeviceType)
    USBH_HID_GetHIDReportDescriptor          0x0800200b   Thumb Code    20  usbh_hid.o(i.USBH_HID_GetHIDReportDescriptor)
    USBH_HID_GetKeybdInfo                    0x08002021   Thumb Code    16  usbh_hid_keybd.o(i.USBH_HID_GetKeybdInfo)
    USBH_HID_GetMouseInfo                    0x08002035   Thumb Code    16  usbh_hid_mouse.o(i.USBH_HID_GetMouseInfo)
    USBH_HID_GetReport                       0x08002049   Thumb Code    34  usbh_hid.o(i.USBH_HID_GetReport)
    USBH_HID_KeybdInit                       0x08002281   Thumb Code    84  usbh_hid_keybd.o(i.USBH_HID_KeybdInit)
    USBH_HID_MouseInit                       0x08002349   Thumb Code    80  usbh_hid_mouse.o(i.USBH_HID_MouseInit)
    USBH_HID_SetIdle                         0x0800249f   Thumb Code    26  usbh_hid.o(i.USBH_HID_SetIdle)
    USBH_HID_SetProtocol                     0x080024b9   Thumb Code    32  usbh_hid.o(i.USBH_HID_SetProtocol)
    USBH_Init                                0x080027d7   Thumb Code    62  usbh_core.o(i.USBH_Init)
    USBH_InterruptReceiveData                0x08002815   Thumb Code    32  usbh_ioreq.o(i.USBH_InterruptReceiveData)
    USBH_LL_ClosePipe                        0x08002835   Thumb Code    18  usbh_conf.o(i.USBH_LL_ClosePipe)
    USBH_LL_Connect                          0x08002847   Thumb Code    20  usbh_core.o(i.USBH_LL_Connect)
    USBH_LL_Disconnect                       0x0800285b   Thumb Code    46  usbh_core.o(i.USBH_LL_Disconnect)
    USBH_LL_DriverVBUS                       0x08002889   Thumb Code    26  usbh_conf.o(i.USBH_LL_DriverVBUS)
    USBH_LL_GetLastXferSize                  0x080028a3   Thumb Code     8  usbh_conf.o(i.USBH_LL_GetLastXferSize)
    USBH_LL_GetSpeed                         0x080028ab   Thumb Code    34  usbh_conf.o(i.USBH_LL_GetSpeed)
    USBH_LL_GetURBState                      0x080028cd   Thumb Code     8  usbh_conf.o(i.USBH_LL_GetURBState)
    USBH_LL_IncTimer                         0x080028d5   Thumb Code    30  usbh_core.o(i.USBH_LL_IncTimer)
    USBH_LL_Init                             0x080028f5   Thumb Code    74  usbh_conf.o(i.USBH_LL_Init)
    USBH_LL_OpenPipe                         0x08002945   Thumb Code    28  usbh_conf.o(i.USBH_LL_OpenPipe)
    USBH_LL_PortDisabled                     0x08002961   Thumb Code     8  usbh_core.o(i.USBH_LL_PortDisabled)
    USBH_LL_PortEnabled                      0x08002969   Thumb Code     8  usbh_core.o(i.USBH_LL_PortEnabled)
    USBH_LL_ResetPort                        0x08002971   Thumb Code    18  usbh_conf.o(i.USBH_LL_ResetPort)
    USBH_LL_SetTimer                         0x08002983   Thumb Code     6  usbh_core.o(i.USBH_LL_SetTimer)
    USBH_LL_SetToggle                        0x08002989   Thumb Code    32  usbh_conf.o(i.USBH_LL_SetToggle)
    USBH_LL_Start                            0x080029a9   Thumb Code    18  usbh_conf.o(i.USBH_LL_Start)
    USBH_LL_Stop                             0x080029bb   Thumb Code    18  usbh_conf.o(i.USBH_LL_Stop)
    USBH_LL_SubmitURB                        0x080029cd   Thumb Code    34  usbh_conf.o(i.USBH_LL_SubmitURB)
    USBH_OpenPipe                            0x080029ef   Thumb Code    20  usbh_pipes.o(i.USBH_OpenPipe)
    USBH_Process                             0x08002ae1   Thumb Code   552  usbh_core.o(i.USBH_Process)
    USBH_RegisterClass                       0x08002d09   Thumb Code    28  usbh_core.o(i.USBH_RegisterClass)
    USBH_SelectInterface                     0x08002d25   Thumb Code    22  usbh_core.o(i.USBH_SelectInterface)
    USBH_SetAddress                          0x08002d3b   Thumb Code    28  usbh_ctlreq.o(i.USBH_SetAddress)
    USBH_SetCfg                              0x08002d57   Thumb Code    28  usbh_ctlreq.o(i.USBH_SetCfg)
    USBH_SetFeature                          0x08002d73   Thumb Code    28  usbh_ctlreq.o(i.USBH_SetFeature)
    USBH_Start                               0x08002d8f   Thumb Code    20  usbh_core.o(i.USBH_Start)
    USB_CoreInit                             0x08002dc5   Thumb Code   112  stm32f4xx_ll_usb.o(i.USB_CoreInit)
    USB_DisableGlobalInt                     0x08002e71   Thumb Code    12  stm32f4xx_ll_usb.o(i.USB_DisableGlobalInt)
    USB_DoPing                               0x08002e7d   Thumb Code    30  stm32f4xx_ll_usb.o(i.USB_DoPing)
    USB_DriveVbus                            0x08002ea1   Thumb Code    44  stm32f4xx_ll_usb.o(i.USB_DriveVbus)
    USB_EnableGlobalInt                      0x08002ecd   Thumb Code    12  stm32f4xx_ll_usb.o(i.USB_EnableGlobalInt)
    USB_FlushRxFifo                          0x08002ed9   Thumb Code    28  stm32f4xx_ll_usb.o(i.USB_FlushRxFifo)
    USB_FlushTxFifo                          0x08002ef9   Thumb Code    32  stm32f4xx_ll_usb.o(i.USB_FlushTxFifo)
    USB_GetCurrentFrame                      0x08002f1d   Thumb Code     8  stm32f4xx_ll_usb.o(i.USB_GetCurrentFrame)
    USB_GetHostSpeed                         0x08002f25   Thumb Code    14  stm32f4xx_ll_usb.o(i.USB_GetHostSpeed)
    USB_GetMode                              0x08002f33   Thumb Code     8  stm32f4xx_ll_usb.o(i.USB_GetMode)
    USB_HC_Halt                              0x08002f3b   Thumb Code   194  stm32f4xx_ll_usb.o(i.USB_HC_Halt)
    USB_HC_Init                              0x08002ffd   Thumb Code   240  stm32f4xx_ll_usb.o(i.USB_HC_Init)
    USB_HC_ReadInterrupt                     0x080030ed   Thumb Code     8  stm32f4xx_ll_usb.o(i.USB_HC_ReadInterrupt)
    USB_HC_StartXfer                         0x080030f5   Thumb Code   330  stm32f4xx_ll_usb.o(i.USB_HC_StartXfer)
    USB_HostInit                             0x08003245   Thumb Code   194  stm32f4xx_ll_usb.o(i.USB_HostInit)
    USB_InitFSLSPClkSel                      0x0800331d   Thumb Code    54  stm32f4xx_ll_usb.o(i.USB_InitFSLSPClkSel)
    USB_ReadInterrupts                       0x08003353   Thumb Code     8  stm32f4xx_ll_usb.o(i.USB_ReadInterrupts)
    USB_ReadPacket                           0x0800335b   Thumb Code    28  stm32f4xx_ll_usb.o(i.USB_ReadPacket)
    USB_ResetPort                            0x08003377   Thumb Code    50  stm32f4xx_ll_usb.o(i.USB_ResetPort)
    USB_SetCurrentMode                       0x080033a9   Thumb Code    46  stm32f4xx_ll_usb.o(i.USB_SetCurrentMode)
    USB_StopHost                             0x080033d9   Thumb Code   126  stm32f4xx_ll_usb.o(i.USB_StopHost)
    USB_WritePacket                          0x08003457   Thumb Code    36  stm32f4xx_ll_usb.o(i.USB_WritePacket)
    UsageFault_Handler                       0x0800347b   Thumb Code     2  stm32f4xx_it.o(i.UsageFault_Handler)
    __0sprintf$6                             0x0800347d   Thumb Code    34  printf6.o(i.__0sprintf$6)
    __1sprintf$6                             0x0800347d   Thumb Code     0  printf6.o(i.__0sprintf$6)
    __2sprintf                               0x0800347d   Thumb Code     0  printf6.o(i.__0sprintf$6)
    __scatterload_copy                       0x080034c5   Thumb Code    14  handlers.o(i.__scatterload_copy)
    __scatterload_null                       0x080034d3   Thumb Code     2  handlers.o(i.__scatterload_null)
    __scatterload_zeroinit                   0x080034d5   Thumb Code    14  handlers.o(i.__scatterload_zeroinit)
    free                                     0x08003831   Thumb Code    76  malloc.o(i.free)
    main                                     0x08003881   Thumb Code    60  main.o(i.main)
    malloc                                   0x080038c5   Thumb Code    92  malloc.o(i.malloc)
    AHBPrescTable                            0x08003930   Data          16  system_stm32f4xx.o(.constdata)
    APBPrescTable                            0x08003940   Data           8  system_stm32f4xx.o(.constdata)
    Region$$Table$$Base                      0x08003cf8   Number         0  anon$$obj.o(Region$$Table)
    Region$$Table$$Limit                     0x08003d18   Number         0  anon$$obj.o(Region$$Table)
    Appli_state                              0x20000000   Data           1  usb_host.o(.data)
    uwTickFreq                               0x20000008   Data           1  stm32f4xx_hal.o(.data)
    uwTickPrio                               0x2000000c   Data           4  stm32f4xx_hal.o(.data)
    uwTick                                   0x20000010   Data           4  stm32f4xx_hal.o(.data)
    SystemCoreClock                          0x20000014   Data           4  system_stm32f4xx.o(.data)
    HID_Class                                0x20000018   Data          32  usbh_hid.o(.data)
    keybd_rx_report_buf                      0x20000038   Data           8  usbh_hid_keybd.o(.data)
    keybd_report_data                        0x20000040   Data           8  usbh_hid_keybd.o(.data)
    mouse_info                               0x20000048   Data           5  usbh_hid_mouse.o(.data)
    mouse_report_data                        0x20000050   Data           8  usbh_hid_mouse.o(.data)
    mouse_rx_report_buf                      0x20000058   Data           8  usbh_hid_mouse.o(.data)
    __microlib_freelist                      0x20000060   Data           4  mvars.o(.data)
    __microlib_freelist_initialised          0x20000064   Data           4  mvars.o(.data)
    huart3                                   0x20000068   Data          64  main.o(.bss)
    uart_buffer                              0x200000a8   Data         100  main.o(.bss)
    hUsbHostFS                               0x2000010c   Data         984  usb_host.o(.bss)
    hhcd_USB_OTG_FS                          0x200004e4   Data         708  usbh_conf.o(.bss)
    keybd_info                               0x200007a8   Data          15  usbh_hid_keybd.o(.bss)
    __heap_base                              0x200007b8   Data           0  startup_stm32f407xx.o(HEAP)
    __heap_limit                             0x200009b8   Data           0  startup_stm32f407xx.o(HEAP)
    __initial_sp                             0x20000db8   Data           0  startup_stm32f407xx.o(STACK)



==============================================================================

Memory Map of the image

  Image Entry point : 0x08000189

  Load Region LR_IROM1 (Base: 0x08000000, Size: 0x00003d80, Max: 0x00080000, ABSOLUTE)

    Execution Region ER_IROM1 (Exec base: 0x08000000, Load base: 0x08000000, Size: 0x00003d18, Max: 0x00080000, ABSOLUTE)

    Exec Addr    Load Addr    Size         Type   Attr      Idx    E Section Name        Object

    0x08000000   0x08000000   0x00000188   Data   RO            3    RESET               startup_stm32f407xx.o
    0x08000188   0x08000188   0x00000000   Code   RO         3159  * .ARM.Collect$$$$00000000  mc_w.l(entry.o)
    0x08000188   0x08000188   0x00000004   Code   RO         3459    .ARM.Collect$$$$00000001  mc_w.l(entry2.o)
    0x0800018c   0x0800018c   0x00000004   Code   RO         3462    .ARM.Collect$$$$00000004  mc_w.l(entry5.o)
    0x08000190   0x08000190   0x00000000   Code   RO         3464    .ARM.Collect$$$$00000008  mc_w.l(entry7b.o)
    0x08000190   0x08000190   0x00000000   Code   RO         3466    .ARM.Collect$$$$0000000A  mc_w.l(entry8b.o)
    0x08000190   0x08000190   0x00000008   Code   RO         3467    .ARM.Collect$$$$0000000B  mc_w.l(entry9a.o)
    0x08000198   0x08000198   0x00000000   Code   RO         3469    .ARM.Collect$$$$0000000D  mc_w.l(entry10a.o)
    0x08000198   0x08000198   0x00000000   Code   RO         3471    .ARM.Collect$$$$0000000F  mc_w.l(entry11a.o)
    0x08000198   0x08000198   0x00000004   Code   RO         3460    .ARM.Collect$$$$00002712  mc_w.l(entry2.o)
    0x0800019c   0x0800019c   0x00000024   Code   RO            4    .text               startup_stm32f407xx.o
    0x080001c0   0x080001c0   0x00000062   Code   RO         3162    .text               mc_w.l(uldiv.o)
    0x08000222   0x08000222   0x00000024   Code   RO         3164    .text               mc_w.l(memcpya.o)
    0x08000246   0x08000246   0x00000024   Code   RO         3166    .text               mc_w.l(memseta.o)
    0x0800026a   0x0800026a   0x0000002c   Code   RO         3476    .text               mc_w.l(uidiv.o)
    0x08000296   0x08000296   0x0000001e   Code   RO         3478    .text               mc_w.l(llshl.o)
    0x080002b4   0x080002b4   0x00000020   Code   RO         3480    .text               mc_w.l(llushr.o)
    0x080002d4   0x080002d4   0x00000024   Code   RO         3495    .text               mc_w.l(init.o)
    0x080002f8   0x080002f8   0x00000002   Code   RO          202    i.BusFault_Handler  stm32f4xx_it.o
    0x080002fa   0x080002fa   0x00000002   PAD
    0x080002fc   0x080002fc   0x00000050   Code   RO         2578    i.DeInitStateMachine  usbh_core.o
    0x0800034c   0x0800034c   0x00000002   Code   RO          203    i.DebugMon_Handler  stm32f4xx_it.o
    0x0800034e   0x0800034e   0x00000004   Code   RO           13    i.Error_Handler     main.o
    0x08000352   0x08000352   0x00000002   PAD
    0x08000354   0x08000354   0x00000024   Code   RO         1927    i.HAL_Delay         stm32f4xx_hal.o
    0x08000378   0x08000378   0x000001b8   Code   RO         1401    i.HAL_GPIO_Init     stm32f4xx_hal_gpio.o
    0x08000530   0x08000530   0x0000000a   Code   RO         1405    i.HAL_GPIO_WritePin  stm32f4xx_hal_gpio.o
    0x0800053a   0x0800053a   0x00000002   PAD
    0x0800053c   0x0800053c   0x0000000c   Code   RO         1933    i.HAL_GetTick       stm32f4xx_hal.o
    0x08000548   0x08000548   0x00000008   Code   RO          359    i.HAL_HCD_Connect_Callback  usbh_conf.o
    0x08000550   0x08000550   0x00000008   Code   RO          360    i.HAL_HCD_Disconnect_Callback  usbh_conf.o
    0x08000558   0x08000558   0x00000006   Code   RO          567    i.HAL_HCD_GetCurrentFrame  stm32f4xx_hal_hcd.o
    0x0800055e   0x0800055e   0x00000006   Code   RO          568    i.HAL_HCD_GetCurrentSpeed  stm32f4xx_hal_hcd.o
    0x08000564   0x08000564   0x0000000e   Code   RO          571    i.HAL_HCD_HC_GetURBState  stm32f4xx_hal_hcd.o
    0x08000572   0x08000572   0x0000000c   Code   RO          572    i.HAL_HCD_HC_GetXferCount  stm32f4xx_hal_hcd.o
    0x0800057e   0x0800057e   0x00000024   Code   RO          573    i.HAL_HCD_HC_Halt   stm32f4xx_hal_hcd.o
    0x080005a2   0x080005a2   0x00000072   Code   RO          574    i.HAL_HCD_HC_Init   stm32f4xx_hal_hcd.o
    0x08000614   0x08000614   0x00000002   Code   RO          361    i.HAL_HCD_HC_NotifyURBChange_Callback  usbh_conf.o
    0x08000616   0x08000616   0x00000094   Code   RO          576    i.HAL_HCD_HC_SubmitRequest  stm32f4xx_hal_hcd.o
    0x080006aa   0x080006aa   0x00000002   PAD
    0x080006ac   0x080006ac   0x00000130   Code   RO          577    i.HAL_HCD_IRQHandler  stm32f4xx_hal_hcd.o
    0x080007dc   0x080007dc   0x00000072   Code   RO          578    i.HAL_HCD_Init      stm32f4xx_hal_hcd.o
    0x0800084e   0x0800084e   0x00000002   PAD
    0x08000850   0x08000850   0x00000098   Code   RO          363    i.HAL_HCD_MspInit   usbh_conf.o
    0x080008e8   0x080008e8   0x00000008   Code   RO          364    i.HAL_HCD_PortDisabled_Callback  usbh_conf.o
    0x080008f0   0x080008f0   0x00000008   Code   RO          365    i.HAL_HCD_PortEnabled_Callback  usbh_conf.o
    0x080008f8   0x080008f8   0x00000006   Code   RO          583    i.HAL_HCD_ResetPort  stm32f4xx_hal_hcd.o
    0x080008fe   0x080008fe   0x00000008   Code   RO          366    i.HAL_HCD_SOF_Callback  usbh_conf.o
    0x08000906   0x08000906   0x0000002c   Code   RO          585    i.HAL_HCD_Start     stm32f4xx_hal_hcd.o
    0x08000932   0x08000932   0x00000024   Code   RO          586    i.HAL_HCD_Stop      stm32f4xx_hal_hcd.o
    0x08000956   0x08000956   0x00000002   PAD
    0x08000958   0x08000958   0x00000010   Code   RO         1939    i.HAL_IncTick       stm32f4xx_hal.o
    0x08000968   0x08000968   0x00000034   Code   RO         1940    i.HAL_Init          stm32f4xx_hal.o
    0x0800099c   0x0800099c   0x00000040   Code   RO         1941    i.HAL_InitTick      stm32f4xx_hal.o
    0x080009dc   0x080009dc   0x00000030   Code   RO          284    i.HAL_MspInit       stm32f4xx_hal_msp.o
    0x08000a0c   0x08000a0c   0x0000001a   Code   RO         1790    i.HAL_NVIC_EnableIRQ  stm32f4xx_hal_cortex.o
    0x08000a26   0x08000a26   0x00000002   PAD
    0x08000a28   0x08000a28   0x00000040   Code   RO         1796    i.HAL_NVIC_SetPriority  stm32f4xx_hal_cortex.o
    0x08000a68   0x08000a68   0x00000024   Code   RO         1797    i.HAL_NVIC_SetPriorityGrouping  stm32f4xx_hal_cortex.o
    0x08000a8c   0x08000a8c   0x00000134   Code   RO         1047    i.HAL_RCC_ClockConfig  stm32f4xx_hal_rcc.o
    0x08000bc0   0x08000bc0   0x00000020   Code   RO         1054    i.HAL_RCC_GetPCLK1Freq  stm32f4xx_hal_rcc.o
    0x08000be0   0x08000be0   0x00000020   Code   RO         1055    i.HAL_RCC_GetPCLK2Freq  stm32f4xx_hal_rcc.o
    0x08000c00   0x08000c00   0x00000060   Code   RO         1056    i.HAL_RCC_GetSysClockFreq  stm32f4xx_hal_rcc.o
    0x08000c60   0x08000c60   0x0000035c   Code   RO         1059    i.HAL_RCC_OscConfig  stm32f4xx_hal_rcc.o
    0x08000fbc   0x08000fbc   0x00000028   Code   RO         1801    i.HAL_SYSTICK_Config  stm32f4xx_hal_cortex.o
    0x08000fe4   0x08000fe4   0x00000062   Code   RO         2239    i.HAL_UART_Init     stm32f4xx_hal_uart.o
    0x08001046   0x08001046   0x00000002   PAD
    0x08001048   0x08001048   0x0000006c   Code   RO          286    i.HAL_UART_MspInit  stm32f4xx_hal_msp.o
    0x080010b4   0x080010b4   0x000000ba   Code   RO         2247    i.HAL_UART_Transmit  stm32f4xx_hal_uart.o
    0x0800116e   0x0800116e   0x00000002   PAD
    0x08001170   0x08001170   0x00000278   Code   RO          588    i.HCD_HC_IN_IRQHandler  stm32f4xx_hal_hcd.o
    0x080013e8   0x080013e8   0x00000244   Code   RO          589    i.HCD_HC_OUT_IRQHandler  stm32f4xx_hal_hcd.o
    0x0800162c   0x0800162c   0x00000094   Code   RO          590    i.HCD_Port_IRQHandler  stm32f4xx_hal_hcd.o
    0x080016c0   0x080016c0   0x00000070   Code   RO          591    i.HCD_RXQLVL_IRQHandler  stm32f4xx_hal_hcd.o
    0x08001730   0x08001730   0x00000082   Code   RO         3132    i.HID_ReadItem      usbh_hid_parser.o
    0x080017b2   0x080017b2   0x00000002   Code   RO          204    i.HardFault_Handler  stm32f4xx_it.o
    0x080017b4   0x080017b4   0x00000014   Code   RO          540    i.MX_DriverVbusFS   usbh_platform.o
    0x080017c8   0x080017c8   0x0000007c   Code   RO           14    i.MX_GPIO_Init      main.o
    0x08001844   0x08001844   0x00000040   Code   RO          320    i.MX_USB_HOST_Init  usb_host.o
    0x08001884   0x08001884   0x0000000c   Code   RO          321    i.MX_USB_HOST_Process  usb_host.o
    0x08001890   0x08001890   0x00000002   Code   RO          205    i.MemManage_Handler  stm32f4xx_it.o
    0x08001892   0x08001892   0x00000002   Code   RO          206    i.NMI_Handler       stm32f4xx_it.o
    0x08001894   0x08001894   0x0000000c   Code   RO          207    i.OTG_FS_IRQHandler  stm32f4xx_it.o
    0x080018a0   0x080018a0   0x00000002   Code   RO          208    i.PendSV_Handler    stm32f4xx_it.o
    0x080018a2   0x080018a2   0x00000002   Code   RO          209    i.SVC_Handler       stm32f4xx_it.o
    0x080018a4   0x080018a4   0x00000004   Code   RO          210    i.SysTick_Handler   stm32f4xx_it.o
    0x080018a8   0x080018a8   0x00000094   Code   RO           15    i.SystemClock_Config  main.o
    0x0800193c   0x0800193c   0x0000001c   Code   RO         2541    i.SystemInit        system_stm32f4xx.o
    0x08001958   0x08001958   0x00000128   Code   RO         2265    i.UART_SetConfig    stm32f4xx_hal_uart.o
    0x08001a80   0x08001a80   0x00000064   Code   RO         2267    i.UART_WaitOnFlagUntilTimeout  stm32f4xx_hal_uart.o
    0x08001ae4   0x08001ae4   0x00000038   Code   RO         2879    i.USBH_AllocPipe    usbh_pipes.o
    0x08001b1c   0x08001b1c   0x0000000a   Code   RO         2880    i.USBH_ClosePipe    usbh_pipes.o
    0x08001b26   0x08001b26   0x0000001e   Code   RO         2713    i.USBH_ClrFeature   usbh_ctlreq.o
    0x08001b44   0x08001b44   0x0000001e   Code   RO         2809    i.USBH_CtlReceiveData  usbh_ioreq.o
    0x08001b62   0x08001b62   0x0000003a   Code   RO         2714    i.USBH_CtlReq       usbh_ctlreq.o
    0x08001b9c   0x08001b9c   0x00000028   Code   RO         2810    i.USBH_CtlSendData  usbh_ioreq.o
    0x08001bc4   0x08001bc4   0x0000001e   Code   RO         2811    i.USBH_CtlSendSetup  usbh_ioreq.o
    0x08001be2   0x08001be2   0x00000004   Code   RO          367    i.USBH_Delay        usbh_conf.o
    0x08001be6   0x08001be6   0x00000002   PAD
    0x08001be8   0x08001be8   0x00000044   Code   RO         2580    i.USBH_FindInterface  usbh_core.o
    0x08001c2c   0x08001c2c   0x00000018   Code   RO         2881    i.USBH_FreePipe     usbh_pipes.o
    0x08001c44   0x08001c44   0x00000034   Code   RO         2715    i.USBH_GetDescriptor  usbh_ctlreq.o
    0x08001c78   0x08001c78   0x0000000e   Code   RO         2716    i.USBH_GetNextDesc  usbh_ctlreq.o
    0x08001c86   0x08001c86   0x0000002c   Code   RO         2717    i.USBH_Get_CfgDesc  usbh_ctlreq.o
    0x08001cb2   0x08001cb2   0x00000090   Code   RO         2718    i.USBH_Get_DevDesc  usbh_ctlreq.o
    0x08001d42   0x08001d42   0x00000048   Code   RO         2719    i.USBH_Get_StringDesc  usbh_ctlreq.o
    0x08001d8a   0x08001d8a   0x00000018   Code   RO          368    i.USBH_Get_USB_Status  usbh_conf.o
    0x08001da2   0x08001da2   0x000000be   Code   RO         2921    i.USBH_HID_ClassRequest  usbh_hid.o
    0x08001e60   0x08001e60   0x000000b4   Code   RO           16    i.USBH_HID_EventCallback  main.o
    0x08001f14   0x08001f14   0x0000000e   Code   RO         2923    i.USBH_HID_FifoInit  usbh_hid.o
    0x08001f22   0x08001f22   0x00000044   Code   RO         2924    i.USBH_HID_FifoRead  usbh_hid.o
    0x08001f66   0x08001f66   0x00000050   Code   RO         2925    i.USBH_HID_FifoWrite  usbh_hid.o
    0x08001fb6   0x08001fb6   0x00000002   PAD
    0x08001fb8   0x08001fb8   0x00000024   Code   RO         3047    i.USBH_HID_GetASCIICode  usbh_hid_keybd.o
    0x08001fdc   0x08001fdc   0x0000002e   Code   RO         2926    i.USBH_HID_GetDeviceType  usbh_hid.o
    0x0800200a   0x0800200a   0x00000014   Code   RO         2928    i.USBH_HID_GetHIDReportDescriptor  usbh_hid.o
    0x0800201e   0x0800201e   0x00000002   PAD
    0x08002020   0x08002020   0x00000014   Code   RO         3048    i.USBH_HID_GetKeybdInfo  usbh_hid_keybd.o
    0x08002034   0x08002034   0x00000014   Code   RO         3093    i.USBH_HID_GetMouseInfo  usbh_hid_mouse.o
    0x08002048   0x08002048   0x00000022   Code   RO         2930    i.USBH_HID_GetReport  usbh_hid.o
    0x0800206a   0x0800206a   0x0000004a   Code   RO         2931    i.USBH_HID_InterfaceDeInit  usbh_hid.o
    0x080020b4   0x080020b4   0x0000011c   Code   RO         2932    i.USBH_HID_InterfaceInit  usbh_hid.o
    0x080021d0   0x080021d0   0x000000b0   Code   RO         3049    i.USBH_HID_KeybdDecode  usbh_hid_keybd.o
    0x08002280   0x08002280   0x0000005c   Code   RO         3050    i.USBH_HID_KeybdInit  usbh_hid_keybd.o
    0x080022dc   0x080022dc   0x0000006c   Code   RO         3094    i.USBH_HID_MouseDecode  usbh_hid_mouse.o
    0x08002348   0x08002348   0x00000054   Code   RO         3095    i.USBH_HID_MouseInit  usbh_hid_mouse.o
    0x0800239c   0x0800239c   0x000000e0   Code   RO         2933    i.USBH_HID_Process  usbh_hid.o
    0x0800247c   0x0800247c   0x00000022   Code   RO         2934    i.USBH_HID_SOFProcess  usbh_hid.o
    0x0800249e   0x0800249e   0x0000001a   Code   RO         2935    i.USBH_HID_SetIdle  usbh_hid.o
    0x080024b8   0x080024b8   0x00000020   Code   RO         2936    i.USBH_HID_SetProtocol  usbh_hid.o
    0x080024d8   0x080024d8   0x00000192   Code   RO         2720    i.USBH_HandleControl  usbh_ctlreq.o
    0x0800266a   0x0800266a   0x00000002   PAD
    0x0800266c   0x0800266c   0x0000016a   Code   RO         2583    i.USBH_HandleEnum   usbh_core.o
    0x080027d6   0x080027d6   0x0000003e   Code   RO         2584    i.USBH_Init         usbh_core.o
    0x08002814   0x08002814   0x00000020   Code   RO         2812    i.USBH_InterruptReceiveData  usbh_ioreq.o
    0x08002834   0x08002834   0x00000012   Code   RO          369    i.USBH_LL_ClosePipe  usbh_conf.o
    0x08002846   0x08002846   0x00000014   Code   RO         2586    i.USBH_LL_Connect   usbh_core.o
    0x0800285a   0x0800285a   0x0000002e   Code   RO         2587    i.USBH_LL_Disconnect  usbh_core.o
    0x08002888   0x08002888   0x0000001a   Code   RO          371    i.USBH_LL_DriverVBUS  usbh_conf.o
    0x080028a2   0x080028a2   0x00000008   Code   RO          372    i.USBH_LL_GetLastXferSize  usbh_conf.o
    0x080028aa   0x080028aa   0x00000022   Code   RO          373    i.USBH_LL_GetSpeed  usbh_conf.o
    0x080028cc   0x080028cc   0x00000008   Code   RO          375    i.USBH_LL_GetURBState  usbh_conf.o
    0x080028d4   0x080028d4   0x0000001e   Code   RO         2588    i.USBH_LL_IncTimer  usbh_core.o
    0x080028f2   0x080028f2   0x00000002   PAD
    0x080028f4   0x080028f4   0x00000050   Code   RO          376    i.USBH_LL_Init      usbh_conf.o
    0x08002944   0x08002944   0x0000001c   Code   RO          377    i.USBH_LL_OpenPipe  usbh_conf.o
    0x08002960   0x08002960   0x00000008   Code   RO         2589    i.USBH_LL_PortDisabled  usbh_core.o
    0x08002968   0x08002968   0x00000008   Code   RO         2590    i.USBH_LL_PortEnabled  usbh_core.o
    0x08002970   0x08002970   0x00000012   Code   RO          378    i.USBH_LL_ResetPort  usbh_conf.o
    0x08002982   0x08002982   0x00000006   Code   RO         2591    i.USBH_LL_SetTimer  usbh_core.o
    0x08002988   0x08002988   0x00000020   Code   RO          379    i.USBH_LL_SetToggle  usbh_conf.o
    0x080029a8   0x080029a8   0x00000012   Code   RO          380    i.USBH_LL_Start     usbh_conf.o
    0x080029ba   0x080029ba   0x00000012   Code   RO          381    i.USBH_LL_Stop      usbh_conf.o
    0x080029cc   0x080029cc   0x00000022   Code   RO          382    i.USBH_LL_SubmitURB  usbh_conf.o
    0x080029ee   0x080029ee   0x00000014   Code   RO         2882    i.USBH_OpenPipe     usbh_pipes.o
    0x08002a02   0x08002a02   0x000000dc   Code   RO         2721    i.USBH_ParseCfgDesc  usbh_ctlreq.o
    0x08002ade   0x08002ade   0x00000002   PAD
    0x08002ae0   0x08002ae0   0x00000228   Code   RO         2592    i.USBH_Process      usbh_core.o
    0x08002d08   0x08002d08   0x0000001c   Code   RO         2594    i.USBH_RegisterClass  usbh_core.o
    0x08002d24   0x08002d24   0x00000016   Code   RO         2595    i.USBH_SelectInterface  usbh_core.o
    0x08002d3a   0x08002d3a   0x0000001c   Code   RO         2722    i.USBH_SetAddress   usbh_ctlreq.o
    0x08002d56   0x08002d56   0x0000001c   Code   RO         2723    i.USBH_SetCfg       usbh_ctlreq.o
    0x08002d72   0x08002d72   0x0000001c   Code   RO         2724    i.USBH_SetFeature   usbh_ctlreq.o
    0x08002d8e   0x08002d8e   0x00000014   Code   RO         2596    i.USBH_Start        usbh_core.o
    0x08002da2   0x08002da2   0x00000002   PAD
    0x08002da4   0x08002da4   0x00000020   Code   RO          322    i.USBH_UserProcess  usb_host.o
    0x08002dc4   0x08002dc4   0x00000074   Code   RO          751    i.USB_CoreInit      stm32f4xx_ll_usb.o
    0x08002e38   0x08002e38   0x00000038   Code   RO          752    i.USB_CoreReset     stm32f4xx_ll_usb.o
    0x08002e70   0x08002e70   0x0000000c   Code   RO          759    i.USB_DisableGlobalInt  stm32f4xx_ll_usb.o
    0x08002e7c   0x08002e7c   0x00000024   Code   RO          760    i.USB_DoPing        stm32f4xx_ll_usb.o
    0x08002ea0   0x08002ea0   0x0000002c   Code   RO          761    i.USB_DriveVbus     stm32f4xx_ll_usb.o
    0x08002ecc   0x08002ecc   0x0000000c   Code   RO          767    i.USB_EnableGlobalInt  stm32f4xx_ll_usb.o
    0x08002ed8   0x08002ed8   0x00000020   Code   RO          768    i.USB_FlushRxFifo   stm32f4xx_ll_usb.o
    0x08002ef8   0x08002ef8   0x00000024   Code   RO          769    i.USB_FlushTxFifo   stm32f4xx_ll_usb.o
    0x08002f1c   0x08002f1c   0x00000008   Code   RO          770    i.USB_GetCurrentFrame  stm32f4xx_ll_usb.o
    0x08002f24   0x08002f24   0x0000000e   Code   RO          772    i.USB_GetHostSpeed  stm32f4xx_ll_usb.o
    0x08002f32   0x08002f32   0x00000008   Code   RO          773    i.USB_GetMode       stm32f4xx_ll_usb.o
    0x08002f3a   0x08002f3a   0x000000c2   Code   RO          774    i.USB_HC_Halt       stm32f4xx_ll_usb.o
    0x08002ffc   0x08002ffc   0x000000f0   Code   RO          775    i.USB_HC_Init       stm32f4xx_ll_usb.o
    0x080030ec   0x080030ec   0x00000008   Code   RO          776    i.USB_HC_ReadInterrupt  stm32f4xx_ll_usb.o
    0x080030f4   0x080030f4   0x00000150   Code   RO          777    i.USB_HC_StartXfer  stm32f4xx_ll_usb.o
    0x08003244   0x08003244   0x000000d8   Code   RO          778    i.USB_HostInit      stm32f4xx_ll_usb.o
    0x0800331c   0x0800331c   0x00000036   Code   RO          779    i.USB_InitFSLSPClkSel  stm32f4xx_ll_usb.o
    0x08003352   0x08003352   0x00000008   Code   RO          784    i.USB_ReadInterrupts  stm32f4xx_ll_usb.o
    0x0800335a   0x0800335a   0x0000001c   Code   RO          785    i.USB_ReadPacket    stm32f4xx_ll_usb.o
    0x08003376   0x08003376   0x00000032   Code   RO          786    i.USB_ResetPort     stm32f4xx_ll_usb.o
    0x080033a8   0x080033a8   0x0000002e   Code   RO          787    i.USB_SetCurrentMode  stm32f4xx_ll_usb.o
    0x080033d6   0x080033d6   0x00000002   PAD
    0x080033d8   0x080033d8   0x0000007e   Code   RO          792    i.USB_StopHost      stm32f4xx_ll_usb.o
    0x08003456   0x08003456   0x00000024   Code   RO          793    i.USB_WritePacket   stm32f4xx_ll_usb.o
    0x0800347a   0x0800347a   0x00000002   Code   RO          211    i.UsageFault_Handler  stm32f4xx_it.o
    0x0800347c   0x0800347c   0x00000028   Code   RO         3327    i.__0sprintf$6      mc_w.l(printf6.o)
    0x080034a4   0x080034a4   0x00000020   Code   RO         1803    i.__NVIC_SetPriority  stm32f4xx_hal_cortex.o
    0x080034c4   0x080034c4   0x0000000e   Code   RO         3505    i.__scatterload_copy  mc_w.l(handlers.o)
    0x080034d2   0x080034d2   0x00000002   Code   RO         3506    i.__scatterload_null  mc_w.l(handlers.o)
    0x080034d4   0x080034d4   0x0000000e   Code   RO         3507    i.__scatterload_zeroinit  mc_w.l(handlers.o)
    0x080034e2   0x080034e2   0x00000002   PAD
    0x080034e4   0x080034e4   0x000002f0   Code   RO         3332    i._printf_core      mc_w.l(printf6.o)
    0x080037d4   0x080037d4   0x00000024   Code   RO         3333    i._printf_post_padding  mc_w.l(printf6.o)
    0x080037f8   0x080037f8   0x0000002e   Code   RO         3334    i._printf_pre_padding  mc_w.l(printf6.o)
    0x08003826   0x08003826   0x0000000a   Code   RO         3336    i._sputc            mc_w.l(printf6.o)
    0x08003830   0x08003830   0x00000050   Code   RO         3431    i.free              mc_w.l(malloc.o)
    0x08003880   0x08003880   0x00000044   Code   RO           17    i.main              main.o
    0x080038c4   0x080038c4   0x0000006c   Code   RO         3432    i.malloc            mc_w.l(malloc.o)
    0x08003930   0x08003930   0x00000010   Data   RO         2542    .constdata          system_stm32f4xx.o
    0x08003940   0x08003940   0x00000008   Data   RO         2543    .constdata          system_stm32f4xx.o
    0x08003948   0x08003948   0x0000030c   Data   RO         3052    .constdata          usbh_hid_keybd.o
    0x08003c54   0x08003c54   0x000000a0   Data   RO         3096    .constdata          usbh_hid_mouse.o
    0x08003cf4   0x08003cf4   0x00000004   Data   RO         2938    .conststring        usbh_hid.o
    0x08003cf8   0x08003cf8   0x00000020   Data   RO         3503    Region$$Table       anon$$obj.o


    Execution Region RW_IRAM2 (Exec base: 0x10000000, Load base: 0x08003d80, Size: 0x00000000, Max: 0x00010000, ABSOLUTE)

    **** No section assigned to this execution region ****


    Execution Region RW_IRAM1 (Exec base: 0x20000000, Load base: 0x08003d18, Size: 0x00000db8, Max: 0x00020000, ABSOLUTE)

    Exec Addr    Load Addr    Size         Type   Attr      Idx    E Section Name        Object

    0x20000000   0x08003d18   0x00000001   Data   RW          324    .data               usb_host.o
    0x20000001   0x08003d19   0x00000003   PAD
    0x20000004   0x08003d1c   0x00000004   Data   RW          794    .data               stm32f4xx_ll_usb.o
    0x20000008   0x08003d20   0x0000000c   Data   RW         1947    .data               stm32f4xx_hal.o
    0x20000014   0x08003d2c   0x00000004   Data   RW         2544    .data               system_stm32f4xx.o
    0x20000018   0x08003d30   0x00000020   Data   RW         2939    .data               usbh_hid.o
    0x20000038   0x08003d50   0x00000010   Data   RW         3053    .data               usbh_hid_keybd.o
    0x20000048   0x08003d60   0x00000018   Data   RW         3097    .data               usbh_hid_mouse.o
    0x20000060   0x08003d78   0x00000004   Data   RW         3482    .data               mc_w.l(mvars.o)
    0x20000064   0x08003d7c   0x00000004   Data   RW         3483    .data               mc_w.l(mvars.o)
    0x20000068        -       0x000000a4   Zero   RW           18    .bss                main.o
    0x2000010c        -       0x000003d8   Zero   RW          323    .bss                usb_host.o
    0x200004e4        -       0x000002c4   Zero   RW          383    .bss                usbh_conf.o
    0x200007a8        -       0x0000000f   Zero   RW         3051    .bss                usbh_hid_keybd.o
    0x200007b7   0x08003d80   0x00000001   PAD
    0x200007b8        -       0x00000200   Zero   RW            2    HEAP                startup_stm32f407xx.o
    0x200009b8        -       0x00000400   Zero   RW            1    STACK               startup_stm32f407xx.o


==============================================================================

Image component sizes


      Code (inc. data)   RO Data    RW Data    ZI Data      Debug   Object Name

       524         96          0          0        164     683418   main.o
        36          8        392          0       1536        868   startup_stm32f407xx.o
       180         28          0         12          0       9677   stm32f4xx_hal.o
       198         14          0          0          0      34151   stm32f4xx_hal_cortex.o
       450         46          0          0          0       2500   stm32f4xx_hal_gpio.o
      2312          4          0          0          0      14345   stm32f4xx_hal_hcd.o
       156         20          0          0          0       1681   stm32f4xx_hal_msp.o
      1328         72          0          0          0       5432   stm32f4xx_hal_rcc.o
       680         10          0          0          0       4284   stm32f4xx_hal_uart.o
        32          6          0          0          0       4978   stm32f4xx_it.o
      1716         52          0          4          0      18993   stm32f4xx_ll_usb.o
        28          6         24          4          0       1259   system_stm32f4xx.o
       108         22          0          1        984       2390   usb_host.o
       544         16          0          0        708      14133   usbh_conf.o
      1312         20          0          0          0      11669   usbh_core.o
      1120         12          0          0          0      11038   usbh_ctlreq.o
      1126         24          4         32          0      16279   usbh_hid.o
       324         38        780         16         15       4616   usbh_hid_keybd.o
       212         18        160         24          0       3388   usbh_hid_mouse.o
       130          0          0          0          0       1555   usbh_hid_parser.o
       132          0          0          0          0       3701   usbh_ioreq.o
       110          0          0          0          0       3522   usbh_pipes.o
        20          4          0          0          0        578   usbh_platform.o

    ----------------------------------------------------------------------
     12812        516       1392         96       3408     854455   Object Totals
         0          0         32          0          0          0   (incl. Generated)
        34          0          0          3          1          0   (incl. Padding)

    ----------------------------------------------------------------------

      Code (inc. data)   RO Data    RW Data    ZI Data      Debug   Library Member Name

         0          0          0          0          0          0   entry.o
         0          0          0          0          0          0   entry10a.o
         0          0          0          0          0          0   entry11a.o
         8          4          0          0          0          0   entry2.o
         4          0          0          0          0          0   entry5.o
         0          0          0          0          0          0   entry7b.o
         0          0          0          0          0          0   entry8b.o
         8          4          0          0          0          0   entry9a.o
        30          0          0          0          0          0   handlers.o
        36          8          0          0          0         68   init.o
        30          0          0          0          0         68   llshl.o
        32          0          0          0          0         68   llushr.o
       188         20          0          0          0        160   malloc.o
        36          0          0          0          0         68   memcpya.o
        36          0          0          0          0        108   memseta.o
         0          0          0          8          0          0   mvars.o
       884         10          0          0          0        420   printf6.o
        44          0          0          0          0         80   uidiv.o
        98          0          0          0          0         92   uldiv.o

    ----------------------------------------------------------------------
      1436         46          0          8          0       1132   Library Totals
         2          0          0          0          0          0   (incl. Padding)

    ----------------------------------------------------------------------

      Code (inc. data)   RO Data    RW Data    ZI Data      Debug   Library Name

      1434         46          0          8          0       1132   mc_w.l

    ----------------------------------------------------------------------
      1436         46          0          8          0       1132   Library Totals

    ----------------------------------------------------------------------

==============================================================================


      Code (inc. data)   RO Data    RW Data    ZI Data      Debug   

     14248        562       1392        104       3408     840319   Grand Totals
     14248        562       1392        104       3408     840319   ELF Image Totals
     14248        562       1392        104          0          0   ROM Totals

==============================================================================

    Total RO  Size (Code + RO Data)                15640 (  15.27kB)
    Total RW  Size (RW Data + ZI Data)              3512 (   3.43kB)
    Total ROM Size (Code + RO Data + RW Data)      15744 (  15.38kB)

==============================================================================

