Component: ARM Compiler 5.06 update 6 (build 750) Tool: armlink [4d35ed]

==============================================================================

Section Cross References

    startup_stm32f407xx.o(RESET) refers to startup_stm32f407xx.o(STACK) for __initial_sp
    startup_stm32f407xx.o(RESET) refers to startup_stm32f407xx.o(.text) for Reset_Handler
    startup_stm32f407xx.o(RESET) refers to stm32f4xx_it.o(i.NMI_Handler) for NMI_Handler
    startup_stm32f407xx.o(RESET) refers to stm32f4xx_it.o(i.HardFault_Handler) for HardFault_Handler
    startup_stm32f407xx.o(RESET) refers to stm32f4xx_it.o(i.MemManage_Handler) for MemManage_Handler
    startup_stm32f407xx.o(RESET) refers to stm32f4xx_it.o(i.BusFault_Handler) for BusFault_Handler
    startup_stm32f407xx.o(RESET) refers to stm32f4xx_it.o(i.UsageFault_Handler) for UsageFault_Handler
    startup_stm32f407xx.o(RESET) refers to stm32f4xx_it.o(i.SVC_Handler) for SVC_Handler
    startup_stm32f407xx.o(RESET) refers to stm32f4xx_it.o(i.DebugMon_Handler) for DebugMon_Handler
    startup_stm32f407xx.o(RESET) refers to stm32f4xx_it.o(i.PendSV_Handler) for PendSV_Handler
    startup_stm32f407xx.o(RESET) refers to stm32f4xx_it.o(i.SysTick_Handler) for SysTick_Handler
    startup_stm32f407xx.o(RESET) refers to stm32f4xx_it.o(i.OTG_FS_IRQHandler) for OTG_FS_IRQHandler
    startup_stm32f407xx.o(.text) refers to system_stm32f4xx.o(i.SystemInit) for SystemInit
    startup_stm32f407xx.o(.text) refers to entry.o(.ARM.Collect$$$$00000000) for __main
    main.o(i.SystemClock_Config) refers to memseta.o(.text) for __aeabi_memclr4
    main.o(i.SystemClock_Config) refers to stm32f4xx_hal_rcc.o(i.HAL_RCC_OscConfig) for HAL_RCC_OscConfig
    main.o(i.SystemClock_Config) refers to stm32f4xx_hal_rcc.o(i.HAL_RCC_ClockConfig) for HAL_RCC_ClockConfig
    main.o(i.main) refers to stm32f4xx_hal.o(i.HAL_Init) for HAL_Init
    main.o(i.main) refers to main.o(i.SystemClock_Config) for SystemClock_Config
    main.o(i.main) refers to usb_device.o(i.MX_USB_DEVICE_Init) for MX_USB_DEVICE_Init
    stm32f4xx_it.o(i.OTG_FS_IRQHandler) refers to stm32f4xx_hal_pcd.o(i.HAL_PCD_IRQHandler) for HAL_PCD_IRQHandler
    stm32f4xx_it.o(i.OTG_FS_IRQHandler) refers to usbd_conf.o(.bss) for hpcd_USB_OTG_FS
    stm32f4xx_it.o(i.SysTick_Handler) refers to stm32f4xx_hal.o(i.HAL_IncTick) for HAL_IncTick
    usb_device.o(i.MX_USB_DEVICE_Init) refers to usbd_core.o(i.USBD_Init) for USBD_Init
    usb_device.o(i.MX_USB_DEVICE_Init) refers to main.o(i.Error_Handler) for Error_Handler
    usb_device.o(i.MX_USB_DEVICE_Init) refers to usbd_core.o(i.USBD_RegisterClass) for USBD_RegisterClass
    usb_device.o(i.MX_USB_DEVICE_Init) refers to usbd_msc.o(i.USBD_MSC_RegisterStorage) for USBD_MSC_RegisterStorage
    usb_device.o(i.MX_USB_DEVICE_Init) refers to usbd_core.o(i.USBD_Start) for USBD_Start
    usb_device.o(i.MX_USB_DEVICE_Init) refers to usbd_desc.o(.data) for FS_Desc
    usb_device.o(i.MX_USB_DEVICE_Init) refers to usb_device.o(.bss) for .bss
    usb_device.o(i.MX_USB_DEVICE_Init) refers to usbd_msc.o(.data) for USBD_MSC
    usb_device.o(i.MX_USB_DEVICE_Init) refers to usbd_storage_if.o(.data) for USBD_Storage_Interface_fops_FS
    usbd_desc.o(i.USBD_FS_ConfigStrDescriptor) refers to usbd_ctlreq.o(i.USBD_GetString) for USBD_GetString
    usbd_desc.o(i.USBD_FS_ConfigStrDescriptor) refers to usbd_desc.o(.bss) for .bss
    usbd_desc.o(i.USBD_FS_DeviceDescriptor) refers to usbd_desc.o(.data) for .data
    usbd_desc.o(i.USBD_FS_InterfaceStrDescriptor) refers to usbd_ctlreq.o(i.USBD_GetString) for USBD_GetString
    usbd_desc.o(i.USBD_FS_InterfaceStrDescriptor) refers to usbd_desc.o(.bss) for .bss
    usbd_desc.o(i.USBD_FS_LangIDStrDescriptor) refers to usbd_desc.o(.data) for .data
    usbd_desc.o(i.USBD_FS_ManufacturerStrDescriptor) refers to usbd_ctlreq.o(i.USBD_GetString) for USBD_GetString
    usbd_desc.o(i.USBD_FS_ManufacturerStrDescriptor) refers to usbd_desc.o(.bss) for .bss
    usbd_desc.o(i.USBD_FS_ProductStrDescriptor) refers to usbd_ctlreq.o(i.USBD_GetString) for USBD_GetString
    usbd_desc.o(i.USBD_FS_ProductStrDescriptor) refers to usbd_desc.o(.bss) for .bss
    usbd_desc.o(i.USBD_FS_SerialStrDescriptor) refers to usbd_desc.o(i.IntToUnicode) for IntToUnicode
    usbd_desc.o(i.USBD_FS_SerialStrDescriptor) refers to usbd_desc.o(.data) for .data
    usbd_desc.o(.data) refers to usbd_desc.o(i.USBD_FS_DeviceDescriptor) for USBD_FS_DeviceDescriptor
    usbd_desc.o(.data) refers to usbd_desc.o(i.USBD_FS_LangIDStrDescriptor) for USBD_FS_LangIDStrDescriptor
    usbd_desc.o(.data) refers to usbd_desc.o(i.USBD_FS_ManufacturerStrDescriptor) for USBD_FS_ManufacturerStrDescriptor
    usbd_desc.o(.data) refers to usbd_desc.o(i.USBD_FS_ProductStrDescriptor) for USBD_FS_ProductStrDescriptor
    usbd_desc.o(.data) refers to usbd_desc.o(i.USBD_FS_SerialStrDescriptor) for USBD_FS_SerialStrDescriptor
    usbd_desc.o(.data) refers to usbd_desc.o(i.USBD_FS_ConfigStrDescriptor) for USBD_FS_ConfigStrDescriptor
[...]
    ..\Middlewares\ST\STM32_USB_Device_Library\Class\MSC\Src\usbd_msc_data.c 0x00000000   Number         0  usbd_msc_data.o ABSOLUTE
    ..\Middlewares\ST\STM32_USB_Device_Library\Class\MSC\Src\usbd_msc_scsi.c 0x00000000   Number         0  usbd_msc_scsi.o ABSOLUTE
    ..\Middlewares\ST\STM32_USB_Device_Library\Core\Src\usbd_core.c 0x00000000   Number         0  usbd_core.o ABSOLUTE
    ..\Middlewares\ST\STM32_USB_Device_Library\Core\Src\usbd_ctlreq.c 0x00000000   Number         0  usbd_ctlreq.o ABSOLUTE
    ..\Middlewares\ST\STM32_USB_Device_Library\Core\Src\usbd_ioreq.c 0x00000000   Number         0  usbd_ioreq.o ABSOLUTE
    ..\USB_DEVICE\App\usb_device.c           0x00000000   Number         0  usb_device.o ABSOLUTE
    ..\USB_DEVICE\App\usbd_desc.c            0x00000000   Number         0  usbd_desc.o ABSOLUTE
    ..\USB_DEVICE\App\usbd_storage_if.c      0x00000000   Number         0  usbd_storage_if.o ABSOLUTE
    ..\USB_DEVICE\Target\usbd_conf.c         0x00000000   Number         0  usbd_conf.o ABSOLUTE
    dc.s                                     0x00000000   Number         0  dc.o ABSOLUTE
    handlers.s                               0x00000000   Number         0  handlers.o ABSOLUTE
    init.s                                   0x00000000   Number         0  init.o ABSOLUTE
    startup_stm32f407xx.s                    0x00000000   Number         0  startup_stm32f407xx.o ABSOLUTE
    RESET                                    0x08000000   Section      392  startup_stm32f407xx.o(RESET)
    .ARM.Collect$$$$00000000                 0x08000188   Section        0  entry.o(.ARM.Collect$$$$00000000)
    .ARM.Collect$$$$00000001                 0x08000188   Section        4  entry2.o(.ARM.Collect$$$$00000001)
    .ARM.Collect$$$$00000004                 0x0800018c   Section        4  entry5.o(.ARM.Collect$$$$00000004)
    .ARM.Collect$$$$00000008                 0x08000190   Section        0  entry7b.o(.ARM.Collect$$$$00000008)
    .ARM.Collect$$$$0000000A                 0x08000190   Section        0  entry8b.o(.ARM.Collect$$$$0000000A)
    .ARM.Collect$$$$0000000B                 0x08000190   Section        8  entry9a.o(.ARM.Collect$$$$0000000B)
    .ARM.Collect$$$$0000000D                 0x08000198   Section        0  entry10a.o(.ARM.Collect$$$$0000000D)
    .ARM.Collect$$$$0000000F                 0x08000198   Section        0  entry11a.o(.ARM.Collect$$$$0000000F)
    .ARM.Collect$$$$00002712                 0x08000198   Section        4  entry2.o(.ARM.Collect$$$$00002712)
    __lit__00000000                          0x08000198   Data           4  entry2.o(.ARM.Collect$$$$00002712)
    .text                                    0x0800019c   Section       36  startup_stm32f407xx.o(.text)
    $v0                                      0x0800019c   Number         0  startup_stm32f407xx.o(.text)
    .text                                    0x080001c0   Section        0  uldiv.o(.text)
    .text                                    0x08000222   Section        0  memcpya.o(.text)
    .text                                    0x08000246   Section        0  memseta.o(.text)
    .text                                    0x0800026a   Section        0  llshl.o(.text)
    .text                                    0x08000288   Section        0  llushr.o(.text)
    .text                                    0x080002a8   Section       36  init.o(.text)
    .text                                    0x080002cc   Section        0  __dczerorl2.o(.text)
    i.BusFault_Handler                       0x08000322   Section        0  stm32f4xx_it.o(i.BusFault_Handler)
    i.DebugMon_Handler                       0x08000324   Section        0  stm32f4xx_it.o(i.DebugMon_Handler)
    i.Error_Handler                          0x08000326   Section        0  main.o(i.Error_Handler)
    i.HAL_Delay                              0x0800032c   Section        0  stm32f4xx_hal.o(i.HAL_Delay)
    i.HAL_GPIO_Init                          0x08000350   Section        0  stm32f4xx_hal_gpio.o(i.HAL_GPIO_Init)
    i.HAL_GetTick                            0x08000508   Section        0  stm32f4xx_hal.o(i.HAL_GetTick)
    i.HAL_IncTick                            0x08000514   Section        0  stm32f4xx_hal.o(i.HAL_IncTick)
    i.HAL_Init                               0x08000524   Section        0  stm32f4xx_hal.o(i.HAL_Init)
    i.HAL_InitTick                           0x08000558   Section        0  stm32f4xx_hal.o(i.HAL_InitTick)
    i.HAL_MspInit                            0x08000598   Section        0  stm32f4xx_hal_msp.o(i.HAL_MspInit)
    i.HAL_NVIC_EnableIRQ                     0x080005c8   Section        0  stm32f4xx_hal_cortex.o(i.HAL_NVIC_EnableIRQ)
    i.HAL_NVIC_SetPriority                   0x080005e4   Section        0  stm32f4xx_hal_cortex.o(i.HAL_NVIC_SetPriority)
    i.HAL_NVIC_SetPriorityGrouping           0x08000624   Section        0  stm32f4xx_hal_cortex.o(i.HAL_NVIC_SetPriorityGrouping)
    i.HAL_PCDEx_LPM_Callback                 0x08000648   Section        0  stm32f4xx_hal_pcd_ex.o(i.HAL_PCDEx_LPM_Callback)
    i.HAL_PCDEx_SetRxFiFo                    0x0800064a   Section        0  stm32f4xx_hal_pcd_ex.o(i.HAL_PCDEx_SetRxFiFo)
    i.HAL_PCDEx_SetTxFiFo                    0x08000652   Section        0  stm32f4xx_hal_pcd_ex.o(i.HAL_PCDEx_SetTxFiFo)
    i.HAL_PCD_ConnectCallback                0x08000696   Section        0  usbd_conf.o(i.HAL_PCD_ConnectCallback)
    i.HAL_PCD_DataInStageCallback            0x0800069e   Section        0  usbd_conf.o(i.HAL_PCD_DataInStageCallback)
    i.HAL_PCD_DataOutStageCallback           0x080006b0   Section        0  usbd_conf.o(i.HAL_PCD_DataOutStageCallback)
    i.HAL_PCD_DisconnectCallback             0x080006c4   Section        0  usbd_conf.o(i.HAL_PCD_DisconnectCallback)
    i.HAL_PCD_EP_Close                       0x080006cc   Section        0  stm32f4xx_hal_pcd.o(i.HAL_PCD_EP_Close)
    i.HAL_PCD_EP_ClrStall                    0x08000718   Section        0  stm32f4xx_hal_pcd.o(i.HAL_PCD_EP_ClrStall)
    i.HAL_PCD_EP_Flush                       0x08000774   Section        0  stm32f4xx_hal_pcd.o(i.HAL_PCD_EP_Flush)
    i.HAL_PCD_EP_GetRxCount                  0x080007a8   Section        0  stm32f4xx_hal_pcd.o(i.HAL_PCD_EP_GetRxCount)
    i.HAL_PCD_EP_Open                        0x080007ba   Section        0  stm32f4xx_hal_pcd.o(i.HAL_PCD_EP_Open)
    i.HAL_PCD_EP_Receive                     0x0800081a   Section        0  stm32f4xx_hal_pcd.o(i.HAL_PCD_EP_Receive)
    i.HAL_PCD_EP_SetStall                    0x08000862   Section        0  stm32f4xx_hal_pcd.o(i.HAL_PCD_EP_SetStall)
    i.HAL_PCD_EP_Transmit                    0x080008d6   Section        0  stm32f4xx_hal_pcd.o(i.HAL_PCD_EP_Transmit)
    i.HAL_PCD_IRQHandler                     0x08000918   Section        0  stm32f4xx_hal_pcd.o(i.HAL_PCD_IRQHandler)
    i.HAL_PCD_ISOINIncompleteCallback        0x08000d4c   Section        0  usbd_conf.o(i.HAL_PCD_ISOINIncompleteCallback)
    i.HAL_PCD_ISOOUTIncompleteCallback       0x08000d54   Section        0  usbd_conf.o(i.HAL_PCD_ISOOUTIncompleteCallback)
    i.HAL_PCD_Init                           0x08000d5c   Section        0  stm32f4xx_hal_pcd.o(i.HAL_PCD_Init)
    i.HAL_PCD_MspInit                        0x08000e40   Section        0  usbd_conf.o(i.HAL_PCD_MspInit)
    i.HAL_PCD_ResetCallback                  0x08000ec4   Section        0  usbd_conf.o(i.HAL_PCD_ResetCallback)
    i.HAL_PCD_ResumeCallback                 0x08000ef0   Section        0  usbd_conf.o(i.HAL_PCD_ResumeCallback)
    i.HAL_PCD_SOFCallback                    0x08000ef8   Section        0  usbd_conf.o(i.HAL_PCD_SOFCallback)
    i.HAL_PCD_SetAddress                     0x08000f00   Section        0  stm32f4xx_hal_pcd.o(i.HAL_PCD_SetAddress)
    i.HAL_PCD_SetupStageCallback             0x08000f28   Section        0  usbd_conf.o(i.HAL_PCD_SetupStageCallback)
    i.HAL_PCD_Start                          0x08000f36   Section        0  stm32f4xx_hal_pcd.o(i.HAL_PCD_Start)
    i.HAL_PCD_SuspendCallback                0x08000f78   Section        0  usbd_conf.o(i.HAL_PCD_SuspendCallback)
    i.HAL_RCC_ClockConfig                    0x08000fa8   Section        0  stm32f4xx_hal_rcc.o(i.HAL_RCC_ClockConfig)
    i.HAL_RCC_GetHCLKFreq                    0x080010dc   Section        0  stm32f4xx_hal_rcc.o(i.HAL_RCC_GetHCLKFreq)
    i.HAL_RCC_GetSysClockFreq                0x080010e8   Section        0  stm32f4xx_hal_rcc.o(i.HAL_RCC_GetSysClockFreq)
    i.HAL_RCC_OscConfig                      0x08001148   Section        0  stm32f4xx_hal_rcc.o(i.HAL_RCC_OscConfig)
    i.HAL_SYSTICK_Config                     0x080014a4   Section        0  stm32f4xx_hal_cortex.o(i.HAL_SYSTICK_Config)
    i.HardFault_Handler                      0x080014cc   Section        0  stm32f4xx_it.o(i.HardFault_Handler)
    i.IntToUnicode                           0x080014d0   Section        0  usbd_desc.o(i.IntToUnicode)
    IntToUnicode                             0x080014d1   Thumb Code    56  usbd_desc.o(i.IntToUnicode)
    i.MSC_BOT_Abort                          0x08001508   Section        0  usbd_msc_bot.o(i.MSC_BOT_Abort)
    MSC_BOT_Abort                            0x08001509   Thumb Code    68  usbd_msc_bot.o(i.MSC_BOT_Abort)
    i.MSC_BOT_CBW_Decode                     0x0800154c   Section        0  usbd_msc_bot.o(i.MSC_BOT_CBW_Decode)
    MSC_BOT_CBW_Decode                       0x0800154d   Thumb Code   198  usbd_msc_bot.o(i.MSC_BOT_CBW_Decode)
    i.MSC_BOT_CplClrFeature                  0x08001618   Section        0  usbd_msc_bot.o(i.MSC_BOT_CplClrFeature)
    i.MSC_BOT_DataIn                         0x08001650   Section        0  usbd_msc_bot.o(i.MSC_BOT_DataIn)
    i.MSC_BOT_DataOut                        0x0800168a   Section        0  usbd_msc_bot.o(i.MSC_BOT_DataOut)
    i.MSC_BOT_DeInit                         0x080016c4   Section        0  usbd_msc_bot.o(i.MSC_BOT_DeInit)
    i.MSC_BOT_Init                           0x080016ce   Section        0  usbd_msc_bot.o(i.MSC_BOT_Init)
    i.MSC_BOT_Reset                          0x08001714   Section        0  usbd_msc_bot.o(i.MSC_BOT_Reset)
    i.MSC_BOT_SendCSW                        0x08001748   Section        0  usbd_msc_bot.o(i.MSC_BOT_SendCSW)
    i.MX_USB_DEVICE_Init                     0x08001784   Section        0  usb_device.o(i.MX_USB_DEVICE_Init)
    i.MemManage_Handler                      0x080017d8   Section        0  stm32f4xx_it.o(i.MemManage_Handler)
    i.NMI_Handler                            0x080017da   Section        0  stm32f4xx_it.o(i.NMI_Handler)
    i.OTG_FS_IRQHandler                      0x080017dc   Section        0  stm32f4xx_it.o(i.OTG_FS_IRQHandler)
    i.PCD_EP_OutXfrComplete_int              0x080017e8   Section        0  stm32f4xx_hal_pcd.o(i.PCD_EP_OutXfrComplete_int)
    PCD_EP_OutXfrComplete_int                0x080017e9   Thumb Code   196  stm32f4xx_hal_pcd.o(i.PCD_EP_OutXfrComplete_int)
    i.PCD_WriteEmptyTxFifo                   0x080018b4   Section        0  stm32f4xx_hal_pcd.o(i.PCD_WriteEmptyTxFifo)
    PCD_WriteEmptyTxFifo                     0x080018b5   Thumb Code   162  stm32f4xx_hal_pcd.o(i.PCD_WriteEmptyTxFifo)
    i.PendSV_Handler                         0x08001956   Section        0  stm32f4xx_it.o(i.PendSV_Handler)
    i.SCSI_CheckAddressRange                 0x08001958   Section        0  usbd_msc_scsi.o(i.SCSI_CheckAddressRange)
    SCSI_CheckAddressRange                   0x08001959   Thumb Code    34  usbd_msc_scsi.o(i.SCSI_CheckAddressRange)
    i.SCSI_Inquiry                           0x0800197c   Section        0  usbd_msc_scsi.o(i.SCSI_Inquiry)
    SCSI_Inquiry                             0x0800197d   Thumb Code   106  usbd_msc_scsi.o(i.SCSI_Inquiry)
    i.SCSI_ProcessCmd                        0x080019f0   Section        0  usbd_msc_scsi.o(i.SCSI_ProcessCmd)
    i.SCSI_ProcessRead                       0x08001b90   Section        0  usbd_msc_scsi.o(i.SCSI_ProcessRead)
    SCSI_ProcessRead                         0x08001b91   Thumb Code   150  usbd_msc_scsi.o(i.SCSI_ProcessRead)
    i.SCSI_ProcessWrite                      0x08001c26   Section        0  usbd_msc_scsi.o(i.SCSI_ProcessWrite)
    SCSI_ProcessWrite                        0x08001c27   Thumb Code   162  usbd_msc_scsi.o(i.SCSI_ProcessWrite)
    i.SCSI_Read10                            0x08001cc8   Section        0  usbd_msc_scsi.o(i.SCSI_Read10)
    SCSI_Read10                              0x08001cc9   Thumb Code   168  usbd_msc_scsi.o(i.SCSI_Read10)
    i.SCSI_Read12                            0x08001d70   Section        0  usbd_msc_scsi.o(i.SCSI_Read12)
    SCSI_Read12                              0x08001d71   Thumb Code   174  usbd_msc_scsi.o(i.SCSI_Read12)
    i.SCSI_ReadCapacity10                    0x08001e1e   Section        0  usbd_msc_scsi.o(i.SCSI_ReadCapacity10)
    SCSI_ReadCapacity10                      0x08001e1f   Thumb Code    94  usbd_msc_scsi.o(i.SCSI_ReadCapacity10)
    i.SCSI_ReadCapacity16                    0x08001e7c   Section        0  usbd_msc_scsi.o(i.SCSI_ReadCapacity16)
    SCSI_ReadCapacity16                      0x08001e7d   Thumb Code   146  usbd_msc_scsi.o(i.SCSI_ReadCapacity16)
    i.SCSI_ReadFormatCapacity                0x08001f0e   Section        0  usbd_msc_scsi.o(i.SCSI_ReadFormatCapacity)
    SCSI_ReadFormatCapacity                  0x08001f0f   Thumb Code   110  usbd_msc_scsi.o(i.SCSI_ReadFormatCapacity)
    i.SCSI_RequestSense                      0x08001f7c   Section        0  usbd_msc_scsi.o(i.SCSI_RequestSense)
    SCSI_RequestSense                        0x08001f7d   Thumb Code   122  usbd_msc_scsi.o(i.SCSI_RequestSense)
    i.SCSI_SenseCode                         0x08001ff6   Section        0  usbd_msc_scsi.o(i.SCSI_SenseCode)
    i.SCSI_UpdateBotData                     0x08002036   Section        0  usbd_msc_scsi.o(i.SCSI_UpdateBotData)
    SCSI_UpdateBotData                       0x08002037   Thumb Code    24  usbd_msc_scsi.o(i.SCSI_UpdateBotData)
    i.SCSI_Write10                           0x0800204e   Section        0  usbd_msc_scsi.o(i.SCSI_Write10)
    SCSI_Write10                             0x0800204f   Thumb Code   196  usbd_msc_scsi.o(i.SCSI_Write10)
    i.SCSI_Write12                           0x08002112   Section        0  usbd_msc_scsi.o(i.SCSI_Write12)
    SCSI_Write12                             0x08002113   Thumb Code   208  usbd_msc_scsi.o(i.SCSI_Write12)
    i.STORAGE_GetCapacity_FS                 0x080021e2   Section        0  usbd_storage_if.o(i.STORAGE_GetCapacity_FS)
    STORAGE_GetCapacity_FS                   0x080021e3   Thumb Code    14  usbd_storage_if.o(i.STORAGE_GetCapacity_FS)
    i.STORAGE_GetMaxLun_FS                   0x080021f0   Section        0  usbd_storage_if.o(i.STORAGE_GetMaxLun_FS)
    STORAGE_GetMaxLun_FS                     0x080021f1   Thumb Code     4  usbd_storage_if.o(i.STORAGE_GetMaxLun_FS)
    i.STORAGE_Init_FS                        0x080021f4   Section        0  usbd_storage_if.o(i.STORAGE_Init_FS)
    STORAGE_Init_FS                          0x080021f5   Thumb Code     4  usbd_storage_if.o(i.STORAGE_Init_FS)
    i.STORAGE_IsReady_FS                     0x080021f8   Section        0  usbd_storage_if.o(i.STORAGE_IsReady_FS)
    STORAGE_IsReady_FS                       0x080021f9   Thumb Code     4  usbd_storage_if.o(i.STORAGE_IsReady_FS)
    i.STORAGE_IsWriteProtected_FS            0x080021fc   Section        0  usbd_storage_if.o(i.STORAGE_IsWriteProtected_FS)
    STORAGE_IsWriteProtected_FS              0x080021fd   Thumb Code     4  usbd_storage_if.o(i.STORAGE_IsWriteProtected_FS)
    i.STORAGE_Read_FS                        0x08002200   Section        0  usbd_storage_if.o(i.STORAGE_Read_FS)
    STORAGE_Read_FS                          0x08002201   Thumb Code    20  usbd_storage_if.o(i.STORAGE_Read_FS)
    i.STORAGE_Write_FS                       0x08002218   Section        0  usbd_storage_if.o(i.STORAGE_Write_FS)
    STORAGE_Write_FS                         0x08002219   Thumb Code    20  usbd_storage_if.o(i.STORAGE_Write_FS)
    i.SVC_Handler                            0x08002230   Section        0  stm32f4xx_it.o(i.SVC_Handler)
    i.SWAPBYTE                               0x08002232   Section        0  usbd_ctlreq.o(i.SWAPBYTE)
    SWAPBYTE                                 0x08002233   Thumb Code    10  usbd_ctlreq.o(i.SWAPBYTE)
    i.SysTick_Handler                        0x0800223c   Section        0  stm32f4xx_it.o(i.SysTick_Handler)
    i.SystemClock_Config                     0x08002240   Section        0  main.o(i.SystemClock_Config)
    i.SystemInit                             0x080022d4   Section        0  system_stm32f4xx.o(i.SystemInit)
    i.USBD_ClrClassConfig                    0x080022f0   Section        0  usbd_core.o(i.USBD_ClrClassConfig)
    i.USBD_CtlContinueRx                     0x08002300   Section        0  usbd_ioreq.o(i.USBD_CtlContinueRx)
    i.USBD_CtlContinueSendData               0x08002310   Section        0  usbd_ioreq.o(i.USBD_CtlContinueSendData)
    i.USBD_CtlError                          0x08002320   Section        0  usbd_ctlreq.o(i.USBD_CtlError)
    i.USBD_CtlReceiveStatus                  0x08002336   Section        0  usbd_ioreq.o(i.USBD_CtlReceiveStatus)
    i.USBD_CtlSendData                       0x0800234c   Section        0  usbd_ioreq.o(i.USBD_CtlSendData)
    i.USBD_CtlSendStatus                     0x08002366   Section        0  usbd_ioreq.o(i.USBD_CtlSendStatus)
    i.USBD_FS_ConfigStrDescriptor            0x0800237c   Section        0  usbd_desc.o(i.USBD_FS_ConfigStrDescriptor)
    i.USBD_FS_DeviceDescriptor               0x0800239c   Section        0  usbd_desc.o(i.USBD_FS_DeviceDescriptor)
    i.USBD_FS_InterfaceStrDescriptor         0x080023a8   Section        0  usbd_desc.o(i.USBD_FS_InterfaceStrDescriptor)
    i.USBD_FS_LangIDStrDescriptor            0x080023cc   Section        0  usbd_desc.o(i.USBD_FS_LangIDStrDescriptor)
    i.USBD_FS_ManufacturerStrDescriptor      0x080023d8   Section        0  usbd_desc.o(i.USBD_FS_ManufacturerStrDescriptor)
    i.USBD_FS_ProductStrDescriptor           0x08002400   Section        0  usbd_desc.o(i.USBD_FS_ProductStrDescriptor)
    i.USBD_FS_SerialStrDescriptor            0x08002428   Section        0  usbd_desc.o(i.USBD_FS_SerialStrDescriptor)
    i.USBD_GetDescriptor                     0x08002460   Section        0  usbd_ctlreq.o(i.USBD_GetDescriptor)
    USBD_GetDescriptor                       0x08002461   Thumb Code   230  usbd_ctlreq.o(i.USBD_GetDescriptor)
    i.USBD_GetString                         0x08002546   Section        0  usbd_ctlreq.o(i.USBD_GetString)
    i.USBD_Get_USB_Status                    0x0800258e   Section        0  usbd_conf.o(i.USBD_Get_USB_Status)
    i.USBD_Init                              0x080025a6   Section        0  usbd_core.o(i.USBD_Init)
    i.USBD_LL_ClearStallEP                   0x080025da   Section        0  usbd_conf.o(i.USBD_LL_ClearStallEP)
    i.USBD_LL_CloseEP                        0x080025ec   Section        0  usbd_conf.o(i.USBD_LL_CloseEP)
    i.USBD_LL_DataInStage                    0x080025fe   Section        0  usbd_core.o(i.USBD_LL_DataInStage)
    i.USBD_LL_DataOutStage                   0x080026a8   Section        0  usbd_core.o(i.USBD_LL_DataOutStage)
    i.USBD_LL_DevConnected                   0x08002716   Section        0  usbd_core.o(i.USBD_LL_DevConnected)
    i.USBD_LL_DevDisconnected                0x0800271a   Section        0  usbd_core.o(i.USBD_LL_DevDisconnected)
    i.USBD_LL_FlushEP                        0x08002732   Section        0  usbd_conf.o(i.USBD_LL_FlushEP)
    i.USBD_LL_GetRxDataSize                  0x08002744   Section        0  usbd_conf.o(i.USBD_LL_GetRxDataSize)
    i.USBD_LL_Init                           0x0800274c   Section        0  usbd_conf.o(i.USBD_LL_Init)
    i.USBD_LL_IsStallEP                      0x080027ac   Section        0  usbd_conf.o(i.USBD_LL_IsStallEP)
    i.USBD_LL_IsoINIncomplete                0x080027cc   Section        0  usbd_core.o(i.USBD_LL_IsoINIncomplete)
    i.USBD_LL_IsoOUTIncomplete               0x080027d0   Section        0  usbd_core.o(i.USBD_LL_IsoOUTIncomplete)
    i.USBD_LL_OpenEP                         0x080027d4   Section        0  usbd_conf.o(i.USBD_LL_OpenEP)
    i.USBD_LL_PrepareReceive                 0x080027ec   Section        0  usbd_conf.o(i.USBD_LL_PrepareReceive)
    i.USBD_LL_Reset                          0x080027fe   Section        0  usbd_core.o(i.USBD_LL_Reset)
    i.USBD_LL_Resume                         0x08002850   Section        0  usbd_core.o(i.USBD_LL_Resume)
    i.USBD_LL_SOF                            0x08002864   Section        0  usbd_core.o(i.USBD_LL_SOF)
    i.USBD_LL_SetSpeed                       0x0800287c   Section        0  usbd_core.o(i.USBD_LL_SetSpeed)
    i.USBD_LL_SetUSBAddress                  0x08002882   Section        0  usbd_conf.o(i.USBD_LL_SetUSBAddress)
    i.USBD_LL_SetupStage                     0x08002894   Section        0  usbd_core.o(i.USBD_LL_SetupStage)
    i.USBD_LL_StallEP                        0x080028f4   Section        0  usbd_conf.o(i.USBD_LL_StallEP)
    i.USBD_LL_Start                          0x08002906   Section        0  usbd_conf.o(i.USBD_LL_Start)
    i.USBD_LL_Suspend                        0x08002918   Section        0  usbd_core.o(i.USBD_LL_Suspend)
    i.USBD_LL_Transmit                       0x0800292a   Section        0  usbd_conf.o(i.USBD_LL_Transmit)
    i.USBD_MSC_DataIn                        0x0800293c   Section        0  usbd_msc.o(i.USBD_MSC_DataIn)
    i.USBD_MSC_DataOut                       0x08002946   Section        0  usbd_msc.o(i.USBD_MSC_DataOut)
    i.USBD_MSC_DeInit                        0x08002950   Section        0  usbd_msc.o(i.USBD_MSC_DeInit)
    i.USBD_MSC_GetDeviceQualifierDescriptor  0x08002984   Section        0  usbd_msc.o(i.USBD_MSC_GetDeviceQualifierDescriptor)
    i.USBD_MSC_GetFSCfgDesc                  0x08002990   Section        0  usbd_msc.o(i.USBD_MSC_GetFSCfgDesc)
    i.USBD_MSC_GetHSCfgDesc                  0x0800299c   Section        0  usbd_msc.o(i.USBD_MSC_GetHSCfgDesc)
    i.USBD_MSC_GetOtherSpeedCfgDesc          0x080029a8   Section        0  usbd_msc.o(i.USBD_MSC_GetOtherSpeedCfgDesc)
    i.USBD_MSC_Init                          0x080029b4   Section        0  usbd_msc.o(i.USBD_MSC_Init)
    i.USBD_MSC_RegisterStorage               0x08002a16   Section        0  usbd_msc.o(i.USBD_MSC_RegisterStorage)
    i.USBD_MSC_Setup                         0x08002a24   Section        0  usbd_msc.o(i.USBD_MSC_Setup)
    i.USBD_ParseSetupRequest                 0x08002af0   Section        0  usbd_ctlreq.o(i.USBD_ParseSetupRequest)
    i.USBD_RegisterClass                     0x08002b1c   Section        0  usbd_core.o(i.USBD_RegisterClass)
    i.USBD_SetClassConfig                    0x08002b3e   Section        0  usbd_core.o(i.USBD_SetClassConfig)
    i.USBD_SetConfig                         0x08002b54   Section        0  usbd_ctlreq.o(i.USBD_SetConfig)
    USBD_SetConfig                           0x08002b55   Thumb Code   182  usbd_ctlreq.o(i.USBD_SetConfig)
    i.USBD_Start                             0x08002c10   Section        0  usbd_core.o(i.USBD_Start)
    i.USBD_StdDevReq                         0x08002c14   Section        0  usbd_ctlreq.o(i.USBD_StdDevReq)
    i.USBD_StdEPReq                          0x08002d28   Section        0  usbd_ctlreq.o(i.USBD_StdEPReq)
    i.USBD_StdItfReq                         0x08002e74   Section        0  usbd_ctlreq.o(i.USBD_StdItfReq)
    i.USB_ActivateEndpoint                   0x08002ec8   Section        0  stm32f4xx_ll_usb.o(i.USB_ActivateEndpoint)
    i.USB_ActivateSetup                      0x08002f48   Section        0  stm32f4xx_ll_usb.o(i.USB_ActivateSetup)
    i.USB_CoreInit                           0x08002f64   Section        0  stm32f4xx_ll_usb.o(i.USB_CoreInit)
    i.USB_CoreReset                          0x08002fd8   Section        0  stm32f4xx_ll_usb.o(i.USB_CoreReset)
    USB_CoreReset                            0x08002fd9   Thumb Code    50  stm32f4xx_ll_usb.o(i.USB_CoreReset)
    i.USB_DeactivateEndpoint                 0x08003010   Section        0  stm32f4xx_ll_usb.o(i.USB_DeactivateEndpoint)
    i.USB_DevConnect                         0x080030dc   Section        0  stm32f4xx_ll_usb.o(i.USB_DevConnect)
    i.USB_DevDisconnect                      0x080030f8   Section        0  stm32f4xx_ll_usb.o(i.USB_DevDisconnect)
    i.USB_DevInit                            0x08003114   Section        0  stm32f4xx_ll_usb.o(i.USB_DevInit)
    i.USB_DisableGlobalInt                   0x08003288   Section        0  stm32f4xx_ll_usb.o(i.USB_DisableGlobalInt)
    i.USB_EP0StartXfer                       0x08003294   Section        0  stm32f4xx_ll_usb.o(i.USB_EP0StartXfer)
    i.USB_EP0_OutStart                       0x080033ac   Section        0  stm32f4xx_ll_usb.o(i.USB_EP0_OutStart)
    i.USB_EPClearStall                       0x08003404   Section        0  stm32f4xx_ll_usb.o(i.USB_EPClearStall)
    i.USB_EPSetStall                         0x0800345c   Section        0  stm32f4xx_ll_usb.o(i.USB_EPSetStall)
    i.USB_EPStartXfer                        0x080034b4   Section        0  stm32f4xx_ll_usb.o(i.USB_EPStartXfer)
    i.USB_EnableGlobalInt                    0x0800369c   Section        0  stm32f4xx_ll_usb.o(i.USB_EnableGlobalInt)
    i.USB_FlushRxFifo                        0x080036a8   Section        0  stm32f4xx_ll_usb.o(i.USB_FlushRxFifo)
    i.USB_FlushTxFifo                        0x080036c8   Section        0  stm32f4xx_ll_usb.o(i.USB_FlushTxFifo)
    i.USB_GetDevSpeed                        0x080036ec   Section        0  stm32f4xx_ll_usb.o(i.USB_GetDevSpeed)
    i.USB_GetMode                            0x08003706   Section        0  stm32f4xx_ll_usb.o(i.USB_GetMode)
    i.USB_ReadDevAllInEpInterrupt            0x0800370e   Section        0  stm32f4xx_ll_usb.o(i.USB_ReadDevAllInEpInterrupt)
    i.USB_ReadDevAllOutEpInterrupt           0x0800371c   Section        0  stm32f4xx_ll_usb.o(i.USB_ReadDevAllOutEpInterrupt)
    i.USB_ReadDevInEPInterrupt               0x0800372a   Section        0  stm32f4xx_ll_usb.o(i.USB_ReadDevInEPInterrupt)
    i.USB_ReadDevOutEPInterrupt              0x0800374e   Section        0  stm32f4xx_ll_usb.o(i.USB_ReadDevOutEPInterrupt)
    i.USB_ReadInterrupts                     0x0800375e   Section        0  stm32f4xx_ll_usb.o(i.USB_ReadInterrupts)
    i.USB_ReadPacket                         0x08003766   Section        0  stm32f4xx_ll_usb.o(i.USB_ReadPacket)
    i.USB_SetCurrentMode                     0x08003782   Section        0  stm32f4xx_ll_usb.o(i.USB_SetCurrentMode)
    i.USB_SetDevAddress                      0x080037b0   Section        0  stm32f4xx_ll_usb.o(i.USB_SetDevAddress)
    i.USB_SetTurnaroundTime                  0x080037d4   Section        0  stm32f4xx_ll_usb.o(i.USB_SetTurnaroundTime)
    i.USB_WritePacket                        0x080038bc   Section        0  stm32f4xx_ll_usb.o(i.USB_WritePacket)
    i.UsageFault_Handler                     0x080038e0   Section        0  stm32f4xx_it.o(i.UsageFault_Handler)
    i.__NVIC_SetPriority                     0x080038e2   Section        0  stm32f4xx_hal_cortex.o(i.__NVIC_SetPriority)
    __NVIC_SetPriority                       0x080038e3   Thumb Code    32  stm32f4xx_hal_cortex.o(i.__NVIC_SetPriority)
    i.__scatterload_copy                     0x08003902   Section       14  handlers.o(i.__scatterload_copy)
    i.__scatterload_null                     0x08003910   Section        2  handlers.o(i.__scatterload_null)
    i.__scatterload_zeroinit                 0x08003912   Section       14  handlers.o(i.__scatterload_zeroinit)
    i.free                                   0x08003920   Section        0  malloc.o(i.free)
    i.main                                   0x08003970   Section        0  main.o(i.main)
    i.malloc                                 0x080039a8   Section        0  malloc.o(i.malloc)
    .constdata                               0x08003a14   Section       36  usbd_storage_if.o(.constdata)
    .constdata                               0x08003a38   Section       16  system_stm32f4xx.o(.constdata)
    .data                                    0x10000000   Section       28  usbd_desc.o(.data)
    .data                                    0x1000001c   Section       50  usbd_desc.o(.data)
    .data                                    0x10000050   Section       32  usbd_storage_if.o(.data)
    .data                                    0x10000070   Section       12  stm32f4xx_hal.o(.data)
    .data                                    0x1000007c   Section        4  system_stm32f4xx.o(.data)
    .data                                    0x10000080   Section        1  usbd_ctlreq.o(.data)
    cfgidx                                   0x10000080   Data           1  usbd_ctlreq.o(.data)
    .data                                    0x10000084   Section       56  usbd_msc.o(.data)
    .data                                    0x100000bc   Section      106  usbd_msc.o(.data)
    USBD_MSC_CfgHSDesc                       0x100000bc   Data          32  usbd_msc.o(.data)
    USBD_MSC_CfgFSDesc                       0x100000dc   Data          32  usbd_msc.o(.data)
    USBD_MSC_OtherSpeedCfgDesc               0x100000fc   Data          32  usbd_msc.o(.data)
    USBD_MSC_DeviceQualifierDesc             0x1000011c   Data          10  usbd_msc.o(.data)
    .data                                    0x10000126   Section        6  usbd_msc_data.o(.data)
    .data                                    0x1000012c   Section        8  usbd_msc_data.o(.data)
    .data                                    0x10000134   Section       23  usbd_msc_data.o(.data)
    .data                                    0x1000014b   Section       27  usbd_msc_data.o(.data)
    .data                                    0x10000168   Section        4  mvars.o(.data)
    .data                                    0x1000016c   Section        4  mvars.o(.data)
    .bss                                     0x10000170   Section      720  usb_device.o(.bss)
    .bss                                     0x10000440   Section      512  usbd_desc.o(.bss)
    .bss                                     0x10000640   Section     1032  usbd_conf.o(.bss)
    HEAP                                     0x10000a48   Section      512  startup_stm32f407xx.o(HEAP)
    STACK                                    0x10000c48   Section     1024  startup_stm32f407xx.o(STACK)
    .bss                                     0x20000000   Section    102400  usbd_storage_if.o(.bss)

    Global Symbols

    Symbol Name                              Value     Ov Type        Size  Object(Section)

    BuildAttributes$$THM_ISAv4$E$P$D$K$B$S$7EM$VFPi3$EXTD16$VFPS$VFMA$PE$A:L22UL41UL21$X:L11$S22US41US21$IEEE1$IW$USESV6$~STKCKD$USESV7$~SHL$OSPACE$EBA8$MICROLIB$REQ8$PRES8$EABIv2 0x00000000   Number         0  anon$$obj.o ABSOLUTE
    __ARM_use_no_argv                        0x00000000   Number         0  main.o ABSOLUTE
    __cpp_initialize__aeabi_                  - Undefined Weak Reference
    __cxa_finalize                            - Undefined Weak Reference
    _clock_init                               - Undefined Weak Reference
    _microlib_exit                            - Undefined Weak Reference
    __Vectors_Size                           0x00000188   Number         0  startup_stm32f407xx.o ABSOLUTE
    __Vectors                                0x08000000   Data           4  startup_stm32f407xx.o(RESET)
    __Vectors_End                            0x08000188   Data           0  startup_stm32f407xx.o(RESET)
    __main                                   0x08000189   Thumb Code     0  entry.o(.ARM.Collect$$$$00000000)
    _main_stk                                0x08000189   Thumb Code     0  entry2.o(.ARM.Collect$$$$00000001)
    _main_scatterload                        0x0800018d   Thumb Code     0  entry5.o(.ARM.Collect$$$$00000004)
    __main_after_scatterload                 0x08000191   Thumb Code     0  entry5.o(.ARM.Collect$$$$00000004)
    _main_clock                              0x08000191   Thumb Code     0  entry7b.o(.ARM.Collect$$$$00000008)
    _main_cpp_init                           0x08000191   Thumb Code     0  entry8b.o(.ARM.Collect$$$$0000000A)
    _main_init                               0x08000191   Thumb Code     0  entry9a.o(.ARM.Collect$$$$0000000B)
    __rt_final_cpp                           0x08000199   Thumb Code     0  entry10a.o(.ARM.Collect$$$$0000000D)
    __rt_final_exit                          0x08000199   Thumb Code     0  entry11a.o(.ARM.Collect$$$$0000000F)
    Reset_Handler                            0x0800019d   Thumb Code     8  startup_stm32f407xx.o(.text)
    ADC_IRQHandler                           0x080001b7   Thumb Code     0  startup_stm32f407xx.o(.text)
    CAN1_RX0_IRQHandler                      0x080001b7   Thumb Code     0  startup_stm32f407xx.o(.text)
    CAN1_RX1_IRQHandler                      0x080001b7   Thumb Code     0  startup_stm32f407xx.o(.text)
    CAN1_SCE_IRQHandler                      0x080001b7   Thumb Code     0  startup_stm32f407xx.o(.text)
    CAN1_TX_IRQHandler                       0x080001b7   Thumb Code     0  startup_stm32f407xx.o(.text)
    CAN2_RX0_IRQHandler                      0x080001b7   Thumb Code     0  startup_stm32f407xx.o(.text)
    CAN2_RX1_IRQHandler                      0x080001b7   Thumb Code     0  startup_stm32f407xx.o(.text)
    CAN2_SCE_IRQHandler                      0x080001b7   Thumb Code     0  startup_stm32f407xx.o(.text)
    CAN2_TX_IRQHandler                       0x080001b7   Thumb Code     0  startup_stm32f407xx.o(.text)
    DCMI_IRQHandler                          0x080001b7   Thumb Code     0  startup_stm32f407xx.o(.text)
    DMA1_Stream0_IRQHandler                  0x080001b7   Thumb Code     0  startup_stm32f407xx.o(.text)
    DMA1_Stream1_IRQHandler                  0x080001b7   Thumb Code     0  startup_stm32f407xx.o(.text)
    DMA1_Stream2_IRQHandler                  0x080001b7   Thumb Code     0  startup_stm32f407xx.o(.text)
    DMA1_Stream3_IRQHandler                  0x080001b7   Thumb Code     0  startup_stm32f407xx.o(.text)
    DMA1_Stream4_IRQHandler                  0x080001b7   Thumb Code     0  startup_stm32f407xx.o(.text)
    DMA1_Stream5_IRQHandler                  0x080001b7   Thumb Code     0  startup_stm32f407xx.o(.text)
    DMA1_Stream6_IRQHandler                  0x080001b7   Thumb Code     0  startup_stm32f407xx.o(.text)
    DMA1_Stream7_IRQHandler                  0x080001b7   Thumb Code     0  startup_stm32f407xx.o(.text)
    DMA2_Stream0_IRQHandler                  0x080001b7   Thumb Code     0  startup_stm32f407xx.o(.text)
    DMA2_Stream1_IRQHandler                  0x080001b7   Thumb Code     0  startup_stm32f407xx.o(.text)
    DMA2_Stream2_IRQHandler                  0x080001b7   Thumb Code     0  startup_stm32f407xx.o(.text)
    DMA2_Stream3_IRQHandler                  0x080001b7   Thumb Code     0  startup_stm32f407xx.o(.text)
    DMA2_Stream4_IRQHandler                  0x080001b7   Thumb Code     0  startup_stm32f407xx.o(.text)
    DMA2_Stream5_IRQHandler                  0x080001b7   Thumb Code     0  startup_stm32f407xx.o(.text)
    DMA2_Stream6_IRQHandler                  0x080001b7   Thumb Code     0  startup_stm32f407xx.o(.text)
    DMA2_Stream7_IRQHandler                  0x080001b7   Thumb Code     0  startup_stm32f407xx.o(.text)
    ETH_IRQHandler                           0x080001b7   Thumb Code     0  startup_stm32f407xx.o(.text)
    ETH_WKUP_IRQHandler                      0x080001b7   Thumb Code     0  startup_stm32f407xx.o(.text)
    EXTI0_IRQHandler                         0x080001b7   Thumb Code     0  startup_stm32f407xx.o(.text)
    EXTI15_10_IRQHandler                     0x080001b7   Thumb Code     0  startup_stm32f407xx.o(.text)
    EXTI1_IRQHandler                         0x080001b7   Thumb Code     0  startup_stm32f407xx.o(.text)
    EXTI2_IRQHandler                         0x080001b7   Thumb Code     0  startup_stm32f407xx.o(.text)
    EXTI3_IRQHandler                         0x080001b7   Thumb Code     0  startup_stm32f407xx.o(.text)
    EXTI4_IRQHandler                         0x080001b7   Thumb Code     0  startup_stm32f407xx.o(.text)
    EXTI9_5_IRQHandler                       0x080001b7   Thumb Code     0  startup_stm32f407xx.o(.text)
    FLASH_IRQHandler                         0x080001b7   Thumb Code     0  startup_stm32f407xx.o(.text)
    FMC_IRQHandler                           0x080001b7   Thumb Code     0  startup_stm32f407xx.o(.text)
    FPU_IRQHandler                           0x080001b7   Thumb Code     0  startup_stm32f407xx.o(.text)
    HASH_RNG_IRQHandler                      0x080001b7   Thumb Code     0  startup_stm32f407xx.o(.text)
    I2C1_ER_IRQHandler                       0x080001b7   Thumb Code     0  startup_stm32f407xx.o(.text)
    I2C1_EV_IRQHandler                       0x080001b7   Thumb Code     0  startup_stm32f407xx.o(.text)
    I2C2_ER_IRQHandler                       0x080001b7   Thumb Code     0  startup_stm32f407xx.o(.text)
    I2C2_EV_IRQHandler                       0x080001b7   Thumb Code     0  startup_stm32f407xx.o(.text)
    I2C3_ER_IRQHandler                       0x080001b7   Thumb Code     0  startup_stm32f407xx.o(.text)
    I2C3_EV_IRQHandler                       0x080001b7   Thumb Code     0  startup_stm32f407xx.o(.text)
    OTG_FS_WKUP_IRQHandler                   0x080001b7   Thumb Code     0  startup_stm32f407xx.o(.text)
    OTG_HS_EP1_IN_IRQHandler                 0x080001b7   Thumb Code     0  startup_stm32f407xx.o(.text)
    OTG_HS_EP1_OUT_IRQHandler                0x080001b7   Thumb Code     0  startup_stm32f407xx.o(.text)
    OTG_HS_IRQHandler                        0x080001b7   Thumb Code     0  startup_stm32f407xx.o(.text)
    OTG_HS_WKUP_IRQHandler                   0x080001b7   Thumb Code     0  startup_stm32f407xx.o(.text)
    PVD_IRQHandler                           0x080001b7   Thumb Code     0  startup_stm32f407xx.o(.text)
    RCC_IRQHandler                           0x080001b7   Thumb Code     0  startup_stm32f407xx.o(.text)
    RTC_Alarm_IRQHandler                     0x080001b7   Thumb Code     0  startup_stm32f407xx.o(.text)
    RTC_WKUP_IRQHandler                      0x080001b7   Thumb Code     0  startup_stm32f407xx.o(.text)
    SDIO_IRQHandler                          0x080001b7   Thumb Code     0  startup_stm32f407xx.o(.text)
    SPI1_IRQHandler                          0x080001b7   Thumb Code     0  startup_stm32f407xx.o(.text)
    SPI2_IRQHandler                          0x080001b7   Thumb Code     0  startup_stm32f407xx.o(.text)
    SPI3_IRQHandler                          0x080001b7   Thumb Code     0  startup_stm32f407xx.o(.text)
    TAMP_STAMP_IRQHandler                    0x080001b7   Thumb Code     0  startup_stm32f407xx.o(.text)
    TIM1_BRK_TIM9_IRQHandler                 0x080001b7   Thumb Code     0  startup_stm32f407xx.o(.text)
    TIM1_CC_IRQHandler                       0x080001b7   Thumb Code     0  startup_stm32f407xx.o(.text)
    TIM1_TRG_COM_TIM11_IRQHandler            0x080001b7   Thumb Code     0  startup_stm32f407xx.o(.text)
    TIM1_UP_TIM10_IRQHandler                 0x080001b7   Thumb Code     0  startup_stm32f407xx.o(.text)
    TIM2_IRQHandler                          0x080001b7   Thumb Code     0  startup_stm32f407xx.o(.text)
    TIM3_IRQHandler                          0x080001b7   Thumb Code     0  startup_stm32f407xx.o(.text)
    TIM4_IRQHandler                          0x080001b7   Thumb Code     0  startup_stm32f407xx.o(.text)
    TIM5_IRQHandler                          0x080001b7   Thumb Code     0  startup_stm32f407xx.o(.text)
    TIM6_DAC_IRQHandler                      0x080001b7   Thumb Code     0  startup_stm32f407xx.o(.text)
    TIM7_IRQHandler                          0x080001b7   Thumb Code     0  startup_stm32f407xx.o(.text)
    TIM8_BRK_TIM12_IRQHandler                0x080001b7   Thumb Code     0  startup_stm32f407xx.o(.text)
    TIM8_CC_IRQHandler                       0x080001b7   Thumb Code     0  startup_stm32f407xx.o(.text)
    TIM8_TRG_COM_TIM14_IRQHandler            0x080001b7   Thumb Code     0  startup_stm32f407xx.o(.text)
    TIM8_UP_TIM13_IRQHandler                 0x080001b7   Thumb Code     0  startup_stm32f407xx.o(.text)
    UART4_IRQHandler                         0x080001b7   Thumb Code     0  startup_stm32f407xx.o(.text)
    UART5_IRQHandler                         0x080001b7   Thumb Code     0  startup_stm32f407xx.o(.text)
    USART1_IRQHandler                        0x080001b7   Thumb Code     0  startup_stm32f407xx.o(.text)
    USART2_IRQHandler                        0x080001b7   Thumb Code     0  startup_stm32f407xx.o(.text)
    USART3_IRQHandler                        0x080001b7   Thumb Code     0  startup_stm32f407xx.o(.text)
    USART6_IRQHandler                        0x080001b7   Thumb Code     0  startup_stm32f407xx.o(.text)
    WWDG_IRQHandler                          0x080001b7   Thumb Code     0  startup_stm32f407xx.o(.text)
    __aeabi_uldivmod                         0x080001c1   Thumb Code    98  uldiv.o(.text)
    __aeabi_memcpy                           0x08000223   Thumb Code    36  memcpya.o(.text)
    __aeabi_memcpy4                          0x08000223   Thumb Code     0  memcpya.o(.text)
    __aeabi_memcpy8                          0x08000223   Thumb Code     0  memcpya.o(.text)
    __aeabi_memset                           0x08000247   Thumb Code    14  memseta.o(.text)
    __aeabi_memset4                          0x08000247   Thumb Code     0  memseta.o(.text)
    __aeabi_memset8                          0x08000247   Thumb Code     0  memseta.o(.text)
    __aeabi_memclr                           0x08000255   Thumb Code     4  memseta.o(.text)
    __aeabi_memclr4                          0x08000255   Thumb Code     0  memseta.o(.text)
    __aeabi_memclr8                          0x08000255   Thumb Code     0  memseta.o(.text)
    _memset$wrapper                          0x08000259   Thumb Code    18  memseta.o(.text)
    __aeabi_llsl                             0x0800026b   Thumb Code    30  llshl.o(.text)
    _ll_shift_l                              0x0800026b   Thumb Code     0  llshl.o(.text)
    __aeabi_llsr                             0x08000289   Thumb Code    32  llushr.o(.text)
    _ll_ushift_r                             0x08000289   Thumb Code     0  llushr.o(.text)
    __scatterload                            0x080002a9   Thumb Code    28  init.o(.text)
    __scatterload_rt2                        0x080002a9   Thumb Code     0  init.o(.text)
    __decompress                             0x080002cd   Thumb Code     0  __dczerorl2.o(.text)
    __decompress1                            0x080002cd   Thumb Code    86  __dczerorl2.o(.text)
    BusFault_Handler                         0x08000323   Thumb Code     2  stm32f4xx_it.o(i.BusFault_Handler)
    DebugMon_Handler                         0x08000325   Thumb Code     2  stm32f4xx_it.o(i.DebugMon_Handler)
    Error_Handler                            0x08000327   Thumb Code     4  main.o(i.Error_Handler)
    HAL_Delay                                0x0800032d   Thumb Code    32  stm32f4xx_hal.o(i.HAL_Delay)
    HAL_GPIO_Init                            0x08000351   Thumb Code   394  stm32f4xx_hal_gpio.o(i.HAL_GPIO_Init)
    HAL_GetTick                              0x08000509   Thumb Code     6  stm32f4xx_hal.o(i.HAL_GetTick)
    HAL_IncTick                              0x08000515   Thumb Code    12  stm32f4xx_hal.o(i.HAL_IncTick)
    HAL_Init                                 0x08000525   Thumb Code    48  stm32f4xx_hal.o(i.HAL_Init)
    HAL_InitTick                             0x08000559   Thumb Code    54  stm32f4xx_hal.o(i.HAL_InitTick)
    HAL_MspInit                              0x08000599   Thumb Code    42  stm32f4xx_hal_msp.o(i.HAL_MspInit)
    HAL_NVIC_EnableIRQ                       0x080005c9   Thumb Code    26  stm32f4xx_hal_cortex.o(i.HAL_NVIC_EnableIRQ)
    HAL_NVIC_SetPriority                     0x080005e5   Thumb Code    60  stm32f4xx_hal_cortex.o(i.HAL_NVIC_SetPriority)
    HAL_NVIC_SetPriorityGrouping             0x08000625   Thumb Code    26  stm32f4xx_hal_cortex.o(i.HAL_NVIC_SetPriorityGrouping)
    HAL_PCDEx_LPM_Callback                   0x08000649   Thumb Code     2  stm32f4xx_hal_pcd_ex.o(i.HAL_PCDEx_LPM_Callback)
    HAL_PCDEx_SetRxFiFo                      0x0800064b   Thumb Code     8  stm32f4xx_hal_pcd_ex.o(i.HAL_PCDEx_SetRxFiFo)
    HAL_PCDEx_SetTxFiFo                      0x08000653   Thumb Code    68  stm32f4xx_hal_pcd_ex.o(i.HAL_PCDEx_SetTxFiFo)
    HAL_PCD_ConnectCallback                  0x08000697   Thumb Code     8  usbd_conf.o(i.HAL_PCD_ConnectCallback)
    HAL_PCD_DataInStageCallback              0x0800069f   Thumb Code    18  usbd_conf.o(i.HAL_PCD_DataInStageCallback)
    HAL_PCD_DataOutStageCallback             0x080006b1   Thumb Code    20  usbd_conf.o(i.HAL_PCD_DataOutStageCallback)
    HAL_PCD_DisconnectCallback               0x080006c5   Thumb Code     8  usbd_conf.o(i.HAL_PCD_DisconnectCallback)
    HAL_PCD_EP_Close                         0x080006cd   Thumb Code    76  stm32f4xx_hal_pcd.o(i.HAL_PCD_EP_Close)
    HAL_PCD_EP_ClrStall                      0x08000719   Thumb Code    92  stm32f4xx_hal_pcd.o(i.HAL_PCD_EP_ClrStall)
    HAL_PCD_EP_Flush                         0x08000775   Thumb Code    52  stm32f4xx_hal_pcd.o(i.HAL_PCD_EP_Flush)
    HAL_PCD_EP_GetRxCount                    0x080007a9   Thumb Code    18  stm32f4xx_hal_pcd.o(i.HAL_PCD_EP_GetRxCount)
    HAL_PCD_EP_Open                          0x080007bb   Thumb Code    96  stm32f4xx_hal_pcd.o(i.HAL_PCD_EP_Open)
    HAL_PCD_EP_Receive                       0x0800081b   Thumb Code    72  stm32f4xx_hal_pcd.o(i.HAL_PCD_EP_Receive)
    HAL_PCD_EP_SetStall                      0x08000863   Thumb Code   116  stm32f4xx_hal_pcd.o(i.HAL_PCD_EP_SetStall)
    HAL_PCD_EP_Transmit                      0x080008d7   Thumb Code    64  stm32f4xx_hal_pcd.o(i.HAL_PCD_EP_Transmit)
    HAL_PCD_IRQHandler                       0x08000919   Thumb Code  1070  stm32f4xx_hal_pcd.o(i.HAL_PCD_IRQHandler)
    HAL_PCD_ISOINIncompleteCallback          0x08000d4d   Thumb Code     8  usbd_conf.o(i.HAL_PCD_ISOINIncompleteCallback)
    HAL_PCD_ISOOUTIncompleteCallback         0x08000d55   Thumb Code     8  usbd_conf.o(i.HAL_PCD_ISOOUTIncompleteCallback)
    HAL_PCD_Init                             0x08000d5d   Thumb Code   226  stm32f4xx_hal_pcd.o(i.HAL_PCD_Init)
    HAL_PCD_MspInit                          0x08000e41   Thumb Code   122  usbd_conf.o(i.HAL_PCD_MspInit)
    HAL_PCD_ResetCallback                    0x08000ec5   Thumb Code    44  usbd_conf.o(i.HAL_PCD_ResetCallback)
    HAL_PCD_ResumeCallback                   0x08000ef1   Thumb Code     8  usbd_conf.o(i.HAL_PCD_ResumeCallback)
    HAL_PCD_SOFCallback                      0x08000ef9   Thumb Code     8  usbd_conf.o(i.HAL_PCD_SOFCallback)
    HAL_PCD_SetAddress                       0x08000f01   Thumb Code    40  stm32f4xx_hal_pcd.o(i.HAL_PCD_SetAddress)
    HAL_PCD_SetupStageCallback               0x08000f29   Thumb Code    14  usbd_conf.o(i.HAL_PCD_SetupStageCallback)
    HAL_PCD_Start                            0x08000f37   Thumb Code    66  stm32f4xx_hal_pcd.o(i.HAL_PCD_Start)
    HAL_PCD_SuspendCallback                  0x08000f79   Thumb Code    44  usbd_conf.o(i.HAL_PCD_SuspendCallback)
    HAL_RCC_ClockConfig                      0x08000fa9   Thumb Code   288  stm32f4xx_hal_rcc.o(i.HAL_RCC_ClockConfig)
    HAL_RCC_GetHCLKFreq                      0x080010dd   Thumb Code     6  stm32f4xx_hal_rcc.o(i.HAL_RCC_GetHCLKFreq)
    HAL_RCC_GetSysClockFreq                  0x080010e9   Thumb Code    88  stm32f4xx_hal_rcc.o(i.HAL_RCC_GetSysClockFreq)
    HAL_RCC_OscConfig                        0x08001149   Thumb Code   840  stm32f4xx_hal_rcc.o(i.HAL_RCC_OscConfig)
    HAL_SYSTICK_Config                       0x080014a5   Thumb Code    40  stm32f4xx_hal_cortex.o(i.HAL_SYSTICK_Config)
    HardFault_Handler                        0x080014cd   Thumb Code     2  stm32f4xx_it.o(i.HardFault_Handler)
    MSC_BOT_CplClrFeature                    0x08001619   Thumb Code    56  usbd_msc_bot.o(i.MSC_BOT_CplClrFeature)
    MSC_BOT_DataIn                           0x08001651   Thumb Code    58  usbd_msc_bot.o(i.MSC_BOT_DataIn)
    MSC_BOT_DataOut                          0x0800168b   Thumb Code    58  usbd_msc_bot.o(i.MSC_BOT_DataOut)
    MSC_BOT_DeInit                           0x080016c5   Thumb Code    10  usbd_msc_bot.o(i.MSC_BOT_DeInit)
    MSC_BOT_Init                             0x080016cf   Thumb Code    70  usbd_msc_bot.o(i.MSC_BOT_Init)
    MSC_BOT_Reset                            0x08001715   Thumb Code    50  usbd_msc_bot.o(i.MSC_BOT_Reset)
    MSC_BOT_SendCSW                          0x08001749   Thumb Code    54  usbd_msc_bot.o(i.MSC_BOT_SendCSW)
    MX_USB_DEVICE_Init                       0x08001785   Thumb Code    66  usb_device.o(i.MX_USB_DEVICE_Init)
    MemManage_Handler                        0x080017d9   Thumb Code     2  stm32f4xx_it.o(i.MemManage_Handler)
    NMI_Handler                              0x080017db   Thumb Code     2  stm32f4xx_it.o(i.NMI_Handler)
    OTG_FS_IRQHandler                        0x080017dd   Thumb Code     6  stm32f4xx_it.o(i.OTG_FS_IRQHandler)
    PendSV_Handler                           0x08001957   Thumb Code     2  stm32f4xx_it.o(i.PendSV_Handler)
    SCSI_ProcessCmd                          0x080019f1   Thumb Code   406  usbd_msc_scsi.o(i.SCSI_ProcessCmd)
    SCSI_SenseCode                           0x08001ff7   Thumb Code    64  usbd_msc_scsi.o(i.SCSI_SenseCode)
    SVC_Handler                              0x08002231   Thumb Code     2  stm32f4xx_it.o(i.SVC_Handler)
    SysTick_Handler                          0x0800223d   Thumb Code     4  stm32f4xx_it.o(i.SysTick_Handler)
    SystemClock_Config                       0x08002241   Thumb Code   140  main.o(i.SystemClock_Config)
    SystemInit                               0x080022d5   Thumb Code    22  system_stm32f4xx.o(i.SystemInit)
    USBD_ClrClassConfig                      0x080022f1   Thumb Code    16  usbd_core.o(i.USBD_ClrClassConfig)
    USBD_CtlContinueRx                       0x08002301   Thumb Code    16  usbd_ioreq.o(i.USBD_CtlContinueRx)
    USBD_CtlContinueSendData                 0x08002311   Thumb Code    16  usbd_ioreq.o(i.USBD_CtlContinueSendData)
    USBD_CtlError                            0x08002321   Thumb Code    22  usbd_ctlreq.o(i.USBD_CtlError)
    USBD_CtlReceiveStatus                    0x08002337   Thumb Code    22  usbd_ioreq.o(i.USBD_CtlReceiveStatus)
    USBD_CtlSendData                         0x0800234d   Thumb Code    26  usbd_ioreq.o(i.USBD_CtlSendData)
    USBD_CtlSendStatus                       0x08002367   Thumb Code    22  usbd_ioreq.o(i.USBD_CtlSendStatus)
    USBD_FS_ConfigStrDescriptor              0x0800237d   Thumb Code    16  usbd_desc.o(i.USBD_FS_ConfigStrDescriptor)
    USBD_FS_DeviceDescriptor                 0x0800239d   Thumb Code     8  usbd_desc.o(i.USBD_FS_DeviceDescriptor)
    USBD_FS_InterfaceStrDescriptor           0x080023a9   Thumb Code    16  usbd_desc.o(i.USBD_FS_InterfaceStrDescriptor)
    USBD_FS_LangIDStrDescriptor              0x080023cd   Thumb Code     8  usbd_desc.o(i.USBD_FS_LangIDStrDescriptor)
    USBD_FS_ManufacturerStrDescriptor        0x080023d9   Thumb Code    16  usbd_desc.o(i.USBD_FS_ManufacturerStrDescriptor)
    USBD_FS_ProductStrDescriptor             0x08002401   Thumb Code    16  usbd_desc.o(i.USBD_FS_ProductStrDescriptor)
    USBD_FS_SerialStrDescriptor              0x08002429   Thumb Code    48  usbd_desc.o(i.USBD_FS_SerialStrDescriptor)
    USBD_GetString                           0x08002547   Thumb Code    72  usbd_ctlreq.o(i.USBD_GetString)
    USBD_Get_USB_Status                      0x0800258f   Thumb Code    24  usbd_conf.o(i.USBD_Get_USB_Status)
    USBD_Init                                0x080025a7   Thumb Code    52  usbd_core.o(i.USBD_Init)
    USBD_LL_ClearStallEP                     0x080025db   Thumb Code    18  usbd_conf.o(i.USBD_LL_ClearStallEP)
    USBD_LL_CloseEP                          0x080025ed   Thumb Code    18  usbd_conf.o(i.USBD_LL_CloseEP)
    USBD_LL_DataInStage                      0x080025ff   Thumb Code   170  usbd_core.o(i.USBD_LL_DataInStage)
    USBD_LL_DataOutStage                     0x080026a9   Thumb Code   110  usbd_core.o(i.USBD_LL_DataOutStage)
    USBD_LL_DevConnected                     0x08002717   Thumb Code     4  usbd_core.o(i.USBD_LL_DevConnected)
    USBD_LL_DevDisconnected                  0x0800271b   Thumb Code    24  usbd_core.o(i.USBD_LL_DevDisconnected)
    USBD_LL_FlushEP                          0x08002733   Thumb Code    18  usbd_conf.o(i.USBD_LL_FlushEP)
    USBD_LL_GetRxDataSize                    0x08002745   Thumb Code     8  usbd_conf.o(i.USBD_LL_GetRxDataSize)
    USBD_LL_Init                             0x0800274d   Thumb Code    90  usbd_conf.o(i.USBD_LL_Init)
    USBD_LL_IsStallEP                        0x080027ad   Thumb Code    32  usbd_conf.o(i.USBD_LL_IsStallEP)
    USBD_LL_IsoINIncomplete                  0x080027cd   Thumb Code     4  usbd_core.o(i.USBD_LL_IsoINIncomplete)
    USBD_LL_IsoOUTIncomplete                 0x080027d1   Thumb Code     4  usbd_core.o(i.USBD_LL_IsoOUTIncomplete)
    USBD_LL_OpenEP                           0x080027d5   Thumb Code    24  usbd_conf.o(i.USBD_LL_OpenEP)
    USBD_LL_PrepareReceive                   0x080027ed   Thumb Code    18  usbd_conf.o(i.USBD_LL_PrepareReceive)
    USBD_LL_Reset                            0x080027ff   Thumb Code    82  usbd_core.o(i.USBD_LL_Reset)
    USBD_LL_Resume                           0x08002851   Thumb Code    20  usbd_core.o(i.USBD_LL_Resume)
    USBD_LL_SOF                              0x08002865   Thumb Code    24  usbd_core.o(i.USBD_LL_SOF)
    USBD_LL_SetSpeed                         0x0800287d   Thumb Code     6  usbd_core.o(i.USBD_LL_SetSpeed)
    USBD_LL_SetUSBAddress                    0x08002883   Thumb Code    18  usbd_conf.o(i.USBD_LL_SetUSBAddress)
    USBD_LL_SetupStage                       0x08002895   Thumb Code    96  usbd_core.o(i.USBD_LL_SetupStage)
    USBD_LL_StallEP                          0x080028f5   Thumb Code    18  usbd_conf.o(i.USBD_LL_StallEP)
    USBD_LL_Start                            0x08002907   Thumb Code    18  usbd_conf.o(i.USBD_LL_Start)
    USBD_LL_Suspend                          0x08002919   Thumb Code    18  usbd_core.o(i.USBD_LL_Suspend)
    USBD_LL_Transmit                         0x0800292b   Thumb Code    18  usbd_conf.o(i.USBD_LL_Transmit)
    USBD_MSC_DataIn                          0x0800293d   Thumb Code    10  usbd_msc.o(i.USBD_MSC_DataIn)
    USBD_MSC_DataOut                         0x08002947   Thumb Code    10  usbd_msc.o(i.USBD_MSC_DataOut)
    USBD_MSC_DeInit                          0x08002951   Thumb Code    50  usbd_msc.o(i.USBD_MSC_DeInit)
    USBD_MSC_GetDeviceQualifierDescriptor    0x08002985   Thumb Code     8  usbd_msc.o(i.USBD_MSC_GetDeviceQualifierDescriptor)
    USBD_MSC_GetFSCfgDesc                    0x08002991   Thumb Code     8  usbd_msc.o(i.USBD_MSC_GetFSCfgDesc)
    USBD_MSC_GetHSCfgDesc                    0x0800299d   Thumb Code     8  usbd_msc.o(i.USBD_MSC_GetHSCfgDesc)
    USBD_MSC_GetOtherSpeedCfgDesc            0x080029a9   Thumb Code     8  usbd_msc.o(i.USBD_MSC_GetOtherSpeedCfgDesc)
    USBD_MSC_Init                            0x080029b5   Thumb Code    98  usbd_msc.o(i.USBD_MSC_Init)
    USBD_MSC_RegisterStorage                 0x08002a17   Thumb Code    14  usbd_msc.o(i.USBD_MSC_RegisterStorage)
    USBD_MSC_Setup                           0x08002a25   Thumb Code   204  usbd_msc.o(i.USBD_MSC_Setup)
    USBD_ParseSetupRequest                   0x08002af1   Thumb Code    44  usbd_ctlreq.o(i.USBD_ParseSetupRequest)
    USBD_RegisterClass                       0x08002b1d   Thumb Code    34  usbd_core.o(i.USBD_RegisterClass)
    USBD_SetClassConfig                      0x08002b3f   Thumb Code    20  usbd_core.o(i.USBD_SetClassConfig)
    USBD_Start                               0x08002c11   Thumb Code     4  usbd_core.o(i.USBD_Start)
    USBD_StdDevReq                           0x08002c15   Thumb Code   276  usbd_ctlreq.o(i.USBD_StdDevReq)
    USBD_StdEPReq                            0x08002d29   Thumb Code   332  usbd_ctlreq.o(i.USBD_StdEPReq)
    USBD_StdItfReq                           0x08002e75   Thumb Code    82  usbd_ctlreq.o(i.USBD_StdItfReq)
    USB_ActivateEndpoint                     0x08002ec9   Thumb Code   122  stm32f4xx_ll_usb.o(i.USB_ActivateEndpoint)
    USB_ActivateSetup                        0x08002f49   Thumb Code    28  stm32f4xx_ll_usb.o(i.USB_ActivateSetup)
    USB_CoreInit                             0x08002f65   Thumb Code   112  stm32f4xx_ll_usb.o(i.USB_CoreInit)
    USB_DeactivateEndpoint                   0x08003011   Thumb Code   194  stm32f4xx_ll_usb.o(i.USB_DeactivateEndpoint)
    USB_DevConnect                           0x080030dd   Thumb Code    28  stm32f4xx_ll_usb.o(i.USB_DevConnect)
    USB_DevDisconnect                        0x080030f9   Thumb Code    28  stm32f4xx_ll_usb.o(i.USB_DevDisconnect)
    USB_DevInit                              0x08003115   Thumb Code   362  stm32f4xx_ll_usb.o(i.USB_DevInit)
    USB_DisableGlobalInt                     0x08003289   Thumb Code    12  stm32f4xx_ll_usb.o(i.USB_DisableGlobalInt)
    USB_EP0StartXfer                         0x08003295   Thumb Code   276  stm32f4xx_ll_usb.o(i.USB_EP0StartXfer)
    USB_EP0_OutStart                         0x080033ad   Thumb Code    84  stm32f4xx_ll_usb.o(i.USB_EP0_OutStart)
    USB_EPClearStall                         0x08003405   Thumb Code    88  stm32f4xx_ll_usb.o(i.USB_EPClearStall)
    USB_EPSetStall                           0x0800345d   Thumb Code    88  stm32f4xx_ll_usb.o(i.USB_EPSetStall)
    USB_EPStartXfer                          0x080034b5   Thumb Code   482  stm32f4xx_ll_usb.o(i.USB_EPStartXfer)
    USB_EnableGlobalInt                      0x0800369d   Thumb Code    12  stm32f4xx_ll_usb.o(i.USB_EnableGlobalInt)
    USB_FlushRxFifo                          0x080036a9   Thumb Code    28  stm32f4xx_ll_usb.o(i.USB_FlushRxFifo)
    USB_FlushTxFifo                          0x080036c9   Thumb Code    32  stm32f4xx_ll_usb.o(i.USB_FlushTxFifo)
    USB_GetDevSpeed                          0x080036ed   Thumb Code    26  stm32f4xx_ll_usb.o(i.USB_GetDevSpeed)
    USB_GetMode                              0x08003707   Thumb Code     8  stm32f4xx_ll_usb.o(i.USB_GetMode)
    USB_ReadDevAllInEpInterrupt              0x0800370f   Thumb Code    14  stm32f4xx_ll_usb.o(i.USB_ReadDevAllInEpInterrupt)
    USB_ReadDevAllOutEpInterrupt             0x0800371d   Thumb Code    14  stm32f4xx_ll_usb.o(i.USB_ReadDevAllOutEpInterrupt)
    USB_ReadDevInEPInterrupt                 0x0800372b   Thumb Code    36  stm32f4xx_ll_usb.o(i.USB_ReadDevInEPInterrupt)
    USB_ReadDevOutEPInterrupt                0x0800374f   Thumb Code    16  stm32f4xx_ll_usb.o(i.USB_ReadDevOutEPInterrupt)
    USB_ReadInterrupts                       0x0800375f   Thumb Code     8  stm32f4xx_ll_usb.o(i.USB_ReadInterrupts)
    USB_ReadPacket                           0x08003767   Thumb Code    28  stm32f4xx_ll_usb.o(i.USB_ReadPacket)
    USB_SetCurrentMode                       0x08003783   Thumb Code    46  stm32f4xx_ll_usb.o(i.USB_SetCurrentMode)
    USB_SetDevAddress                        0x080037b1   Thumb Code    34  stm32f4xx_ll_usb.o(i.USB_SetDevAddress)
    USB_SetTurnaroundTime                    0x080037d5   Thumb Code   158  stm32f4xx_ll_usb.o(i.USB_SetTurnaroundTime)
    USB_WritePacket                          0x080038bd   Thumb Code    36  stm32f4xx_ll_usb.o(i.USB_WritePacket)
    UsageFault_Handler                       0x080038e1   Thumb Code     2  stm32f4xx_it.o(i.UsageFault_Handler)
    __scatterload_copy                       0x08003903   Thumb Code    14  handlers.o(i.__scatterload_copy)
    __scatterload_null                       0x08003911   Thumb Code     2  handlers.o(i.__scatterload_null)
    __scatterload_zeroinit                   0x08003913   Thumb Code    14  handlers.o(i.__scatterload_zeroinit)
    free                                     0x08003921   Thumb Code    76  malloc.o(i.free)
    main                                     0x08003971   Thumb Code    50  main.o(i.main)
    malloc                                   0x080039a9   Thumb Code    92  malloc.o(i.malloc)
    STORAGE_Inquirydata_FS                   0x08003a14   Data          36  usbd_storage_if.o(.constdata)
    AHBPrescTable                            0x08003a38   Data          16  system_stm32f4xx.o(.constdata)
    Region$$Table$$Base                      0x08003a48   Number         0  anon$$obj.o(Region$$Table)
    Region$$Table$$Limit                     0x08003a78   Number         0  anon$$obj.o(Region$$Table)
    FS_Desc                                  0x10000000   Data          28  usbd_desc.o(.data)
    USBD_LangIDDesc                          0x1000001c   Data           4  usbd_desc.o(.data)
    USBD_FS_DeviceDesc                       0x10000020   Data          18  usbd_desc.o(.data)
    USBD_StringSerial                        0x10000034   Data          26  usbd_desc.o(.data)
    USBD_Storage_Interface_fops_FS           0x10000050   Data          32  usbd_storage_if.o(.data)
    uwTickFreq                               0x10000070   Data           1  stm32f4xx_hal.o(.data)
    uwTickPrio                               0x10000074   Data           4  stm32f4xx_hal.o(.data)
    uwTick                                   0x10000078   Data           4  stm32f4xx_hal.o(.data)
    SystemCoreClock                          0x1000007c   Data           4  system_stm32f4xx.o(.data)
    USBD_MSC                                 0x10000084   Data          56  usbd_msc.o(.data)
    MSC_Page00_Inquiry_Data                  0x10000126   Data           6  usbd_msc_data.o(.data)
    MSC_Page80_Inquiry_Data                  0x1000012c   Data           8  usbd_msc_data.o(.data)
    MSC_Mode_Sense6_data                     0x10000134   Data          23  usbd_msc_data.o(.data)
    MSC_Mode_Sense10_data                    0x1000014b   Data          27  usbd_msc_data.o(.data)
    __microlib_freelist                      0x10000168   Data           4  mvars.o(.data)
    __microlib_freelist_initialised          0x1000016c   Data           4  mvars.o(.data)
    hUsbDeviceFS                             0x10000170   Data         720  usb_device.o(.bss)
    USBD_StrDesc                             0x10000440   Data         512  usbd_desc.o(.bss)
    hpcd_USB_OTG_FS                          0x10000640   Data        1032  usbd_conf.o(.bss)
    __heap_base                              0x10000a48   Data           0  startup_stm32f407xx.o(HEAP)
    __heap_limit                             0x10000c48   Data           0  startup_stm32f407xx.o(HEAP)
    __initial_sp                             0x10001048   Data           0  startup_stm32f407xx.o(STACK)
    buffer                                   0x20000000   Data       102400  usbd_storage_if.o(.bss)



==============================================================================

Memory Map of the image

  Image Entry point : 0x08000189

  Load Region LR_IROM1 (Base: 0x08000000, Size: 0x00003be8, Max: 0x00080000, ABSOLUTE, COMPRESSED[0x00003b30])

    Execution Region ER_IROM1 (Exec base: 0x08000000, Load base: 0x08000000, Size: 0x00003a78, Max: 0x00080000, ABSOLUTE)

    Exec Addr    Load Addr    Size         Type   Attr      Idx    E Section Name        Object

    0x08000000   0x08000000   0x00000188   Data   RO            3    RESET               startup_stm32f407xx.o
    0x08000188   0x08000188   0x00000000   Code   RO         2991  * .ARM.Collect$$$$00000000  mc_w.l(entry.o)
    0x08000188   0x08000188   0x00000004   Code   RO         3030    .ARM.Collect$$$$00000001  mc_w.l(entry2.o)
    0x0800018c   0x0800018c   0x00000004   Code   RO         3033    .ARM.Collect$$$$00000004  mc_w.l(entry5.o)
    0x08000190   0x08000190   0x00000000   Code   RO         3035    .ARM.Collect$$$$00000008  mc_w.l(entry7b.o)
    0x08000190   0x08000190   0x00000000   Code   RO         3037    .ARM.Collect$$$$0000000A  mc_w.l(entry8b.o)
    0x08000190   0x08000190   0x00000008   Code   RO         3038    .ARM.Collect$$$$0000000B  mc_w.l(entry9a.o)
    0x08000198   0x08000198   0x00000000   Code   RO         3040    .ARM.Collect$$$$0000000D  mc_w.l(entry10a.o)
    0x08000198   0x08000198   0x00000000   Code   RO         3042    .ARM.Collect$$$$0000000F  mc_w.l(entry11a.o)
    0x08000198   0x08000198   0x00000004   Code   RO         3031    .ARM.Collect$$$$00002712  mc_w.l(entry2.o)
    0x0800019c   0x0800019c   0x00000024   Code   RO            4    .text               startup_stm32f407xx.o
    0x080001c0   0x080001c0   0x00000062   Code   RO         2994    .text               mc_w.l(uldiv.o)
    0x08000222   0x08000222   0x00000024   Code   RO         2996    .text               mc_w.l(memcpya.o)
    0x08000246   0x08000246   0x00000024   Code   RO         2998    .text               mc_w.l(memseta.o)
    0x0800026a   0x0800026a   0x0000001e   Code   RO         3044    .text               mc_w.l(llshl.o)
    0x08000288   0x08000288   0x00000020   Code   RO         3046    .text               mc_w.l(llushr.o)
    0x080002a8   0x080002a8   0x00000024   Code   RO         3050    .text               mc_w.l(init.o)
    0x080002cc   0x080002cc   0x00000056   Code   RO         3060    .text               mc_w.l(__dczerorl2.o)
    0x08000322   0x08000322   0x00000002   Code   RO          165    i.BusFault_Handler  stm32f4xx_it.o
    0x08000324   0x08000324   0x00000002   Code   RO          166    i.DebugMon_Handler  stm32f4xx_it.o
    0x08000326   0x08000326   0x00000004   Code   RO           13    i.Error_Handler     main.o
    0x0800032a   0x0800032a   0x00000002   PAD
    0x0800032c   0x0800032c   0x00000024   Code   RO         2117    i.HAL_Delay         stm32f4xx_hal.o
    0x08000350   0x08000350   0x000001b8   Code   RO         1591    i.HAL_GPIO_Init     stm32f4xx_hal_gpio.o
    0x08000508   0x08000508   0x0000000c   Code   RO         2123    i.HAL_GetTick       stm32f4xx_hal.o
    0x08000514   0x08000514   0x00000010   Code   RO         2129    i.HAL_IncTick       stm32f4xx_hal.o
    0x08000524   0x08000524   0x00000034   Code   RO         2130    i.HAL_Init          stm32f4xx_hal.o
    0x08000558   0x08000558   0x00000040   Code   RO         2131    i.HAL_InitTick      stm32f4xx_hal.o
    0x08000598   0x08000598   0x00000030   Code   RO          247    i.HAL_MspInit       stm32f4xx_hal_msp.o
    0x080005c8   0x080005c8   0x0000001a   Code   RO         1980    i.HAL_NVIC_EnableIRQ  stm32f4xx_hal_cortex.o
    0x080005e2   0x080005e2   0x00000002   PAD
    0x080005e4   0x080005e4   0x00000040   Code   RO         1986    i.HAL_NVIC_SetPriority  stm32f4xx_hal_cortex.o
    0x08000624   0x08000624   0x00000024   Code   RO         1987    i.HAL_NVIC_SetPriorityGrouping  stm32f4xx_hal_cortex.o
    0x08000648   0x08000648   0x00000002   Code   RO          895    i.HAL_PCDEx_LPM_Callback  stm32f4xx_hal_pcd_ex.o
    0x0800064a   0x0800064a   0x00000008   Code   RO          896    i.HAL_PCDEx_SetRxFiFo  stm32f4xx_hal_pcd_ex.o
    0x08000652   0x08000652   0x00000044   Code   RO          897    i.HAL_PCDEx_SetTxFiFo  stm32f4xx_hal_pcd_ex.o
    0x08000696   0x08000696   0x00000008   Code   RO          473    i.HAL_PCD_ConnectCallback  usbd_conf.o
    0x0800069e   0x0800069e   0x00000012   Code   RO          474    i.HAL_PCD_DataInStageCallback  usbd_conf.o
    0x080006b0   0x080006b0   0x00000014   Code   RO          475    i.HAL_PCD_DataOutStageCallback  usbd_conf.o
    0x080006c4   0x080006c4   0x00000008   Code   RO          476    i.HAL_PCD_DisconnectCallback  usbd_conf.o
    0x080006cc   0x080006cc   0x0000004c   Code   RO          677    i.HAL_PCD_EP_Close  stm32f4xx_hal_pcd.o
    0x08000718   0x08000718   0x0000005c   Code   RO          678    i.HAL_PCD_EP_ClrStall  stm32f4xx_hal_pcd.o
    0x08000774   0x08000774   0x00000034   Code   RO          679    i.HAL_PCD_EP_Flush  stm32f4xx_hal_pcd.o
    0x080007a8   0x080007a8   0x00000012   Code   RO          680    i.HAL_PCD_EP_GetRxCount  stm32f4xx_hal_pcd.o
    0x080007ba   0x080007ba   0x00000060   Code   RO          681    i.HAL_PCD_EP_Open   stm32f4xx_hal_pcd.o
    0x0800081a   0x0800081a   0x00000048   Code   RO          682    i.HAL_PCD_EP_Receive  stm32f4xx_hal_pcd.o
    0x08000862   0x08000862   0x00000074   Code   RO          683    i.HAL_PCD_EP_SetStall  stm32f4xx_hal_pcd.o
    0x080008d6   0x080008d6   0x00000040   Code   RO          684    i.HAL_PCD_EP_Transmit  stm32f4xx_hal_pcd.o
    0x08000916   0x08000916   0x00000002   PAD
    0x08000918   0x08000918   0x00000434   Code   RO          686    i.HAL_PCD_IRQHandler  stm32f4xx_hal_pcd.o
    0x08000d4c   0x08000d4c   0x00000008   Code   RO          477    i.HAL_PCD_ISOINIncompleteCallback  usbd_conf.o
    0x08000d54   0x08000d54   0x00000008   Code   RO          478    i.HAL_PCD_ISOOUTIncompleteCallback  usbd_conf.o
    0x08000d5c   0x08000d5c   0x000000e2   Code   RO          689    i.HAL_PCD_Init      stm32f4xx_hal_pcd.o
    0x08000e3e   0x08000e3e   0x00000002   PAD
    0x08000e40   0x08000e40   0x00000084   Code   RO          480    i.HAL_PCD_MspInit   usbd_conf.o
    0x08000ec4   0x08000ec4   0x0000002c   Code   RO          481    i.HAL_PCD_ResetCallback  usbd_conf.o
    0x08000ef0   0x08000ef0   0x00000008   Code   RO          482    i.HAL_PCD_ResumeCallback  usbd_conf.o
    0x08000ef8   0x08000ef8   0x00000008   Code   RO          483    i.HAL_PCD_SOFCallback  usbd_conf.o
    0x08000f00   0x08000f00   0x00000028   Code   RO          695    i.HAL_PCD_SetAddress  stm32f4xx_hal_pcd.o
    0x08000f28   0x08000f28   0x0000000e   Code   RO          484    i.HAL_PCD_SetupStageCallback  usbd_conf.o
    0x08000f36   0x08000f36   0x00000042   Code   RO          697    i.HAL_PCD_Start     stm32f4xx_hal_pcd.o
    0x08000f78   0x08000f78   0x00000030   Code   RO          485    i.HAL_PCD_SuspendCallback  usbd_conf.o
    0x08000fa8   0x08000fa8   0x00000134   Code   RO         1237    i.HAL_RCC_ClockConfig  stm32f4xx_hal_rcc.o
    0x080010dc   0x080010dc   0x0000000c   Code   RO         1242    i.HAL_RCC_GetHCLKFreq  stm32f4xx_hal_rcc.o
    0x080010e8   0x080010e8   0x00000060   Code   RO         1246    i.HAL_RCC_GetSysClockFreq  stm32f4xx_hal_rcc.o
    0x08001148   0x08001148   0x0000035c   Code   RO         1249    i.HAL_RCC_OscConfig  stm32f4xx_hal_rcc.o
    0x080014a4   0x080014a4   0x00000028   Code   RO         1991    i.HAL_SYSTICK_Config  stm32f4xx_hal_cortex.o
    0x080014cc   0x080014cc   0x00000002   Code   RO          167    i.HardFault_Handler  stm32f4xx_it.o
    0x080014ce   0x080014ce   0x00000002   PAD
    0x080014d0   0x080014d0   0x00000038   Code   RO          325    i.IntToUnicode      usbd_desc.o
    0x08001508   0x08001508   0x00000044   Code   RO         2798    i.MSC_BOT_Abort     usbd_msc_bot.o
    0x0800154c   0x0800154c   0x000000cc   Code   RO         2799    i.MSC_BOT_CBW_Decode  usbd_msc_bot.o
    0x08001618   0x08001618   0x00000038   Code   RO         2800    i.MSC_BOT_CplClrFeature  usbd_msc_bot.o
    0x08001650   0x08001650   0x0000003a   Code   RO         2801    i.MSC_BOT_DataIn    usbd_msc_bot.o
    0x0800168a   0x0800168a   0x0000003a   Code   RO         2802    i.MSC_BOT_DataOut   usbd_msc_bot.o
    0x080016c4   0x080016c4   0x0000000a   Code   RO         2803    i.MSC_BOT_DeInit    usbd_msc_bot.o
    0x080016ce   0x080016ce   0x00000046   Code   RO         2804    i.MSC_BOT_Init      usbd_msc_bot.o
    0x08001714   0x08001714   0x00000032   Code   RO         2805    i.MSC_BOT_Reset     usbd_msc_bot.o
    0x08001746   0x08001746   0x00000002   PAD
    0x08001748   0x08001748   0x0000003c   Code   RO         2806    i.MSC_BOT_SendCSW   usbd_msc_bot.o
    0x08001784   0x08001784   0x00000054   Code   RO          271    i.MX_USB_DEVICE_Init  usb_device.o
    0x080017d8   0x080017d8   0x00000002   Code   RO          168    i.MemManage_Handler  stm32f4xx_it.o
    0x080017da   0x080017da   0x00000002   Code   RO          169    i.NMI_Handler       stm32f4xx_it.o
    0x080017dc   0x080017dc   0x0000000c   Code   RO          170    i.OTG_FS_IRQHandler  stm32f4xx_it.o
    0x080017e8   0x080017e8   0x000000cc   Code   RO          701    i.PCD_EP_OutXfrComplete_int  stm32f4xx_hal_pcd.o
    0x080018b4   0x080018b4   0x000000a2   Code   RO          702    i.PCD_WriteEmptyTxFifo  stm32f4xx_hal_pcd.o
    0x08001956   0x08001956   0x00000002   Code   RO          171    i.PendSV_Handler    stm32f4xx_it.o
    0x08001958   0x08001958   0x00000022   Code   RO         2895    i.SCSI_CheckAddressRange  usbd_msc_scsi.o
    0x0800197a   0x0800197a   0x00000002   PAD
    0x0800197c   0x0800197c   0x00000074   Code   RO         2896    i.SCSI_Inquiry      usbd_msc_scsi.o
    0x080019f0   0x080019f0   0x000001a0   Code   RO         2897    i.SCSI_ProcessCmd   usbd_msc_scsi.o
    0x08001b90   0x08001b90   0x00000096   Code   RO         2898    i.SCSI_ProcessRead  usbd_msc_scsi.o
    0x08001c26   0x08001c26   0x000000a2   Code   RO         2899    i.SCSI_ProcessWrite  usbd_msc_scsi.o
    0x08001cc8   0x08001cc8   0x000000a8   Code   RO         2900    i.SCSI_Read10       usbd_msc_scsi.o
    0x08001d70   0x08001d70   0x000000ae   Code   RO         2901    i.SCSI_Read12       usbd_msc_scsi.o
    0x08001e1e   0x08001e1e   0x0000005e   Code   RO         2902    i.SCSI_ReadCapacity10  usbd_msc_scsi.o
    0x08001e7c   0x08001e7c   0x00000092   Code   RO         2903    i.SCSI_ReadCapacity16  usbd_msc_scsi.o
    0x08001f0e   0x08001f0e   0x0000006e   Code   RO         2904    i.SCSI_ReadFormatCapacity  usbd_msc_scsi.o
    0x08001f7c   0x08001f7c   0x0000007a   Code   RO         2905    i.SCSI_RequestSense  usbd_msc_scsi.o
    0x08001ff6   0x08001ff6   0x00000040   Code   RO         2906    i.SCSI_SenseCode    usbd_msc_scsi.o
    0x08002036   0x08002036   0x00000018   Code   RO         2907    i.SCSI_UpdateBotData  usbd_msc_scsi.o
    0x0800204e   0x0800204e   0x000000c4   Code   RO         2908    i.SCSI_Write10      usbd_msc_scsi.o
    0x08002112   0x08002112   0x000000d0   Code   RO         2909    i.SCSI_Write12      usbd_msc_scsi.o
    0x080021e2   0x080021e2   0x0000000e   Code   RO          411    i.STORAGE_GetCapacity_FS  usbd_storage_if.o
    0x080021f0   0x080021f0   0x00000004   Code   RO          412    i.STORAGE_GetMaxLun_FS  usbd_storage_if.o
    0x080021f4   0x080021f4   0x00000004   Code   RO          413    i.STORAGE_Init_FS   usbd_storage_if.o
    0x080021f8   0x080021f8   0x00000004   Code   RO          414    i.STORAGE_IsReady_FS  usbd_storage_if.o
    0x080021fc   0x080021fc   0x00000004   Code   RO          415    i.STORAGE_IsWriteProtected_FS  usbd_storage_if.o
    0x08002200   0x08002200   0x00000018   Code   RO          416    i.STORAGE_Read_FS   usbd_storage_if.o
    0x08002218   0x08002218   0x00000018   Code   RO          417    i.STORAGE_Write_FS  usbd_storage_if.o
    0x08002230   0x08002230   0x00000002   Code   RO          172    i.SVC_Handler       stm32f4xx_it.o
    0x08002232   0x08002232   0x0000000a   Code   RO         2580    i.SWAPBYTE          usbd_ctlreq.o
    0x0800223c   0x0800223c   0x00000004   Code   RO          173    i.SysTick_Handler   stm32f4xx_it.o
    0x08002240   0x08002240   0x00000094   Code   RO           14    i.SystemClock_Config  main.o
    0x080022d4   0x080022d4   0x0000001c   Code   RO         2405    i.SystemInit        system_stm32f4xx.o
    0x080022f0   0x080022f0   0x00000010   Code   RO         2442    i.USBD_ClrClassConfig  usbd_core.o
    0x08002300   0x08002300   0x00000010   Code   RO         2653    i.USBD_CtlContinueRx  usbd_ioreq.o
    0x08002310   0x08002310   0x00000010   Code   RO         2654    i.USBD_CtlContinueSendData  usbd_ioreq.o
    0x08002320   0x08002320   0x00000016   Code   RO         2581    i.USBD_CtlError     usbd_ctlreq.o
    0x08002336   0x08002336   0x00000016   Code   RO         2656    i.USBD_CtlReceiveStatus  usbd_ioreq.o
    0x0800234c   0x0800234c   0x0000001a   Code   RO         2657    i.USBD_CtlSendData  usbd_ioreq.o
    0x08002366   0x08002366   0x00000016   Code   RO         2658    i.USBD_CtlSendStatus  usbd_ioreq.o
    0x0800237c   0x0800237c   0x00000020   Code   RO          326    i.USBD_FS_ConfigStrDescriptor  usbd_desc.o
    0x0800239c   0x0800239c   0x0000000c   Code   RO          327    i.USBD_FS_DeviceDescriptor  usbd_desc.o
    0x080023a8   0x080023a8   0x00000024   Code   RO          328    i.USBD_FS_InterfaceStrDescriptor  usbd_desc.o
    0x080023cc   0x080023cc   0x0000000c   Code   RO          329    i.USBD_FS_LangIDStrDescriptor  usbd_desc.o
    0x080023d8   0x080023d8   0x00000028   Code   RO          330    i.USBD_FS_ManufacturerStrDescriptor  usbd_desc.o
    0x08002400   0x08002400   0x00000028   Code   RO          331    i.USBD_FS_ProductStrDescriptor  usbd_desc.o
    0x08002428   0x08002428   0x00000038   Code   RO          332    i.USBD_FS_SerialStrDescriptor  usbd_desc.o
    0x08002460   0x08002460   0x000000e6   Code   RO         2582    i.USBD_GetDescriptor  usbd_ctlreq.o
    0x08002546   0x08002546   0x00000048   Code   RO         2583    i.USBD_GetString    usbd_ctlreq.o
    0x0800258e   0x0800258e   0x00000018   Code   RO          486    i.USBD_Get_USB_Status  usbd_conf.o
    0x080025a6   0x080025a6   0x00000034   Code   RO         2444    i.USBD_Init         usbd_core.o
    0x080025da   0x080025da   0x00000012   Code   RO          487    i.USBD_LL_ClearStallEP  usbd_conf.o
    0x080025ec   0x080025ec   0x00000012   Code   RO          488    i.USBD_LL_CloseEP   usbd_conf.o
    0x080025fe   0x080025fe   0x000000aa   Code   RO         2445    i.USBD_LL_DataInStage  usbd_core.o
    0x080026a8   0x080026a8   0x0000006e   Code   RO         2446    i.USBD_LL_DataOutStage  usbd_core.o
    0x08002716   0x08002716   0x00000004   Code   RO         2447    i.USBD_LL_DevConnected  usbd_core.o
    0x0800271a   0x0800271a   0x00000018   Code   RO         2448    i.USBD_LL_DevDisconnected  usbd_core.o
    0x08002732   0x08002732   0x00000012   Code   RO          491    i.USBD_LL_FlushEP   usbd_conf.o
    0x08002744   0x08002744   0x00000008   Code   RO          492    i.USBD_LL_GetRxDataSize  usbd_conf.o
    0x0800274c   0x0800274c   0x00000060   Code   RO          493    i.USBD_LL_Init      usbd_conf.o
    0x080027ac   0x080027ac   0x00000020   Code   RO          494    i.USBD_LL_IsStallEP  usbd_conf.o
    0x080027cc   0x080027cc   0x00000004   Code   RO         2449    i.USBD_LL_IsoINIncomplete  usbd_core.o
    0x080027d0   0x080027d0   0x00000004   Code   RO         2450    i.USBD_LL_IsoOUTIncomplete  usbd_core.o
    0x080027d4   0x080027d4   0x00000018   Code   RO          495    i.USBD_LL_OpenEP    usbd_conf.o
    0x080027ec   0x080027ec   0x00000012   Code   RO          496    i.USBD_LL_PrepareReceive  usbd_conf.o
    0x080027fe   0x080027fe   0x00000052   Code   RO         2451    i.USBD_LL_Reset     usbd_core.o
    0x08002850   0x08002850   0x00000014   Code   RO         2452    i.USBD_LL_Resume    usbd_core.o
    0x08002864   0x08002864   0x00000018   Code   RO         2453    i.USBD_LL_SOF       usbd_core.o
    0x0800287c   0x0800287c   0x00000006   Code   RO         2454    i.USBD_LL_SetSpeed  usbd_core.o
    0x08002882   0x08002882   0x00000012   Code   RO          497    i.USBD_LL_SetUSBAddress  usbd_conf.o
    0x08002894   0x08002894   0x00000060   Code   RO         2455    i.USBD_LL_SetupStage  usbd_core.o
    0x080028f4   0x080028f4   0x00000012   Code   RO          498    i.USBD_LL_StallEP   usbd_conf.o
    0x08002906   0x08002906   0x00000012   Code   RO          499    i.USBD_LL_Start     usbd_conf.o
    0x08002918   0x08002918   0x00000012   Code   RO         2456    i.USBD_LL_Suspend   usbd_core.o
    0x0800292a   0x0800292a   0x00000012   Code   RO          501    i.USBD_LL_Transmit  usbd_conf.o
    0x0800293c   0x0800293c   0x0000000a   Code   RO         2713    i.USBD_MSC_DataIn   usbd_msc.o
    0x08002946   0x08002946   0x0000000a   Code   RO         2714    i.USBD_MSC_DataOut  usbd_msc.o
    0x08002950   0x08002950   0x00000032   Code   RO         2715    i.USBD_MSC_DeInit   usbd_msc.o
    0x08002982   0x08002982   0x00000002   PAD
    0x08002984   0x08002984   0x0000000c   Code   RO         2716    i.USBD_MSC_GetDeviceQualifierDescriptor  usbd_msc.o
    0x08002990   0x08002990   0x0000000c   Code   RO         2717    i.USBD_MSC_GetFSCfgDesc  usbd_msc.o
    0x0800299c   0x0800299c   0x0000000c   Code   RO         2718    i.USBD_MSC_GetHSCfgDesc  usbd_msc.o
    0x080029a8   0x080029a8   0x0000000c   Code   RO         2719    i.USBD_MSC_GetOtherSpeedCfgDesc  usbd_msc.o
    0x080029b4   0x080029b4   0x00000062   Code   RO         2720    i.USBD_MSC_Init     usbd_msc.o
    0x08002a16   0x08002a16   0x0000000e   Code   RO         2721    i.USBD_MSC_RegisterStorage  usbd_msc.o
    0x08002a24   0x08002a24   0x000000cc   Code   RO         2722    i.USBD_MSC_Setup    usbd_msc.o
    0x08002af0   0x08002af0   0x0000002c   Code   RO         2584    i.USBD_ParseSetupRequest  usbd_ctlreq.o
    0x08002b1c   0x08002b1c   0x00000022   Code   RO         2457    i.USBD_RegisterClass  usbd_core.o
    0x08002b3e   0x08002b3e   0x00000014   Code   RO         2459    i.USBD_SetClassConfig  usbd_core.o
    0x08002b52   0x08002b52   0x00000002   PAD
    0x08002b54   0x08002b54   0x000000bc   Code   RO         2585    i.USBD_SetConfig    usbd_ctlreq.o
    0x08002c10   0x08002c10   0x00000004   Code   RO         2460    i.USBD_Start        usbd_core.o
    0x08002c14   0x08002c14   0x00000114   Code   RO         2586    i.USBD_StdDevReq    usbd_ctlreq.o
    0x08002d28   0x08002d28   0x0000014c   Code   RO         2587    i.USBD_StdEPReq     usbd_ctlreq.o
    0x08002e74   0x08002e74   0x00000052   Code   RO         2588    i.USBD_StdItfReq    usbd_ctlreq.o
    0x08002ec6   0x08002ec6   0x00000002   PAD
    0x08002ec8   0x08002ec8   0x00000080   Code   RO          937    i.USB_ActivateEndpoint  stm32f4xx_ll_usb.o
    0x08002f48   0x08002f48   0x0000001c   Code   RO          939    i.USB_ActivateSetup  stm32f4xx_ll_usb.o
    0x08002f64   0x08002f64   0x00000074   Code   RO          941    i.USB_CoreInit      stm32f4xx_ll_usb.o
    0x08002fd8   0x08002fd8   0x00000038   Code   RO          942    i.USB_CoreReset     stm32f4xx_ll_usb.o
    0x08003010   0x08003010   0x000000cc   Code   RO          945    i.USB_DeactivateEndpoint  stm32f4xx_ll_usb.o
    0x080030dc   0x080030dc   0x0000001c   Code   RO          946    i.USB_DevConnect    stm32f4xx_ll_usb.o
    0x080030f8   0x080030f8   0x0000001c   Code   RO          947    i.USB_DevDisconnect  stm32f4xx_ll_usb.o
    0x08003114   0x08003114   0x00000174   Code   RO          948    i.USB_DevInit       stm32f4xx_ll_usb.o
    0x08003288   0x08003288   0x0000000c   Code   RO          949    i.USB_DisableGlobalInt  stm32f4xx_ll_usb.o
    0x08003294   0x08003294   0x00000118   Code   RO          952    i.USB_EP0StartXfer  stm32f4xx_ll_usb.o
    0x080033ac   0x080033ac   0x00000058   Code   RO          953    i.USB_EP0_OutStart  stm32f4xx_ll_usb.o
    0x08003404   0x08003404   0x00000058   Code   RO          954    i.USB_EPClearStall  stm32f4xx_ll_usb.o
    0x0800345c   0x0800345c   0x00000058   Code   RO          955    i.USB_EPSetStall    stm32f4xx_ll_usb.o
    0x080034b4   0x080034b4   0x000001e8   Code   RO          956    i.USB_EPStartXfer   stm32f4xx_ll_usb.o
    0x0800369c   0x0800369c   0x0000000c   Code   RO          957    i.USB_EnableGlobalInt  stm32f4xx_ll_usb.o
    0x080036a8   0x080036a8   0x00000020   Code   RO          958    i.USB_FlushRxFifo   stm32f4xx_ll_usb.o
    0x080036c8   0x080036c8   0x00000024   Code   RO          959    i.USB_FlushTxFifo   stm32f4xx_ll_usb.o
    0x080036ec   0x080036ec   0x0000001a   Code   RO          961    i.USB_GetDevSpeed   stm32f4xx_ll_usb.o
    0x08003706   0x08003706   0x00000008   Code   RO          963    i.USB_GetMode       stm32f4xx_ll_usb.o
    0x0800370e   0x0800370e   0x0000000e   Code   RO          970    i.USB_ReadDevAllInEpInterrupt  stm32f4xx_ll_usb.o
    0x0800371c   0x0800371c   0x0000000e   Code   RO          971    i.USB_ReadDevAllOutEpInterrupt  stm32f4xx_ll_usb.o
    0x0800372a   0x0800372a   0x00000024   Code   RO          972    i.USB_ReadDevInEPInterrupt  stm32f4xx_ll_usb.o
    0x0800374e   0x0800374e   0x00000010   Code   RO          973    i.USB_ReadDevOutEPInterrupt  stm32f4xx_ll_usb.o
    0x0800375e   0x0800375e   0x00000008   Code   RO          974    i.USB_ReadInterrupts  stm32f4xx_ll_usb.o
    0x08003766   0x08003766   0x0000001c   Code   RO          975    i.USB_ReadPacket    stm32f4xx_ll_usb.o
    0x08003782   0x08003782   0x0000002e   Code   RO          977    i.USB_SetCurrentMode  stm32f4xx_ll_usb.o
    0x080037b0   0x080037b0   0x00000022   Code   RO          978    i.USB_SetDevAddress  stm32f4xx_ll_usb.o
    0x080037d2   0x080037d2   0x00000002   PAD
    0x080037d4   0x080037d4   0x000000e8   Code   RO          980    i.USB_SetTurnaroundTime  stm32f4xx_ll_usb.o
    0x080038bc   0x080038bc   0x00000024   Code   RO          983    i.USB_WritePacket   stm32f4xx_ll_usb.o
    0x080038e0   0x080038e0   0x00000002   Code   RO          174    i.UsageFault_Handler  stm32f4xx_it.o
    0x080038e2   0x080038e2   0x00000020   Code   RO         1993    i.__NVIC_SetPriority  stm32f4xx_hal_cortex.o
    0x08003902   0x08003902   0x0000000e   Code   RO         3054    i.__scatterload_copy  mc_w.l(handlers.o)
    0x08003910   0x08003910   0x00000002   Code   RO         3055    i.__scatterload_null  mc_w.l(handlers.o)
    0x08003912   0x08003912   0x0000000e   Code   RO         3056    i.__scatterload_zeroinit  mc_w.l(handlers.o)
    0x08003920   0x08003920   0x00000050   Code   RO         3002    i.free              mc_w.l(malloc.o)
    0x08003970   0x08003970   0x00000038   Code   RO           15    i.main              main.o
    0x080039a8   0x080039a8   0x0000006c   Code   RO         3003    i.malloc            mc_w.l(malloc.o)
    0x08003a14   0x08003a14   0x00000024   Data   RO          419    .constdata          usbd_storage_if.o
    0x08003a38   0x08003a38   0x00000010   Data   RO         2406    .constdata          system_stm32f4xx.o
    0x08003a48   0x08003a48   0x00000030   Data   RO         3052    Region$$Table       anon$$obj.o


    Execution Region RW_IRAM2 (Exec base: 0x10000000, Load base: 0x08003a78, Size: 0x00001048, Max: 0x00010000, ABSOLUTE, COMPRESSED[0x000000b8])

    Exec Addr    Load Addr    Size         Type   Attr      Idx    E Section Name        Object

    0x10000000   COMPRESSED   0x0000001c   Data   RW          334    .data               usbd_desc.o
    0x1000001c   COMPRESSED   0x00000032   Data   RW          335    .data               usbd_desc.o
    0x1000004e   COMPRESSED   0x00000002   PAD
    0x10000050   COMPRESSED   0x00000020   Data   RW          420    .data               usbd_storage_if.o
    0x10000070   COMPRESSED   0x0000000c   Data   RW         2137    .data               stm32f4xx_hal.o
    0x1000007c   COMPRESSED   0x00000004   Data   RW         2408    .data               system_stm32f4xx.o
    0x10000080   COMPRESSED   0x00000001   Data   RW         2589    .data               usbd_ctlreq.o
    0x10000081   COMPRESSED   0x00000003   PAD
    0x10000084   COMPRESSED   0x00000038   Data   RW         2723    .data               usbd_msc.o
    0x100000bc   COMPRESSED   0x0000006a   Data   RW         2724    .data               usbd_msc.o
    0x10000126   COMPRESSED   0x00000006   Data   RW         2868    .data               usbd_msc_data.o
    0x1000012c   COMPRESSED   0x00000008   Data   RW         2869    .data               usbd_msc_data.o
    0x10000134   COMPRESSED   0x00000017   Data   RW         2870    .data               usbd_msc_data.o
    0x1000014b   COMPRESSED   0x0000001b   Data   RW         2871    .data               usbd_msc_data.o
    0x10000166   COMPRESSED   0x00000002   PAD
    0x10000168   COMPRESSED   0x00000004   Data   RW         3048    .data               mc_w.l(mvars.o)
    0x1000016c   COMPRESSED   0x00000004   Data   RW         3049    .data               mc_w.l(mvars.o)
    0x10000170        -       0x000002d0   Zero   RW          272    .bss                usb_device.o
    0x10000440        -       0x00000200   Zero   RW          333    .bss                usbd_desc.o
    0x10000640        -       0x00000408   Zero   RW          502    .bss                usbd_conf.o
    0x10000a48        -       0x00000200   Zero   RW            2    HEAP                startup_stm32f407xx.o
    0x10000c48        -       0x00000400   Zero   RW            1    STACK               startup_stm32f407xx.o


    Execution Region RW_IRAM1 (Exec base: 0x20000000, Load base: 0x08003a78, Size: 0x00019000, Max: 0x00020000, ABSOLUTE)

    Exec Addr    Load Addr    Size         Type   Attr      Idx    E Section Name        Object

    0x20000000        -       0x00019000   Zero   RW          418    .bss                usbd_storage_if.o


==============================================================================

Image component sizes


      Code (inc. data)   RO Data    RW Data    ZI Data      Debug   Object Name

       208         14          0          0          0     647712   main.o
        36          8        392          0       1536        872   startup_stm32f407xx.o
       180         28          0         12          0       9697   stm32f4xx_hal.o
       198         14          0          0          0      34163   stm32f4xx_hal_cortex.o
       440         46          0          0          0       1808   stm32f4xx_hal_gpio.o
        48          6          0          0          0        926   stm32f4xx_hal_msp.o
      2360         14          0          0          0      14048   stm32f4xx_hal_pcd.o
        78          0          0          0          0       2545   stm32f4xx_hal_pcd_ex.o
      1276         54          0          0          0       4698   stm32f4xx_hal_rcc.o
        32          6          0          0          0       4994   stm32f4xx_it.o
      2582        132          0          0          0      23791   stm32f4xx_ll_usb.o
        28          6         16          4          0       1263   system_stm32f4xx.o
        84         18          0          0        720       5719   usb_device.o
       652         20          0          0       1032      17318   usbd_conf.o
       688          0          0          0          0      13045   usbd_core.o
      1256         30          0          1          0      14424   usbd_ctlreq.o
       284        100          0         78        512       6541   usbd_desc.o
       102          0          0          0          0       4020   usbd_ioreq.o
       434         16          0        162          0       9834   usbd_msc.o
       634         12          0          0          0       7833   usbd_msc_bot.o
         0          0          0         64          0       1005   usbd_msc_data.o
      2184         20          0          0          0      16943   usbd_msc_scsi.o
        78          8         36         32     102400       4930   usbd_storage_if.o

    ----------------------------------------------------------------------
     13884        552        492        360     106200     848129   Object Totals
         0          0         48          0          0          0   (incl. Generated)
        22          0          0          7          0          0   (incl. Padding)

    ----------------------------------------------------------------------

      Code (inc. data)   RO Data    RW Data    ZI Data      Debug   Library Member Name

        86          0          0          0          0          0   __dczerorl2.o
         0          0          0          0          0          0   entry.o
         0          0          0          0          0          0   entry10a.o
         0          0          0          0          0          0   entry11a.o
         8          4          0          0          0          0   entry2.o
         4          0          0          0          0          0   entry5.o
         0          0          0          0          0          0   entry7b.o
         0          0          0          0          0          0   entry8b.o
         8          4          0          0          0          0   entry9a.o
        30          0          0          0          0          0   handlers.o
        36          8          0          0          0         68   init.o
        30          0          0          0          0         68   llshl.o
        32          0          0          0          0         68   llushr.o
       188         20          0          0          0        160   malloc.o
        36          0          0          0          0         68   memcpya.o
        36          0          0          0          0        108   memseta.o
         0          0          0          8          0          0   mvars.o
        98          0          0          0          0         92   uldiv.o

    ----------------------------------------------------------------------
       592         36          0          8          0        632   Library Totals
         0          0          0          0          0          0   (incl. Padding)

    ----------------------------------------------------------------------

      Code (inc. data)   RO Data    RW Data    ZI Data      Debug   Library Name

       592         36          0          8          0        632   mc_w.l

    ----------------------------------------------------------------------
       592         36          0          8          0        632   Library Totals

    ----------------------------------------------------------------------

==============================================================================


      Code (inc. data)   RO Data    RW Data    ZI Data      Debug   

     14476        588        492        368     106200     831385   Grand Totals
     14476        588        492        184     106200     831385   ELF Image Totals (compressed)
     14476        588        492        184          0          0   ROM Totals

==============================================================================

    Total RO  Size (Code + RO Data)                14968 (  14.62kB)
    Total RW  Size (RW Data + ZI Data)            106568 ( 104.07kB)
    Total ROM Size (Code + RO Data + RW Data)      15152 (  14.80kB)

==============================================================================

